Archive member included to satisfy reference by file (symbol)

app/libapp.a(main.c.obj)      (--whole-archive)
app/libapp.a(led_key_logic.c.obj)
                              (--whole-archive)
app/libapp.a(uart_logic.c.obj)
                              (--whole-archive)
zephyr/libzephyr.a(cbprintf_packaged.c.obj)
                              (--whole-archive)
zephyr/libzephyr.a(dec.c.obj)
                              (--whole-archive)
zephyr/libzephyr.a(fdtable.c.obj)
                              (--whole-archive)
zephyr/libzephyr.a(hex.c.obj)
                              (--whole-archive)
zephyr/libzephyr.a(printk.c.obj)
                              (--whole-archive)
zephyr/libzephyr.a(rb.c.obj)  (--whole-archive)
zephyr/libzephyr.a(sem.c.obj)
                              (--whole-archive)
zephyr/libzephyr.a(thread_entry.c.obj)
                              (--whole-archive)
zephyr/libzephyr.a(timeutil.c.obj)
                              (--whole-archive)
zephyr/libzephyr.a(heap.c.obj)
                              (--whole-archive)
zephyr/libzephyr.a(heap-validate.c.obj)
                              (--whole-archive)
zephyr/libzephyr.a(bitarray.c.obj)
                              (--whole-archive)
zephyr/libzephyr.a(multi_heap.c.obj)
                              (--whole-archive)
zephyr/libzephyr.a(onoff.c.obj)
                              (--whole-archive)
zephyr/libzephyr.a(notify.c.obj)
                              (--whole-archive)
zephyr/libzephyr.a(crc32c_sw.c.obj)
                              (--whole-archive)
zephyr/libzephyr.a(crc32_sw.c.obj)
                              (--whole-archive)
zephyr/libzephyr.a(crc16_sw.c.obj)
                              (--whole-archive)
zephyr/libzephyr.a(crc8_sw.c.obj)
                              (--whole-archive)
zephyr/libzephyr.a(crc7_sw.c.obj)
                              (--whole-archive)
zephyr/libzephyr.a(cbprintf_complete.c.obj)
                              (--whole-archive)
zephyr/libzephyr.a(cbprintf.c.obj)
                              (--whole-archive)
zephyr/libzephyr.a(assert.c.obj)
                              (--whole-archive)
zephyr/libzephyr.a(reboot.c.obj)
                              (--whole-archive)
zephyr/libzephyr.a(configs.c.obj)
                              (--whole-archive)
zephyr/libzephyr.a(soc.c.obj)
                              (--whole-archive)
zephyr/libzephyr.a(power.c.obj)
                              (--whole-archive)
zephyr/libzephyr.a(soc_nrf_common.S.obj)
                              (--whole-archive)
zephyr/libzephyr.a(validate_base_addresses.c.obj)
                              (--whole-archive)
zephyr/libzephyr.a(validate_enabled_instances.c.obj)
                              (--whole-archive)
zephyr/libzephyr.a(thread_info.c.obj)
                              (--whole-archive)
zephyr/libzephyr.a(pm.c.obj)  (--whole-archive)
zephyr/libzephyr.a(policy.c.obj)
                              (--whole-archive)
zephyr/libzephyr.a(state.c.obj)
                              (--whole-archive)
zephyr/libzephyr.a(tracing_none.c.obj)
                              (--whole-archive)
zephyr/libzephyr.a(nrf_cc3xx_platform_abort_zephyr.c.obj)
                              (--whole-archive)
zephyr/libzephyr.a(nrf_cc3xx_platform_mutex_zephyr.c.obj)
                              (--whole-archive)
zephyr/arch/common/libarch__common.a(sw_isr_common.c.obj)
                              (--whole-archive)
zephyr/arch/arch/arm/core/aarch32/libarch__arm__core__aarch32.a(cpu_idle.S.obj)
                              (--whole-archive)
zephyr/arch/arch/arm/core/aarch32/libarch__arm__core__aarch32.a(fatal.c.obj)
                              (--whole-archive)
zephyr/arch/arch/arm/core/aarch32/libarch__arm__core__aarch32.a(irq_manage.c.obj)
                              (--whole-archive)
zephyr/arch/arch/arm/core/aarch32/libarch__arm__core__aarch32.a(nmi.c.obj)
                              (--whole-archive)
zephyr/arch/arch/arm/core/aarch32/libarch__arm__core__aarch32.a(nmi_on_reset.S.obj)
                              (--whole-archive)
zephyr/arch/arch/arm/core/aarch32/libarch__arm__core__aarch32.a(prep_c.c.obj)
                              (--whole-archive)
zephyr/arch/arch/arm/core/aarch32/libarch__arm__core__aarch32.a(swap.c.obj)
                              (--whole-archive)
zephyr/arch/arch/arm/core/aarch32/libarch__arm__core__aarch32.a(swap_helper.S.obj)
                              (--whole-archive)
zephyr/arch/arch/arm/core/aarch32/libarch__arm__core__aarch32.a(thread.c.obj)
                              (--whole-archive)
zephyr/arch/arch/arm/core/aarch32/libarch__arm__core__aarch32.a(isr_wrapper.S.obj)
                              (--whole-archive)
zephyr/arch/arch/arm/core/aarch32/cortex_m/libarch__arm__core__aarch32__cortex_m.a(exc_exit.S.obj)
                              (--whole-archive)
zephyr/arch/arch/arm/core/aarch32/cortex_m/libarch__arm__core__aarch32__cortex_m.a(fault.c.obj)
[...]
Memory Configuration

Name             Origin             Length             Attributes
FLASH            0x0000000000000000 0x0000000000100000 xr
RAM              0x0000000020000000 0x0000000000070000 xw
IDT_LIST         0x00000000fffff7ff 0x0000000000000800 xw
*default*        0x0000000000000000 0xffffffffffffffff

Linker script and memory map

LOAD zephyr/CMakeFiles/zephyr_final.dir/misc/empty_file.c.obj
LOAD zephyr/CMakeFiles/zephyr_final.dir/dev_handles.c.obj
LOAD zephyr/CMakeFiles/zephyr_final.dir/isr_tables.c.obj
                0x0000000000000020                _region_min_align = 0x20

.rel.plt        0x0000000000000000        0x0
 *(SORT_BY_ALIGNMENT(.rel.plt))
                [!provide]                        PROVIDE (__rel_iplt_start = .)
 *(SORT_BY_ALIGNMENT(.rel.iplt))
 .rel.iplt      0x0000000000000000        0x0 zephyr/CMakeFiles/zephyr_final.dir/isr_tables.c.obj
                [!provide]                        PROVIDE (__rel_iplt_end = .)

.rela.plt       0x0000000000000000        0x0
 *(SORT_BY_ALIGNMENT(.rela.plt))
                [!provide]                        PROVIDE (__rela_iplt_start = .)
 *(SORT_BY_ALIGNMENT(.rela.iplt))
                [!provide]                        PROVIDE (__rela_iplt_end = .)

.rel.dyn
 *(SORT_BY_ALIGNMENT(.rel.*))

.rela.dyn
 *(SORT_BY_ALIGNMENT(.rela.*))

/DISCARD/
 *(SORT_BY_ALIGNMENT(.plt))

/DISCARD/
 *(SORT_BY_ALIGNMENT(.iplt))
                0x0000000000000000                __rom_region_start = 0x0

rom_start       0x0000000000000000      0x154
                0x0000000000000000                . = 0x0
                0x0000000000000000                . = ALIGN (0x4)
                0x0000000000000000                . = ALIGN (0x80)
                0x0000000000000000                . = ALIGN (0x200)
                0x0000000000000000                _vector_start = .
 *(SORT_BY_ALIGNMENT(.exc_vector_table))
 *(SORT_BY_ALIGNMENT(.exc_vector_table.*))
 .exc_vector_table._vector_table_section
                0x0000000000000000       0x40 zephyr/arch/arch/arm/core/aarch32/cortex_m/libarch__arm__core__aarch32__cortex_m.a(vector_table.S.obj)
                0x0000000000000000                _vector_table
 *(SORT_BY_ALIGNMENT(.vectors))
                0x0000000000000154                _vector_end = .
                0x0000000000000040                . = ALIGN (0x4)
 *(SORT_BY_ALIGNMENT(.gnu.linkonce.irq_vector_table*))
 .gnu.linkonce.irq_vector_table
                0x0000000000000040      0x114 zephyr/CMakeFiles/zephyr_final.dir/isr_tables.c.obj
                0x0000000000000040                _irq_vector_table
                0x0000000000000154                _vector_end = .

text            0x0000000000000154     0x795c
                0x0000000000000154                __text_region_start = .
 *(SORT_BY_ALIGNMENT(.text))
 .text          0x0000000000000154       0x30 d:/software/ncs/toolchains/v2.3.0/opt/zephyr-sdk/arm-zephyr-eabi/bin/../lib/gcc/arm-zephyr-eabi/12.1.0/thumb/v8-m.main/nofp\libgcc.a(_aeabi_uldivmod.o)
                0x0000000000000154                __aeabi_uldivmod
 .text          0x0000000000000184        0x4 d:/software/ncs/toolchains/v2.3.0/opt/zephyr-sdk/arm-zephyr-eabi/bin/../lib/gcc/arm-zephyr-eabi/12.1.0/thumb/v8-m.main/nofp\libgcc.a(_dvmd_tls.o)
                0x0000000000000184                __aeabi_idiv0
                0x0000000000000184                __aeabi_ldiv0
 .text          0x0000000000000188      0x29c d:/software/ncs/toolchains/v2.3.0/opt/zephyr-sdk/arm-zephyr-eabi/bin/../lib/gcc/arm-zephyr-eabi/12.1.0/thumb/v8-m.main/nofp\libgcc.a(_udivmoddi4.o)
                0x0000000000000188                __udivmoddi4
 *(SORT_BY_ALIGNMENT(.text.*))
 .text.button_changed
                0x0000000000000424      0x10c app/libapp.a(led_key_logic.c.obj)
 .text.led_key_gpio_init
                0x0000000000000530       0x3c app/libapp.a(led_key_logic.c.obj)
                0x0000000000000530                led_key_gpio_init
 .text.serial_cb
                0x000000000000056c       0x78 app/libapp.a(uart_logic.c.obj)
 .text.print_uart
                0x00000000000005e4       0x24 app/libapp.a(uart_logic.c.obj)
 .text.uart_init
                0x0000000000000608       0x50 app/libapp.a(uart_logic.c.obj)
                0x0000000000000608                uart_init
 .text.uart_event_handle
                0x0000000000000658       0x3c app/libapp.a(uart_logic.c.obj)
                0x0000000000000658                uart_event_handle
 .text.char_out
                0x0000000000000694       0x10 zephyr/libzephyr.a(printk.c.obj)
 .text.__printk_hook_install
                0x00000000000006a4        0xc zephyr/libzephyr.a(printk.c.obj)
                0x00000000000006a4                __printk_hook_install
 .text.vprintk  0x00000000000006b0       0x1c zephyr/libzephyr.a(printk.c.obj)
                0x00000000000006b0                vprintk
 .text.process_event
                0x00000000000006cc      0x16c zephyr/libzephyr.a(onoff.c.obj)
 .text.extract_flags
                0x0000000000000838       0xc4 zephyr/libzephyr.a(cbprintf_complete.c.obj)
 .text.z_cbvprintf_impl
                0x00000000000008fc      0x598 zephyr/libzephyr.a(cbprintf_complete.c.obj)
                0x00000000000008fc                z_cbvprintf_impl
 .text.sys_reboot
                0x0000000000000e94       0x28 zephyr/libzephyr.a(reboot.c.obj)
                0x0000000000000e94                sys_reboot
 .text.nrfx_coredep_delay_us
                0x0000000000000ebc       0x2c zephyr/libzephyr.a(soc.c.obj)
 .text.nrf53_anomaly_160_workaround
                0x0000000000000ee8       0x4c zephyr/libzephyr.a(soc.c.obj)
 .text.nordicsemi_nrf53_init
                0x0000000000000f34       0x6c zephyr/libzephyr.a(soc.c.obj)
 .text.z_arm_on_enter_cpu_idle
                0x0000000000000fa0       0x90 zephyr/libzephyr.a(soc.c.obj)
                0x0000000000000fa0                z_arm_on_enter_cpu_idle
 .text.pm_state_set
                0x0000000000001030       0x14 zephyr/libzephyr.a(power.c.obj)
                0x0000000000001030                pm_state_set
 .text.z_arm_platform_init
                0x0000000000001044        0x4 zephyr/libzephyr.a(soc_nrf_common.S.obj)
                0x0000000000001044                z_arm_platform_init
 .text.pm_state_notify
                0x0000000000001048       0x5c zephyr/libzephyr.a(pm.c.obj)
 .text.pm_exit_pos_ops
                0x00000000000010a4       0x20 zephyr/libzephyr.a(pm.c.obj)
 .text.pm_system_resume
                0x00000000000010c4       0x48 zephyr/libzephyr.a(pm.c.obj)
                0x00000000000010c4                pm_system_resume
 .text.pm_system_suspend
                0x000000000000110c      0x104 zephyr/libzephyr.a(pm.c.obj)
                0x000000000000110c                pm_system_suspend
 .text.pm_policy_next_state
                0x0000000000001210       0x98 zephyr/libzephyr.a(policy.c.obj)
                0x0000000000001210                pm_policy_next_state
 .text.pm_state_cpu_get_all
                0x00000000000012a8       0x10 zephyr/libzephyr.a(state.c.obj)
                0x00000000000012a8                pm_state_cpu_get_all
 .text.nrf_cc3xx_platform_abort_init
                0x00000000000012b8       0x10 zephyr/libzephyr.a(nrf_cc3xx_platform_abort_zephyr.c.obj)
                0x00000000000012b8                nrf_cc3xx_platform_abort_init
 .text.mutex_flags_unknown
                0x00000000000012c8       0x50 zephyr/libzephyr.a(nrf_cc3xx_platform_mutex_zephyr.c.obj)
 .text.mutex_unlock_platform
                0x0000000000001318       0x6c zephyr/libzephyr.a(nrf_cc3xx_platform_mutex_zephyr.c.obj)
 .text.mutex_lock_platform
                0x0000000000001384       0x7c zephyr/libzephyr.a(nrf_cc3xx_platform_mutex_zephyr.c.obj)
 .text.mutex_free_platform
                0x0000000000001400       0x58 zephyr/libzephyr.a(nrf_cc3xx_platform_mutex_zephyr.c.obj)
 .text.mutex_init_platform
                0x0000000000001458       0x88 zephyr/libzephyr.a(nrf_cc3xx_platform_mutex_zephyr.c.obj)
 .text.nrf_cc3xx_platform_mutex_init
                0x00000000000014e0       0x28 zephyr/libzephyr.a(nrf_cc3xx_platform_mutex_zephyr.c.obj)
                0x00000000000014e0                nrf_cc3xx_platform_mutex_init
 .text.z_arm_cpu_idle_init
                0x0000000000001508        0xc zephyr/arch/arch/arm/core/aarch32/libarch__arm__core__aarch32.a(cpu_idle.S.obj)
                0x0000000000001508                z_arm_cpu_idle_init
 .text.arch_cpu_idle
                0x0000000000001514       0x28 zephyr/arch/arch/arm/core/aarch32/libarch__arm__core__aarch32.a(cpu_idle.S.obj)
                0x0000000000001514                arch_cpu_idle
 .text.arch_cpu_atomic_idle
                0x000000000000153c       0x24 zephyr/arch/arch/arm/core/aarch32/libarch__arm__core__aarch32.a(cpu_idle.S.obj)
                0x000000000000153c                arch_cpu_atomic_idle
 .text.__NVIC_EnableIRQ
                0x0000000000001560       0x1c zephyr/arch/arch/arm/core/aarch32/libarch__arm__core__aarch32.a(irq_manage.c.obj)
 .text.__NVIC_SetPriority
                0x000000000000157c       0x28 zephyr/arch/arch/arm/core/aarch32/libarch__arm__core__aarch32.a(irq_manage.c.obj)
 .text.arch_irq_is_enabled
                0x00000000000015a4       0x1c zephyr/arch/arch/arm/core/aarch32/libarch__arm__core__aarch32.a(irq_manage.c.obj)
                0x00000000000015a4                arch_irq_is_enabled
 .text.z_SysNmiOnReset
                0x00000000000015c0        0x8 zephyr/arch/arch/arm/core/aarch32/libarch__arm__core__aarch32.a(nmi_on_reset.S.obj)
                0x00000000000015c0                z_SysNmiOnReset
 .text.z_arm_prep_c
                0x00000000000015c8       0x38 zephyr/arch/arch/arm/core/aarch32/libarch__arm__core__aarch32.a(prep_c.c.obj)
                0x00000000000015c8                z_arm_prep_c
 .text.arch_swap
                0x0000000000001600       0x38 zephyr/arch/arch/arm/core/aarch32/libarch__arm__core__aarch32.a(swap.c.obj)
                0x0000000000001600                arch_swap
 .text.z_arm_pendsv
                0x0000000000001638       0x5c zephyr/arch/arch/arm/core/aarch32/libarch__arm__core__aarch32.a(swap_helper.S.obj)
                0x0000000000001638                z_arm_pendsv
 .text.z_arm_svc
                0x0000000000001694       0x20 zephyr/arch/arch/arm/core/aarch32/libarch__arm__core__aarch32.a(swap_helper.S.obj)
                0x0000000000001694                z_arm_svc
 .text.arch_new_thread
                0x00000000000016b4       0x44 zephyr/arch/arch/arm/core/aarch32/libarch__arm__core__aarch32.a(thread.c.obj)
                0x00000000000016b4                arch_new_thread
 .text.arch_switch_to_main_thread
                0x00000000000016f8       0x2c zephyr/arch/arch/arm/core/aarch32/libarch__arm__core__aarch32.a(thread.c.obj)
                0x00000000000016f8                arch_switch_to_main_thread
 .text._isr_wrapper
                0x0000000000001724       0x40 zephyr/arch/arch/arm/core/aarch32/libarch__arm__core__aarch32.a(isr_wrapper.S.obj)
                0x0000000000001724                _isr_wrapper
 .text._HandlerModeExit
                0x0000000000001764       0x1c zephyr/arch/arch/arm/core/aarch32/cortex_m/libarch__arm__core__aarch32__cortex_m.a(exc_exit.S.obj)
                0x0000000000001764                z_arm_int_exit
                0x0000000000001764                z_arm_exc_exit
 .text.mem_manage_fault
                0x0000000000001780       0x6c zephyr/arch/arch/arm/core/aarch32/cortex_m/libarch__arm__core__aarch32__cortex_m.a(fault.c.obj)
 .text.bus_fault
                0x00000000000017ec       0x54 zephyr/arch/arch/arm/core/aarch32/cortex_m/libarch__arm__core__aarch32__cortex_m.a(fault.c.obj)
 .text.usage_fault
                0x0000000000001840       0x30 zephyr/arch/arch/arm/core/aarch32/cortex_m/libarch__arm__core__aarch32__cortex_m.a(fault.c.obj)
 .text.z_arm_is_synchronous_svc
                0x0000000000001870       0x3c zephyr/arch/arch/arm/core/aarch32/cortex_m/libarch__arm__core__aarch32__cortex_m.a(fault.c.obj)
 .text.hard_fault
                0x00000000000018ac       0x78 zephyr/arch/arch/arm/core/aarch32/cortex_m/libarch__arm__core__aarch32__cortex_m.a(fault.c.obj)
 .text.z_arm_fault
                0x0000000000001924       0x94 zephyr/arch/arch/arm/core/aarch32/cortex_m/libarch__arm__core__aarch32__cortex_m.a(fault.c.obj)
                0x0000000000001924                z_arm_fault
 .text.z_arm_fault_init
                0x00000000000019b8       0x18 zephyr/arch/arch/arm/core/aarch32/cortex_m/libarch__arm__core__aarch32__cortex_m.a(fault.c.obj)
                0x00000000000019b8                z_arm_fault_init
 .text.__fault  0x00000000000019d0       0x14 zephyr/arch/arch/arm/core/aarch32/cortex_m/libarch__arm__core__aarch32__cortex_m.a(fault_s.S.obj)
                0x00000000000019d0                z_arm_usage_fault
                0x00000000000019d0                z_arm_mpu_fault
                0x00000000000019d0                z_arm_exc_spurious
                0x00000000000019d0                z_arm_debug_monitor
                0x00000000000019d0                z_arm_hard_fault
                0x00000000000019d0                z_arm_bus_fault
 .text.z_arm_interrupt_init
                0x00000000000019e4       0x34 zephyr/arch/arch/arm/core/aarch32/cortex_m/libarch__arm__core__aarch32__cortex_m.a(irq_init.c.obj)
                0x00000000000019e4                z_arm_interrupt_init
 .text._reset_section
                0x0000000000001a18       0x68 zephyr/arch/arch/arm/core/aarch32/cortex_m/libarch__arm__core__aarch32__cortex_m.a(reset.S.obj)
                0x0000000000001a18                __start
                0x0000000000001a18                z_arm_reset
 .text.__NVIC_SystemReset
                0x0000000000001a80       0x24 zephyr/arch/arch/arm/core/aarch32/cortex_m/libarch__arm__core__aarch32__cortex_m.a(scb.c.obj)
 .text.z_arm_clear_arm_mpu_config
                0x0000000000001aa4       0x28 zephyr/arch/arch/arm/core/aarch32/cortex_m/libarch__arm__core__aarch32__cortex_m.a(scb.c.obj)
                0x0000000000001aa4                z_arm_clear_arm_mpu_config
 .text.z_arm_init_arch_hw_at_boot
                0x0000000000001acc       0x54 zephyr/arch/arch/arm/core/aarch32/cortex_m/libarch__arm__core__aarch32__cortex_m.a(scb.c.obj)
                0x0000000000001acc                z_arm_init_arch_hw_at_boot
 .text.z_impl_k_thread_abort
                0x0000000000001b20       0x34 zephyr/arch/arch/arm/core/aarch32/cortex_m/libarch__arm__core__aarch32__cortex_m.a(thread_abort.c.obj)
                0x0000000000001b20                z_impl_k_thread_abort
 .text.z_arm_configure_static_mpu_regions
                0x0000000000001b54       0x40 zephyr/arch/arch/arm/core/aarch32/mpu/libarch__arm__core__aarch32__mpu.a(arm_core_mpu.c.obj)
                0x0000000000001b54                z_arm_configure_static_mpu_regions
 .text.mpu_init
                0x0000000000001b94       0x14 zephyr/arch/arch/arm/core/aarch32/mpu/libarch__arm__core__aarch32__mpu.a(arm_mpu.c.obj)
 .text.mpu_set_region
                0x0000000000001ba8       0x14 zephyr/arch/arch/arm/core/aarch32/mpu/libarch__arm__core__aarch32__mpu.a(arm_mpu.c.obj)
 .text.mpu_region_get_conf
                0x0000000000001bbc       0x40 zephyr/arch/arch/arm/core/aarch32/mpu/libarch__arm__core__aarch32__mpu.a(arm_mpu.c.obj)
 .text.mpu_configure_regions_and_partition
                0x0000000000001bfc      0x188 zephyr/arch/arch/arm/core/aarch32/mpu/libarch__arm__core__aarch32__mpu.a(arm_mpu.c.obj)
 .text.mpu_configure_static_mpu_regions
                0x0000000000001d84       0x14 zephyr/arch/arch/arm/core/aarch32/mpu/libarch__arm__core__aarch32__mpu.a(arm_mpu.c.obj)
 .text.mpu_mark_areas_for_dynamic_regions
                0x0000000000001d98       0x60 zephyr/arch/arch/arm/core/aarch32/mpu/libarch__arm__core__aarch32__mpu.a(arm_mpu.c.obj)
 .text.arm_core_mpu_enable
                0x0000000000001df8       0x18 zephyr/arch/arch/arm/core/aarch32/mpu/libarch__arm__core__aarch32__mpu.a(arm_mpu.c.obj)
                0x0000000000001df8                arm_core_mpu_enable
 .text.arm_core_mpu_disable
                0x0000000000001e10       0x14 zephyr/arch/arch/arm/core/aarch32/mpu/libarch__arm__core__aarch32__mpu.a(arm_mpu.c.obj)
                0x0000000000001e10                arm_core_mpu_disable
 .text.z_arm_mpu_init
                0x0000000000001e24       0x44 zephyr/arch/arch/arm/core/aarch32/mpu/libarch__arm__core__aarch32__mpu.a(arm_mpu.c.obj)
                0x0000000000001e24                z_arm_mpu_init
 .text.__stdout_hook_install
                0x0000000000001e68        0xc zephyr/lib/libc/minimal/liblib__libc__minimal.a(stdout_console.c.obj)
                0x0000000000001e68                __stdout_hook_install
 .text.get_hf_flags
                0x0000000000001e74        0x8 zephyr/drivers/clock_control/libdrivers__clock_control.a(clock_control_nrf.c.obj)
 .text.get_subsys
                0x0000000000001e7c       0x18 zephyr/drivers/clock_control/libdrivers__clock_control.a(clock_control_nrf.c.obj)
 .text.onoff_stop
                0x0000000000001e94       0x20 zephyr/drivers/clock_control/libdrivers__clock_control.a(clock_control_nrf.c.obj)
 .text.onoff_start
                0x0000000000001eb4       0x34 zephyr/drivers/clock_control/libdrivers__clock_control.a(clock_control_nrf.c.obj)
 .text.clock_event_handler
                0x0000000000001ee8       0x4c zephyr/drivers/clock_control/libdrivers__clock_control.a(clock_control_nrf.c.obj)
 .text.generic_hfclk_start
                0x0000000000001f34       0x70 zephyr/drivers/clock_control/libdrivers__clock_control.a(clock_control_nrf.c.obj)
 .text.generic_hfclk_stop
                0x0000000000001fa4       0x38 zephyr/drivers/clock_control/libdrivers__clock_control.a(clock_control_nrf.c.obj)
 .text.lfclk_spinwait
                0x0000000000001fdc       0xd8 zephyr/drivers/clock_control/libdrivers__clock_control.a(clock_control_nrf.c.obj)
 .text.api_blocking_start
                0x00000000000020b4       0x38 zephyr/drivers/clock_control/libdrivers__clock_control.a(clock_control_nrf.c.obj)
 .text.clk_init
                0x00000000000020ec       0x60 zephyr/drivers/clock_control/libdrivers__clock_control.a(clock_control_nrf.c.obj)
 .text.z_nrf_clock_control_lf_on
                0x000000000000214c       0x4c zephyr/drivers/clock_control/libdrivers__clock_control.a(clock_control_nrf.c.obj)
                0x000000000000214c                z_nrf_clock_control_lf_on
 .text.console_out
                0x0000000000002198       0x28 zephyr/drivers/console/libdrivers__console.a(uart_console.c.obj)
 .text.uart_console_hook_install
                0x00000000000021c0       0x18 zephyr/drivers/console/libdrivers__console.a(uart_console.c.obj)
 .text.uart_console_init
                0x00000000000021d8       0x1c zephyr/drivers/console/libdrivers__console.a(uart_console.c.obj)
 .text.get_dev  0x00000000000021f4       0x1c zephyr/drivers/gpio/libdrivers__gpio.a(gpio_nrfx.c.obj)
 .text.gpio_nrfx_pin_interrupt_configure
                0x0000000000002210       0xc8 zephyr/drivers/gpio/libdrivers__gpio.a(gpio_nrfx.c.obj)
 .text.gpio_nrfx_pin_configure
                0x00000000000022d8      0x10c zephyr/drivers/gpio/libdrivers__gpio.a(gpio_nrfx.c.obj)
 .text.gpio_nrfx_init
                0x00000000000023e4       0x3c zephyr/drivers/gpio/libdrivers__gpio.a(gpio_nrfx.c.obj)
 .text.baudrate_set
                0x0000000000002420      0x150 zephyr/drivers/serial/libdrivers__serial.a(uart_nrfx_uarte.c.obj)
 .text.uarte_nrfx_poll_out
                0x0000000000002570       0x5c zephyr/drivers/serial/libdrivers__serial.a(uart_nrfx_uarte.c.obj)
 .text.endtx_stoptx_ppi_init
                0x00000000000025cc       0x40 zephyr/drivers/serial/libdrivers__serial.a(uart_nrfx_uarte.c.obj)
 .text.set_comparator
                0x000000000000260c       0x14 zephyr/drivers/timer/libdrivers__timer.a(nrf_rtc_timer.c.obj)
 .text.event_enable
                0x0000000000002620       0x14 zephyr/drivers/timer/libdrivers__timer.a(nrf_rtc_timer.c.obj)
 .text.event_disable
                0x0000000000002634       0x14 zephyr/drivers/timer/libdrivers__timer.a(nrf_rtc_timer.c.obj)
 .text.counter  0x0000000000002648        0xc zephyr/drivers/timer/libdrivers__timer.a(nrf_rtc_timer.c.obj)
 .text.set_alarm
                0x0000000000002654       0x6c zephyr/drivers/timer/libdrivers__timer.a(nrf_rtc_timer.c.obj)
 .text.compare_int_lock
                0x00000000000026c0       0x44 zephyr/drivers/timer/libdrivers__timer.a(nrf_rtc_timer.c.obj)
 .text.channel_processing_check_and_clear
                0x0000000000002704       0x58 zephyr/drivers/timer/libdrivers__timer.a(nrf_rtc_timer.c.obj)
 .text.compare_int_unlock
                0x000000000000275c       0x50 zephyr/drivers/timer/libdrivers__timer.a(nrf_rtc_timer.c.obj)
 .text.sys_clock_timeout_handler
                0x00000000000027ac       0x50 zephyr/drivers/timer/libdrivers__timer.a(nrf_rtc_timer.c.obj)
 .text.z_nrf_rtc_timer_read
                0x00000000000027fc       0x40 zephyr/drivers/timer/libdrivers__timer.a(nrf_rtc_timer.c.obj)
                0x00000000000027fc                z_nrf_rtc_timer_read
 .text.compare_set_nolocks
                0x000000000000283c       0x88 zephyr/drivers/timer/libdrivers__timer.a(nrf_rtc_timer.c.obj)
 .text.sys_clock_driver_init
                0x00000000000028c4       0x94 zephyr/drivers/timer/libdrivers__timer.a(nrf_rtc_timer.c.obj)
 .text.process_channel
                0x0000000000002958       0x7c zephyr/drivers/timer/libdrivers__timer.a(nrf_rtc_timer.c.obj)
 .text.rtc_nrf_isr
                0x00000000000029d4       0x44 zephyr/drivers/timer/libdrivers__timer.a(nrf_rtc_timer.c.obj)
                0x00000000000029d4                rtc_nrf_isr
 .text.sys_clock_set_timeout
                0x0000000000002a18       0x78 zephyr/drivers/timer/libdrivers__timer.a(nrf_rtc_timer.c.obj)
                0x0000000000002a18                sys_clock_set_timeout
 .text.sys_clock_elapsed
                0x0000000000002a90       0x14 zephyr/drivers/timer/libdrivers__timer.a(nrf_rtc_timer.c.obj)
                0x0000000000002a90                sys_clock_elapsed
 .text.nrf_gpio_cfg
                0x0000000000002aa4       0x4c zephyr/drivers/pinctrl/libdrivers__pinctrl.a(pinctrl_nrf.c.obj)
 .text.nrf_gpio_pin_write
                0x0000000000002af0       0x3c zephyr/drivers/pinctrl/libdrivers__pinctrl.a(pinctrl_nrf.c.obj)
 .text.pinctrl_configure_pins
                0x0000000000002b2c      0x260 zephyr/drivers/pinctrl/libdrivers__pinctrl.a(pinctrl_nrf.c.obj)
                0x0000000000002b2c                pinctrl_configure_pins
 .text.callback_ctrl
                0x0000000000002d8c       0x38 modules/nrf/lib/dk_buttons_and_leds/lib..__nrf__lib__dk_buttons_and_leds.a(dk_buttons_and_leds.c.obj)
 .text.get_buttons
                0x0000000000002dc4       0x38 modules/nrf/lib/dk_buttons_and_leds/lib..__nrf__lib__dk_buttons_and_leds.a(dk_buttons_and_leds.c.obj)
 .text.button_pressed
                0x0000000000002dfc       0x44 modules/nrf/lib/dk_buttons_and_leds/lib..__nrf__lib__dk_buttons_and_leds.a(dk_buttons_and_leds.c.obj)
 .text.button_handlers_call
                0x0000000000002e40       0x50 modules/nrf/lib/dk_buttons_and_leds/lib..__nrf__lib__dk_buttons_and_leds.a(dk_buttons_and_leds.c.obj)
 .text.buttons_scan_fn
                0x0000000000002e90       0x8c modules/nrf/lib/dk_buttons_and_leds/lib..__nrf__lib__dk_buttons_and_leds.a(dk_buttons_and_leds.c.obj)
 .text.dk_read_buttons
                0x0000000000002f1c       0x24 modules/nrf/lib/dk_buttons_and_leds/lib..__nrf__lib__dk_buttons_and_leds.a(dk_buttons_and_leds.c.obj)
                0x0000000000002f1c                dk_read_buttons
 .text.dk_buttons_init
                0x0000000000002f40       0xf4 modules/nrf/lib/dk_buttons_and_leds/lib..__nrf__lib__dk_buttons_and_leds.a(dk_buttons_and_leds.c.obj)
                0x0000000000002f40                dk_buttons_init
 .text.dk_set_leds_state
                0x0000000000003034       0x60 modules/nrf/lib/dk_buttons_and_leds/lib..__nrf__lib__dk_buttons_and_leds.a(dk_buttons_and_leds.c.obj)
                0x0000000000003034                dk_set_leds_state
 .text.dk_leds_init
                0x0000000000003094       0x30 modules/nrf/lib/dk_buttons_and_leds/lib..__nrf__lib__dk_buttons_and_leds.a(dk_buttons_and_leds.c.obj)
                0x0000000000003094                dk_leds_init
 .text.dk_set_led
                0x00000000000030c4       0x24 modules/nrf/lib/dk_buttons_and_leds/lib..__nrf__lib__dk_buttons_and_leds.a(dk_buttons_and_leds.c.obj)
                0x00000000000030c4                dk_set_led
 .text.SystemCoreClockUpdate
                0x00000000000030e8       0x20 modules/hal_nordic/nrfx/libmodules__hal_nordic__nrfx.a(system_nrf5340_application.c.obj)
                0x00000000000030e8                SystemCoreClockUpdate
 .text.SystemInit
                0x0000000000003108      0x160 modules/hal_nordic/nrfx/libmodules__hal_nordic__nrfx.a(system_nrf5340_application.c.obj)
                0x0000000000003108                SystemInit
 .text.nrfx_flag32_alloc
                0x0000000000003268       0x48 modules/hal_nordic/nrfx/libmodules__hal_nordic__nrfx.a(nrfx_flag32_allocator.c.obj)
                0x0000000000003268                nrfx_flag32_alloc
 .text.nrfx_flag32_free
                0x00000000000032b0       0x3c modules/hal_nordic/nrfx/libmodules__hal_nordic__nrfx.a(nrfx_flag32_allocator.c.obj)
                0x00000000000032b0                nrfx_flag32_free
 .text.nrfx_clock_init
                0x00000000000032ec       0x24 modules/hal_nordic/nrfx/libmodules__hal_nordic__nrfx.a(nrfx_clock.c.obj)
                0x00000000000032ec                nrfx_clock_init
 .text.nrfx_power_clock_irq_handler
                0x0000000000003310       0xc8 modules/hal_nordic/nrfx/libmodules__hal_nordic__nrfx.a(nrfx_clock.c.obj)
                0x0000000000003310                nrfx_power_clock_irq_handler
 .text.nrfx_dppi_channel_alloc
                0x00000000000033d8       0x10 modules/hal_nordic/nrfx/libmodules__hal_nordic__nrfx.a(nrfx_dppi.c.obj)
                0x00000000000033d8                nrfx_dppi_channel_alloc
 .text.nrf_gpio_reconfigure
                0x00000000000033e8       0xb8 modules/hal_nordic/nrfx/libmodules__hal_nordic__nrfx.a(nrfx_gpiote.c.obj)
 .text.nrf_gpio_cfg_default
                0x00000000000034a0       0x2c modules/hal_nordic/nrfx/libmodules__hal_nordic__nrfx.a(nrfx_gpiote.c.obj)
 .text.nrf_gpio_latches_read_and_clear
                0x00000000000034cc       0x40 modules/hal_nordic/nrfx/libmodules__hal_nordic__nrfx.a(nrfx_gpiote.c.obj)
 .text.pin_in_use
                0x000000000000350c       0x14 modules/hal_nordic/nrfx/libmodules__hal_nordic__nrfx.a(nrfx_gpiote.c.obj)
 .text.pin_in_use_by_te
                0x0000000000003520       0x14 modules/hal_nordic/nrfx/libmodules__hal_nordic__nrfx.a(nrfx_gpiote.c.obj)
 .text.pin_has_trigger
                0x0000000000003534       0x18 modules/hal_nordic/nrfx/libmodules__hal_nordic__nrfx.a(nrfx_gpiote.c.obj)
 .text.pin_is_output
                0x000000000000354c       0x14 modules/hal_nordic/nrfx/libmodules__hal_nordic__nrfx.a(nrfx_gpiote.c.obj)
 .text.pin_te_get
                0x0000000000003560       0x10 modules/hal_nordic/nrfx/libmodules__hal_nordic__nrfx.a(nrfx_gpiote.c.obj)
 .text.handler_in_use
                0x0000000000003570       0x34 modules/hal_nordic/nrfx/libmodules__hal_nordic__nrfx.a(nrfx_gpiote.c.obj)
 .text.find_handler
                0x00000000000035a4       0x2c modules/hal_nordic/nrfx/libmodules__hal_nordic__nrfx.a(nrfx_gpiote.c.obj)
 .text.get_initial_sense
                0x00000000000035d0       0x4c modules/hal_nordic/nrfx/libmodules__hal_nordic__nrfx.a(nrfx_gpiote.c.obj)
 .text.channel_handler_get
                0x000000000000361c       0x20 modules/hal_nordic/nrfx/libmodules__hal_nordic__nrfx.a(nrfx_gpiote.c.obj)
 .text.call_handler
                0x000000000000363c       0x2c modules/hal_nordic/nrfx/libmodules__hal_nordic__nrfx.a(nrfx_gpiote.c.obj)
 .text.next_sense_cond_call_handler
                0x0000000000003668       0x84 modules/hal_nordic/nrfx/libmodules__hal_nordic__nrfx.a(nrfx_gpiote.c.obj)
 .text.release_handler
                0x00000000000036ec       0x44 modules/hal_nordic/nrfx/libmodules__hal_nordic__nrfx.a(nrfx_gpiote.c.obj)
 .text.pin_handler_trigger_uninit
                0x0000000000003730       0x3c modules/hal_nordic/nrfx/libmodules__hal_nordic__nrfx.a(nrfx_gpiote.c.obj)
 .text.pin_handler_set
                0x000000000000376c       0x6c modules/hal_nordic/nrfx/libmodules__hal_nordic__nrfx.a(nrfx_gpiote.c.obj)
 .text.port_event_handle
                0x00000000000037d8       0xa8 modules/hal_nordic/nrfx/libmodules__hal_nordic__nrfx.a(nrfx_gpiote.c.obj)
 .text.gpiote_evt_handle
                0x0000000000003880       0x44 modules/hal_nordic/nrfx/libmodules__hal_nordic__nrfx.a(nrfx_gpiote.c.obj)
 .text.nrfx_gpiote_input_configure
                0x00000000000038c4      0x12c modules/hal_nordic/nrfx/libmodules__hal_nordic__nrfx.a(nrfx_gpiote.c.obj)
                0x00000000000038c4                nrfx_gpiote_input_configure
 .text.nrfx_gpiote_output_configure
                0x00000000000039f0       0xd8 modules/hal_nordic/nrfx/libmodules__hal_nordic__nrfx.a(nrfx_gpiote.c.obj)
                0x00000000000039f0                nrfx_gpiote_output_configure
 .text.nrfx_gpiote_global_callback_set
                0x0000000000003ac8        0xc modules/hal_nordic/nrfx/libmodules__hal_nordic__nrfx.a(nrfx_gpiote.c.obj)
                0x0000000000003ac8                nrfx_gpiote_global_callback_set
 .text.nrfx_gpiote_channel_get
                0x0000000000003ad4       0x30 modules/hal_nordic/nrfx/libmodules__hal_nordic__nrfx.a(nrfx_gpiote.c.obj)
                0x0000000000003ad4                nrfx_gpiote_channel_get
 .text.nrfx_gpiote_init
                0x0000000000003b04       0x54 modules/hal_nordic/nrfx/libmodules__hal_nordic__nrfx.a(nrfx_gpiote.c.obj)
                0x0000000000003b04                nrfx_gpiote_init
 .text.nrfx_gpiote_is_init
                0x0000000000003b58       0x14 modules/hal_nordic/nrfx/libmodules__hal_nordic__nrfx.a(nrfx_gpiote.c.obj)
                0x0000000000003b58                nrfx_gpiote_is_init
 .text.nrfx_gpiote_channel_free
                0x0000000000003b6c       0x10 modules/hal_nordic/nrfx/libmodules__hal_nordic__nrfx.a(nrfx_gpiote.c.obj)
                0x0000000000003b6c                nrfx_gpiote_channel_free
 .text.nrfx_gpiote_channel_alloc
                0x0000000000003b7c       0x10 modules/hal_nordic/nrfx/libmodules__hal_nordic__nrfx.a(nrfx_gpiote.c.obj)
                0x0000000000003b7c                nrfx_gpiote_channel_alloc
 .text.nrfx_gpiote_trigger_enable
                0x0000000000003b8c       0x64 modules/hal_nordic/nrfx/libmodules__hal_nordic__nrfx.a(nrfx_gpiote.c.obj)
                0x0000000000003b8c                nrfx_gpiote_trigger_enable
 .text.nrfx_gpiote_trigger_disable
                0x0000000000003bf0       0x44 modules/hal_nordic/nrfx/libmodules__hal_nordic__nrfx.a(nrfx_gpiote.c.obj)
                0x0000000000003bf0                nrfx_gpiote_trigger_disable
 .text.nrfx_gpiote_pin_uninit
                0x0000000000003c34       0x2c modules/hal_nordic/nrfx/libmodules__hal_nordic__nrfx.a(nrfx_gpiote.c.obj)
                0x0000000000003c34                nrfx_gpiote_pin_uninit
 .text.nrfx_gpiote_irq_handler
                0x0000000000003c60       0x60 modules/hal_nordic/nrfx/libmodules__hal_nordic__nrfx.a(nrfx_gpiote.c.obj)
                0x0000000000003c60                nrfx_gpiote_irq_handler
 .text.z_device_state_init
                0x0000000000003cc0       0x18 zephyr/kernel/libkernel.a(device.c.obj)
                0x0000000000003cc0                z_device_state_init
 .text.z_sys_init_run_level
                0x0000000000003cd8       0x50 zephyr/kernel/libkernel.a(init.c.obj)
 .text.init_idle_thread
                0x0000000000003d28       0x60 zephyr/kernel/libkernel.a(init.c.obj)
 .text.bg_thread_main
                0x0000000000003d88       0x34 zephyr/kernel/libkernel.a(init.c.obj)
 .text.switch_to_main_thread
                0x0000000000003dbc       0x14 zephyr/kernel/libkernel.a(init.c.obj)
 .text.z_bss_zero
                0x0000000000003dd0       0x18 zephyr/kernel/libkernel.a(init.c.obj)
                0x0000000000003dd0                z_bss_zero
 .text.z_init_cpu
                0x0000000000003de8       0x40 zephyr/kernel/libkernel.a(init.c.obj)
                0x0000000000003de8                z_init_cpu
 .text.prepare_multithreading
                0x0000000000003e28       0x60 zephyr/kernel/libkernel.a(init.c.obj)
 .text.z_cstart
                0x0000000000003e88       0x8c zephyr/kernel/libkernel.a(init.c.obj)
                0x0000000000003e88                z_cstart
 .text.init_mem_slab_module
                0x0000000000003f14       0x24 zephyr/kernel/libkernel.a(mem_slab.c.obj)
 .text.k_mem_slab_alloc
                0x0000000000003f38       0x68 zephyr/kernel/libkernel.a(mem_slab.c.obj)
                0x0000000000003f38                k_mem_slab_alloc
 .text.z_thread_monitor_exit
                0x0000000000003fa0       0x40 zephyr/kernel/libkernel.a(thread.c.obj)
                0x0000000000003fa0                z_thread_monitor_exit
 .text.z_impl_k_thread_name_set
                0x0000000000003fe0       0x24 zephyr/kernel/libkernel.a(thread.c.obj)
                0x0000000000003fe0                z_impl_k_thread_name_set
 .text.schedule_new_thread
                0x0000000000004004       0x1c zephyr/kernel/libkernel.a(thread.c.obj)
 .text.z_setup_new_thread
                0x0000000000004020       0xc8 zephyr/kernel/libkernel.a(thread.c.obj)
                0x0000000000004020                z_setup_new_thread
 .text.z_init_static_threads
                0x00000000000040e8       0x94 zephyr/kernel/libkernel.a(thread.c.obj)
                0x00000000000040e8                z_init_static_threads
 .text.idle     0x000000000000417c       0x3c zephyr/kernel/libkernel.a(idle.c.obj)
                0x000000000000417c                idle
 .text.z_impl_k_msgq_put
                0x00000000000041b8       0xb0 zephyr/kernel/libkernel.a(msg_q.c.obj)
                0x00000000000041b8                z_impl_k_msgq_put
 .text.z_impl_k_msgq_get
                0x0000000000004268       0xc4 zephyr/kernel/libkernel.a(msg_q.c.obj)
                0x0000000000004268                z_impl_k_msgq_get
 .text.z_impl_k_mutex_lock
                0x000000000000432c      0x108 zephyr/kernel/libkernel.a(mutex.c.obj)
                0x000000000000432c                z_impl_k_mutex_lock
 .text.z_impl_k_mutex_unlock
                0x0000000000004434       0x7c zephyr/kernel/libkernel.a(mutex.c.obj)
                0x0000000000004434                z_impl_k_mutex_unlock
 .text.z_impl_k_sem_give
                0x00000000000044b0       0x48 zephyr/kernel/libkernel.a(sem.c.obj)
                0x00000000000044b0                z_impl_k_sem_give
 .text.z_impl_k_sem_take
                0x00000000000044f8       0x50 zephyr/kernel/libkernel.a(sem.c.obj)
                0x00000000000044f8                z_impl_k_sem_take
 .text.queue_submit_locked
                0x0000000000004548       0x7c zephyr/kernel/libkernel.a(work.c.obj)
 .text.finalize_cancel_locked
                0x00000000000045c4       0x60 zephyr/kernel/libkernel.a(work.c.obj)
 .text.work_queue_main
                0x0000000000004624       0xf0 zephyr/kernel/libkernel.a(work.c.obj)
 .text.schedule_for_queue_locked
                0x0000000000004714       0x34 zephyr/kernel/libkernel.a(work.c.obj)
 .text.k_work_queue_start
                0x0000000000004748       0x7c zephyr/kernel/libkernel.a(work.c.obj)
                0x0000000000004748                k_work_queue_start
 .text.k_work_schedule
                0x00000000000047c4       0x10 zephyr/kernel/libkernel.a(work.c.obj)
                0x00000000000047c4                k_work_schedule
 .text.k_work_reschedule
                0x00000000000047d4       0x10 zephyr/kernel/libkernel.a(work.c.obj)
                0x00000000000047d4                k_work_reschedule
 .text.sliceable
                0x00000000000047e4       0x3c zephyr/kernel/libkernel.a(sched.c.obj)
 .text.add_thread_timeout
                0x0000000000004820       0x20 zephyr/kernel/libkernel.a(sched.c.obj)
 .text.z_reset_time_slice
                0x0000000000004840       0x28 zephyr/kernel/libkernel.a(sched.c.obj)
                0x0000000000004840                z_reset_time_slice
 .text.k_sched_time_slice_set
                0x0000000000004868       0x74 zephyr/kernel/libkernel.a(sched.c.obj)
                0x0000000000004868                k_sched_time_slice_set
 .text.z_reschedule
                0x00000000000048dc       0x2c zephyr/kernel/libkernel.a(sched.c.obj)
                0x00000000000048dc                z_reschedule
 .text.k_sched_lock
                0x0000000000004908       0x34 zephyr/kernel/libkernel.a(sched.c.obj)
                0x0000000000004908                k_sched_lock
 .text.update_cache
                0x000000000000493c       0x50 zephyr/kernel/libkernel.a(sched.c.obj)
 .text.move_thread_to_end_of_prio_q
                0x000000000000498c       0x8c zephyr/kernel/libkernel.a(sched.c.obj)
 .text.slice_expired_locked
                0x0000000000004a18       0x28 zephyr/kernel/libkernel.a(sched.c.obj)
 .text.z_time_slice
                0x0000000000004a40       0x78 zephyr/kernel/libkernel.a(sched.c.obj)
                0x0000000000004a40                z_time_slice
 .text.ready_thread
                0x0000000000004ab8       0x78 zephyr/kernel/libkernel.a(sched.c.obj)
 .text.z_sched_start
                0x0000000000004b30       0x3c zephyr/kernel/libkernel.a(sched.c.obj)
                0x0000000000004b30                z_sched_start
 .text.unready_thread
                0x0000000000004b6c       0x38 zephyr/kernel/libkernel.a(sched.c.obj)
 .text.z_pend_curr
                0x0000000000004ba4       0x38 zephyr/kernel/libkernel.a(sched.c.obj)
                0x0000000000004ba4                z_pend_curr
 .text.z_set_prio
                0x0000000000004bdc       0xbc zephyr/kernel/libkernel.a(sched.c.obj)
                0x0000000000004bdc                z_set_prio
 .text.z_impl_k_thread_suspend
                0x0000000000004c98       0x74 zephyr/kernel/libkernel.a(sched.c.obj)
                0x0000000000004c98                z_impl_k_thread_suspend
 .text.k_sched_unlock
                0x0000000000004d0c       0x40 zephyr/kernel/libkernel.a(sched.c.obj)
                0x0000000000004d0c                k_sched_unlock
 .text.end_thread
                0x0000000000004d4c       0x64 zephyr/kernel/libkernel.a(sched.c.obj)
 .text.z_sched_init
                0x0000000000004db0       0x18 zephyr/kernel/libkernel.a(sched.c.obj)
                0x0000000000004db0                z_sched_init
 .text.z_impl_k_yield
                0x0000000000004dc8       0x8c zephyr/kernel/libkernel.a(sched.c.obj)
                0x0000000000004dc8                z_impl_k_yield
 .text.z_tick_sleep
                0x0000000000004e54       0x98 zephyr/kernel/libkernel.a(sched.c.obj)
 .text.z_impl_k_sleep
                0x0000000000004eec       0x54 zephyr/kernel/libkernel.a(sched.c.obj)
                0x0000000000004eec                z_impl_k_sleep
 .text.z_impl_z_current_get
                0x0000000000004f40        0xc zephyr/kernel/libkernel.a(sched.c.obj)
                0x0000000000004f40                z_impl_z_current_get
 .text.z_thread_abort
                0x0000000000004f4c       0x70 zephyr/kernel/libkernel.a(sched.c.obj)
                0x0000000000004f4c                z_thread_abort
 .text.z_sched_wait
                0x0000000000004fbc       0x28 zephyr/kernel/libkernel.a(sched.c.obj)
                0x0000000000004fbc                z_sched_wait
 .text.z_data_copy
                0x0000000000004fe4       0x34 zephyr/kernel/libkernel.a(xip.c.obj)
                0x0000000000004fe4                z_data_copy
 .text.first    0x0000000000005018       0x14 zephyr/kernel/libkernel.a(timeout.c.obj)
 .text.next     0x000000000000502c       0x18 zephyr/kernel/libkernel.a(timeout.c.obj)
 .text.elapsed  0x0000000000005044       0x18 zephyr/kernel/libkernel.a(timeout.c.obj)
 .text.next_timeout
                0x000000000000505c       0x4c zephyr/kernel/libkernel.a(timeout.c.obj)
 .text.z_add_timeout
                0x00000000000050a8      0x114 zephyr/kernel/libkernel.a(timeout.c.obj)
                0x00000000000050a8                z_add_timeout
 .text.sys_clock_announce
                0x00000000000051bc       0xc4 zephyr/kernel/libkernel.a(timeout.c.obj)
                0x00000000000051bc                sys_clock_announce
 .text.sys_clock_tick_get
                0x0000000000005280       0x40 zephyr/kernel/libkernel.a(timeout.c.obj)
                0x0000000000005280                sys_clock_tick_get
 .text.boot_banner
                0x00000000000052c0       0x10 zephyr/kernel/libkernel.a(banner.c.obj)
                0x00000000000052c0                boot_banner
 .text.statics_init
                0x00000000000052d0       0x24 zephyr/kernel/libkernel.a(kheap.c.obj)
 .text.k_sys_work_q_init
                0x00000000000052f4       0x34 zephyr/kernel/libkernel.a(system_work_q.c.obj)
 .text.nrf_cc3xx_platform_init_no_rng
                0x0000000000005328       0x38 D:/Software/ncs/v2.3.0/nrfxlib/crypto/nrf_cc312_platform/lib/cortex-m33/soft-float/no-interrupts/libnrf_cc312_platform_0.9.16.a(nrf_cc3xx_platform.c.obj)
                0x0000000000005328                nrf_cc3xx_platform_init_no_rng
 .text.nrf_cc3xx_platform_abort
                0x0000000000005360       0x24 D:/Software/ncs/v2.3.0/nrfxlib/crypto/nrf_cc312_platform/lib/cortex-m33/soft-float/no-interrupts/libnrf_cc312_platform_0.9.16.a(nrf_cc3xx_platform_abort.c.obj)
 .text.CC_PalAbort
                0x0000000000005384       0x44 D:/Software/ncs/v2.3.0/nrfxlib/crypto/nrf_cc312_platform/lib/cortex-m33/soft-float/no-interrupts/libnrf_cc312_platform_0.9.16.a(nrf_cc3xx_platform_abort.c.obj)
                0x0000000000005384                CC_PalAbort
 .text.nrf_cc3xx_platform_set_abort
                0x00000000000053c8       0x10 D:/Software/ncs/v2.3.0/nrfxlib/crypto/nrf_cc312_platform/lib/cortex-m33/soft-float/no-interrupts/libnrf_cc312_platform_0.9.16.a(nrf_cc3xx_platform_abort.c.obj)
                0x00000000000053c8                nrf_cc3xx_platform_set_abort
 .text.mutex_free
                0x00000000000053d8       0x34 D:/Software/ncs/v2.3.0/nrfxlib/crypto/nrf_cc312_platform/lib/cortex-m33/soft-float/no-interrupts/libnrf_cc312_platform_0.9.16.a(nrf_cc3xx_platform_mutex.c.obj)
 .text.mutex_lock
                0x000000000000540c       0x48 D:/Software/ncs/v2.3.0/nrfxlib/crypto/nrf_cc312_platform/lib/cortex-m33/soft-float/no-interrupts/libnrf_cc312_platform_0.9.16.a(nrf_cc3xx_platform_mutex.c.obj)
 .text.mutex_unlock
                0x0000000000005454       0x38 D:/Software/ncs/v2.3.0/nrfxlib/crypto/nrf_cc312_platform/lib/cortex-m33/soft-float/no-interrupts/libnrf_cc312_platform_0.9.16.a(nrf_cc3xx_platform_mutex.c.obj)
 .text.mutex_init
                0x000000000000548c       0x20 D:/Software/ncs/v2.3.0/nrfxlib/crypto/nrf_cc312_platform/lib/cortex-m33/soft-float/no-interrupts/libnrf_cc312_platform_0.9.16.a(nrf_cc3xx_platform_mutex.c.obj)
 .text.nrf_cc3xx_platform_set_mutexes
                0x00000000000054ac       0x78 D:/Software/ncs/v2.3.0/nrfxlib/crypto/nrf_cc312_platform/lib/cortex-m33/soft-float/no-interrupts/libnrf_cc312_platform_0.9.16.a(nrf_cc3xx_platform_mutex.c.obj)
                0x00000000000054ac                nrf_cc3xx_platform_set_mutexes
 .text.CC_LibInitNoRng
                0x0000000000005524       0x28 D:/Software/ncs/v2.3.0/nrfxlib/crypto/nrf_cc312_platform/lib/cortex-m33/soft-float/no-interrupts/libnrf_cc312_platform_0.9.16.a(cc_lib.c.obj)
                0x0000000000005524                CC_LibInitNoRng
 .text.CC_HalInit
                0x000000000000554c        0x4 D:/Software/ncs/v2.3.0/nrfxlib/crypto/nrf_cc312_platform/lib/cortex-m33/soft-float/no-interrupts/libnrf_cc312_platform_0.9.16.a(cc_hal.c.obj)
                0x000000000000554c                CC_HalInit
 .text.CC_PalInit
                0x0000000000005550       0x5c D:/Software/ncs/v2.3.0/nrfxlib/crypto/nrf_cc312_platform/lib/cortex-m33/soft-float/no-interrupts/libnrf_cc312_platform_0.9.16.a(cc_pal.c.obj)
                0x0000000000005550                CC_PalInit
 .text.CC_PalTerminate
                0x00000000000055ac       0x34 D:/Software/ncs/v2.3.0/nrfxlib/crypto/nrf_cc312_platform/lib/cortex-m33/soft-float/no-interrupts/libnrf_cc312_platform_0.9.16.a(cc_pal.c.obj)
                0x00000000000055ac                CC_PalTerminate
 .text.CC_PalDmaInit
                0x00000000000055e0        0x4 D:/Software/ncs/v2.3.0/nrfxlib/crypto/nrf_cc312_platform/lib/cortex-m33/soft-float/no-interrupts/libnrf_cc312_platform_0.9.16.a(cc_pal_dma.c.obj)
                0x00000000000055e0                CC_PalDmaInit
 .text.CC_PalDmaTerminate
                0x00000000000055e4        0x4 D:/Software/ncs/v2.3.0/nrfxlib/crypto/nrf_cc312_platform/lib/cortex-m33/soft-float/no-interrupts/libnrf_cc312_platform_0.9.16.a(cc_pal_dma.c.obj)
                0x00000000000055e4                CC_PalDmaTerminate
 .text.CC_PalMutexCreate
                0x00000000000055e8       0x14 D:/Software/ncs/v2.3.0/nrfxlib/crypto/nrf_cc312_platform/lib/cortex-m33/soft-float/no-interrupts/libnrf_cc312_platform_0.9.16.a(cc_pal_mutex.c.obj)
                0x00000000000055e8                CC_PalMutexCreate
 .text.CC_PalMutexDestroy
                0x00000000000055fc       0x14 D:/Software/ncs/v2.3.0/nrfxlib/crypto/nrf_cc312_platform/lib/cortex-m33/soft-float/no-interrupts/libnrf_cc312_platform_0.9.16.a(cc_pal_mutex.c.obj)
                0x00000000000055fc                CC_PalMutexDestroy
 .text.CC_PalPowerSaveModeInit
                0x0000000000005610       0x3c D:/Software/ncs/v2.3.0/nrfxlib/crypto/nrf_cc312_platform/lib/cortex-m33/soft-float/no-interrupts/libnrf_cc312_platform_0.9.16.a(cc_pal_pm.c.obj)
                0x0000000000005610                CC_PalPowerSaveModeInit
 .text.main     0x000000000000564c       0x10 app/libapp.a(main.c.obj)
                0x000000000000564c                main
 .text.uart_fifo_read
                0x000000000000565c       0x12 app/libapp.a(uart_logic.c.obj)
 .text.uart_irq_callback_user_data_set
                0x000000000000566e        0xe app/libapp.a(uart_logic.c.obj)
 .text.uart_irq_rx_enable
                0x000000000000567c        0xc app/libapp.a(uart_logic.c.obj)
 .text.uart_irq_update
                0x0000000000005688       0x12 app/libapp.a(uart_logic.c.obj)
 .text.arch_printk_char_out
                0x000000000000569a        0x4 zephyr/libzephyr.a(printk.c.obj)
                0x000000000000569a                arch_printk_char_out
 .text.printk   0x000000000000569e       0x1c zephyr/libzephyr.a(printk.c.obj)
                0x000000000000569e                printk
 .text.z_thread_entry
                0x00000000000056ba       0x14 zephyr/libzephyr.a(thread_entry.c.obj)
                0x00000000000056ba                z_thread_entry
 .text.set_chunk_used
                0x00000000000056ce       0x38 zephyr/libzephyr.a(heap.c.obj)
 .text.free_list_add_bidx
                0x0000000000005706       0xa4 zephyr/libzephyr.a(heap.c.obj)
 .text.free_list_add
                0x00000000000057aa       0x52 zephyr/libzephyr.a(heap.c.obj)
 .text.sys_heap_init
                0x00000000000057fc       0xfc zephyr/libzephyr.a(heap.c.obj)
                0x00000000000057fc                sys_heap_init
 .text.set_state
                0x00000000000058f8       0x10 zephyr/libzephyr.a(onoff.c.obj)
 .text.notify_monitors
                0x0000000000005908       0x44 zephyr/libzephyr.a(onoff.c.obj)
 .text.process_recheck
                0x000000000000594c       0x32 zephyr/libzephyr.a(onoff.c.obj)
 .text.process_complete
                0x000000000000597e       0xa2 zephyr/libzephyr.a(onoff.c.obj)
 .text.validate_args
                0x0000000000005a20       0x2a zephyr/libzephyr.a(onoff.c.obj)
 .text.notify_one
                0x0000000000005a4a       0x26 zephyr/libzephyr.a(onoff.c.obj)
 .text.notify_all
                0x0000000000005a70       0x2e zephyr/libzephyr.a(onoff.c.obj)
 .text.transition_complete
                0x0000000000005a9e       0x1c zephyr/libzephyr.a(onoff.c.obj)
 .text.onoff_manager_init
                0x0000000000005aba       0x3a zephyr/libzephyr.a(onoff.c.obj)
                0x0000000000005aba                onoff_manager_init
 .text.onoff_request
                0x0000000000005af4       0xc2 zephyr/libzephyr.a(onoff.c.obj)
                0x0000000000005af4                onoff_request
 .text.sys_notify_validate
                0x0000000000005bb6       0x2e zephyr/libzephyr.a(notify.c.obj)
                0x0000000000005bb6                sys_notify_validate
 .text.sys_notify_finalize
                0x0000000000005be4       0x1a zephyr/libzephyr.a(notify.c.obj)
                0x0000000000005be4                sys_notify_finalize
 .text.extract_decimal
                0x0000000000005bfe       0x26 zephyr/libzephyr.a(cbprintf_complete.c.obj)
 .text.extract_width
                0x0000000000005c24       0x5e zephyr/libzephyr.a(cbprintf_complete.c.obj)
 .text.extract_prec
                0x0000000000005c82       0x64 zephyr/libzephyr.a(cbprintf_complete.c.obj)
 .text.extract_length
                0x0000000000005ce6       0xce zephyr/libzephyr.a(cbprintf_complete.c.obj)
 .text.extract_specifier
                0x0000000000005db4      0x122 zephyr/libzephyr.a(cbprintf_complete.c.obj)
 .text.extract_conversion
                0x0000000000005ed6       0x44 zephyr/libzephyr.a(cbprintf_complete.c.obj)
 .text.conversion_radix
                0x0000000000005f1a       0x2a zephyr/libzephyr.a(cbprintf_complete.c.obj)
 .text.encode_uint
                0x0000000000005f44       0xa0 zephyr/libzephyr.a(cbprintf_complete.c.obj)
 .text.store_count
                0x0000000000005fe4       0x3e zephyr/libzephyr.a(cbprintf_complete.c.obj)
 .text.outs     0x0000000000006022       0x34 zephyr/libzephyr.a(cbprintf_complete.c.obj)
 .text._ConfigAbsSyms
                0x0000000000006056        0x2 zephyr/libzephyr.a(configs.c.obj)
                0x0000000000006056                _ConfigAbsSyms
 .text.arch_busy_wait
                0x0000000000006058        0x8 zephyr/libzephyr.a(soc.c.obj)
                0x0000000000006058                arch_busy_wait
 .text.nrf_regulators_system_off
                0x0000000000006060        0xe zephyr/libzephyr.a(power.c.obj)
 .text.pm_state_exit_post_ops
                0x000000000000606e        0xc zephyr/libzephyr.a(power.c.obj)
                0x000000000000606e                pm_state_exit_post_ops
 .text.atomic_test_and_clear_bit
                0x000000000000607a       0x30 zephyr/libzephyr.a(pm.c.obj)
 .text.atomic_set_bit
                0x00000000000060aa       0x1e zephyr/libzephyr.a(pm.c.obj)
 .text.pm_policy_state_lock_is_active
                0x00000000000060c8        0x4 zephyr/libzephyr.a(policy.c.obj)
                0x00000000000060c8                pm_policy_state_lock_is_active
 .text.abort_function
                0x00000000000060cc        0x8 zephyr/libzephyr.a(nrf_cc3xx_platform_abort_zephyr.c.obj)
 .text.z_arm_fatal_error
                0x00000000000060d4        0x8 zephyr/arch/arch/arm/core/aarch32/libarch__arm__core__aarch32.a(fatal.c.obj)
                0x00000000000060d4                z_arm_fatal_error
 .text.z_do_kernel_oops
                0x00000000000060dc        0xc zephyr/arch/arch/arm/core/aarch32/libarch__arm__core__aarch32.a(fatal.c.obj)
                0x00000000000060dc                z_do_kernel_oops
 .text.arch_irq_enable
                0x00000000000060e8        0xa zephyr/arch/arch/arm/core/aarch32/libarch__arm__core__aarch32.a(irq_manage.c.obj)
                0x00000000000060e8                arch_irq_enable
 .text.z_arm_irq_priority_set
                0x00000000000060f2        0xc zephyr/arch/arch/arm/core/aarch32/libarch__arm__core__aarch32.a(irq_manage.c.obj)
                0x00000000000060f2                z_arm_irq_priority_set
 .text.z_irq_spurious
                0x00000000000060fe        0xc zephyr/arch/arch/arm/core/aarch32/libarch__arm__core__aarch32.a(irq_manage.c.obj)
                0x00000000000060fe                z_irq_spurious
 .text.z_arm_nmi
                0x000000000000610a        0xc zephyr/arch/arch/arm/core/aarch32/libarch__arm__core__aarch32.a(nmi.c.obj)
                0x000000000000610a                z_arm_nmi
 .text.configure_builtin_stack_guard
                0x0000000000006116        0xa zephyr/arch/arch/arm/core/aarch32/libarch__arm__core__aarch32.a(thread.c.obj)
                0x0000000000006116                configure_builtin_stack_guard
 .text.memory_fault_recoverable
                0x0000000000006120        0x4 zephyr/arch/arch/arm/core/aarch32/cortex_m/libarch__arm__core__aarch32__cortex_m.a(fault.c.obj)
 .text.debug_monitor
                0x0000000000006124        0x6 zephyr/arch/arch/arm/core/aarch32/cortex_m/libarch__arm__core__aarch32__cortex_m.a(fault.c.obj)
 .text.fault_handle
                0x000000000000612a       0x46 zephyr/arch/arch/arm/core/aarch32/cortex_m/libarch__arm__core__aarch32__cortex_m.a(fault.c.obj)
 .text.sys_arch_reboot
                0x0000000000006170        0x6 zephyr/arch/arch/arm/core/aarch32/cortex_m/libarch__arm__core__aarch32__cortex_m.a(scb.c.obj)
                0x0000000000006170                sys_arch_reboot
 .text.arm_cmse_mpu_region_get
                0x0000000000006176       0x14 zephyr/arch/arch/arm/core/aarch32/cortex_m/cmse/libarch__arm__core__aarch32__cortex_m__cmse.a(arm_core_cmse.c.obj)
                0x0000000000006176                arm_cmse_mpu_region_get
 .text.region_init
                0x000000000000618a       0x28 zephyr/arch/arch/arm/core/aarch32/mpu/libarch__arm__core__aarch32__mpu.a(arm_mpu.c.obj)
 .text.mpu_partition_is_valid
                0x00000000000061b2       0x24 zephyr/arch/arch/arm/core/aarch32/mpu/libarch__arm__core__aarch32__mpu.a(arm_mpu.c.obj)
 .text.region_allocate_and_init
                0x00000000000061d6       0x16 zephyr/arch/arch/arm/core/aarch32/mpu/libarch__arm__core__aarch32__mpu.a(arm_mpu.c.obj)
 .text.mpu_configure_region
                0x00000000000061ec       0x3e zephyr/arch/arch/arm/core/aarch32/mpu/libarch__arm__core__aarch32__mpu.a(arm_mpu.c.obj)
 .text.get_region_index
                0x000000000000622a       0x22 zephyr/arch/arch/arm/core/aarch32/mpu/libarch__arm__core__aarch32__mpu.a(arm_mpu.c.obj)
 .text.arm_core_mpu_configure_static_mpu_regions
                0x000000000000624c        0x8 zephyr/arch/arch/arm/core/aarch32/mpu/libarch__arm__core__aarch32__mpu.a(arm_mpu.c.obj)
                0x000000000000624c                arm_core_mpu_configure_static_mpu_regions
 .text.arm_core_mpu_mark_areas_for_dynamic_regions
                0x0000000000006254        0x8 zephyr/arch/arch/arm/core/aarch32/mpu/libarch__arm__core__aarch32__mpu.a(arm_mpu.c.obj)
                0x0000000000006254                arm_core_mpu_mark_areas_for_dynamic_regions
 .text.strncpy  0x000000000000625c       0x34 zephyr/lib/libc/minimal/liblib__libc__minimal.a(string.c.obj)
                0x000000000000625c                strncpy
 .text.strlen   0x0000000000006290       0x12 zephyr/lib/libc/minimal/liblib__libc__minimal.a(string.c.obj)
                0x0000000000006290                strlen
 .text.strnlen  0x00000000000062a2       0x14 zephyr/lib/libc/minimal/liblib__libc__minimal.a(string.c.obj)
                0x00000000000062a2                strnlen
 .text.memcpy   0x00000000000062b6       0x5e zephyr/lib/libc/minimal/liblib__libc__minimal.a(string.c.obj)
                0x00000000000062b6                memcpy
 .text.memset   0x0000000000006314       0x3c zephyr/lib/libc/minimal/liblib__libc__minimal.a(string.c.obj)
                0x0000000000006314                memset
 .text._stdout_hook_default
                0x0000000000006350        0x6 zephyr/lib/libc/minimal/liblib__libc__minimal.a(stdout_console.c.obj)
 .text.nrf_clock_is_running
                0x0000000000006356       0x74 zephyr/drivers/clock_control/libdrivers__clock_control.a(clock_control_nrf.c.obj)
 .text.get_sub_data
                0x00000000000063ca        0xe zephyr/drivers/clock_control/libdrivers__clock_control.a(clock_control_nrf.c.obj)
 .text.get_sub_config
                0x00000000000063d8        0x8 zephyr/drivers/clock_control/libdrivers__clock_control.a(clock_control_nrf.c.obj)
 .text.get_onoff_manager
                0x00000000000063e0        0xc zephyr/drivers/clock_control/libdrivers__clock_control.a(clock_control_nrf.c.obj)
 .text.get_status
                0x00000000000063ec       0x10 zephyr/drivers/clock_control/libdrivers__clock_control.a(clock_control_nrf.c.obj)
 .text.set_off_state
                0x00000000000063fc       0x32 zephyr/drivers/clock_control/libdrivers__clock_control.a(clock_control_nrf.c.obj)
 .text.set_starting_state
                0x000000000000642e       0x3c zephyr/drivers/clock_control/libdrivers__clock_control.a(clock_control_nrf.c.obj)
 .text.set_on_state
                0x000000000000646a       0x26 zephyr/drivers/clock_control/libdrivers__clock_control.a(clock_control_nrf.c.obj)
 .text.clkstarted_handle
                0x0000000000006490       0x24 zephyr/drivers/clock_control/libdrivers__clock_control.a(clock_control_nrf.c.obj)
 .text.stop     0x00000000000064b4       0x2a zephyr/drivers/clock_control/libdrivers__clock_control.a(clock_control_nrf.c.obj)
 .text.api_stop
                0x00000000000064de        0xa zephyr/drivers/clock_control/libdrivers__clock_control.a(clock_control_nrf.c.obj)
 .text.async_start
                0x00000000000064e8       0x38 zephyr/drivers/clock_control/libdrivers__clock_control.a(clock_control_nrf.c.obj)
 .text.api_start
                0x0000000000006520       0x10 zephyr/drivers/clock_control/libdrivers__clock_control.a(clock_control_nrf.c.obj)
 .text.onoff_started_callback
                0x0000000000006530       0x10 zephyr/drivers/clock_control/libdrivers__clock_control.a(clock_control_nrf.c.obj)
 .text.hfclk_start
                0x0000000000006540        0xa zephyr/drivers/clock_control/libdrivers__clock_control.a(clock_control_nrf.c.obj)
 .text.hfclkaudio_start
                0x000000000000654a        0xa zephyr/drivers/clock_control/libdrivers__clock_control.a(clock_control_nrf.c.obj)
 .text.hfclk192m_start
                0x0000000000006554        0xa zephyr/drivers/clock_control/libdrivers__clock_control.a(clock_control_nrf.c.obj)
 .text.lfclk_start
                0x000000000000655e        0xa zephyr/drivers/clock_control/libdrivers__clock_control.a(clock_control_nrf.c.obj)
 .text.hfclk_stop
                0x0000000000006568        0xa zephyr/drivers/clock_control/libdrivers__clock_control.a(clock_control_nrf.c.obj)
 .text.hfclkaudio_stop
                0x0000000000006572        0xa zephyr/drivers/clock_control/libdrivers__clock_control.a(clock_control_nrf.c.obj)
 .text.hfclk192m_stop
                0x000000000000657c        0xa zephyr/drivers/clock_control/libdrivers__clock_control.a(clock_control_nrf.c.obj)
 .text.lfclk_stop
                0x0000000000006586        0xa zephyr/drivers/clock_control/libdrivers__clock_control.a(clock_control_nrf.c.obj)
 .text.k_msleep
                0x0000000000006590       0x2c zephyr/drivers/clock_control/libdrivers__clock_control.a(clock_control_nrf.c.obj)
 .text.blocking_start_callback
                0x00000000000065bc        0xa zephyr/drivers/clock_control/libdrivers__clock_control.a(clock_control_nrf.c.obj)
 .text.sys_slist_remove
                0x00000000000065c6       0x26 zephyr/drivers/gpio/libdrivers__gpio.a(gpio_nrfx.c.obj)
 .text.sys_slist_find_and_remove
                0x00000000000065ec       0x20 zephyr/drivers/gpio/libdrivers__gpio.a(gpio_nrfx.c.obj)
 .text.gpio_manage_callback
                0x000000000000660c       0x3e zephyr/drivers/gpio/libdrivers__gpio.a(gpio_nrfx.c.obj)
 .text.gpio_fire_callbacks
                0x000000000000664a       0x40 zephyr/drivers/gpio/libdrivers__gpio.a(gpio_nrfx.c.obj)
 .text.get_drive
                0x000000000000668a       0x86 zephyr/drivers/gpio/libdrivers__gpio.a(gpio_nrfx.c.obj)
 .text.get_pull
                0x0000000000006710       0x18 zephyr/drivers/gpio/libdrivers__gpio.a(gpio_nrfx.c.obj)
 .text.gpio_nrfx_port_get_raw
                0x0000000000006728        0xc zephyr/drivers/gpio/libdrivers__gpio.a(gpio_nrfx.c.obj)
 .text.gpio_nrfx_port_set_masked_raw
                0x0000000000006734       0x14 zephyr/drivers/gpio/libdrivers__gpio.a(gpio_nrfx.c.obj)
 .text.gpio_nrfx_port_set_bits_raw
                0x0000000000006748        0xa zephyr/drivers/gpio/libdrivers__gpio.a(gpio_nrfx.c.obj)
 .text.gpio_nrfx_port_clear_bits_raw
                0x0000000000006752        0xa zephyr/drivers/gpio/libdrivers__gpio.a(gpio_nrfx.c.obj)
 .text.gpio_nrfx_port_toggle_bits
                0x000000000000675c       0x14 zephyr/drivers/gpio/libdrivers__gpio.a(gpio_nrfx.c.obj)
 .text.get_trigger
                0x0000000000006770       0x2c zephyr/drivers/gpio/libdrivers__gpio.a(gpio_nrfx.c.obj)
 .text.gpio_nrfx_manage_callback
                0x000000000000679c        0xc zephyr/drivers/gpio/libdrivers__gpio.a(gpio_nrfx.c.obj)
 .text.nrfx_gpio_handler
                0x00000000000067a8       0x1e zephyr/drivers/gpio/libdrivers__gpio.a(gpio_nrfx.c.obj)
 .text.endtx_isr
                0x00000000000067c6       0x32 zephyr/drivers/serial/libdrivers__serial.a(uart_nrfx_uarte.c.obj)
 .text.uarte_nrfx_isr_int
                0x00000000000067f8       0xa0 zephyr/drivers/serial/libdrivers__serial.a(uart_nrfx_uarte.c.obj)
 .text.uarte_nrfx_configure
                0x0000000000006898       0xc4 zephyr/drivers/serial/libdrivers__serial.a(uart_nrfx_uarte.c.obj)
 .text.uarte_nrfx_config_get
                0x000000000000695c       0x12 zephyr/drivers/serial/libdrivers__serial.a(uart_nrfx_uarte.c.obj)
 .text.uarte_nrfx_err_check
                0x000000000000696e        0xe zephyr/drivers/serial/libdrivers__serial.a(uart_nrfx_uarte.c.obj)
 .text.is_tx_ready
                0x000000000000697c       0x28 zephyr/drivers/serial/libdrivers__serial.a(uart_nrfx_uarte.c.obj)
 .text.uarte_enable
                0x00000000000069a4        0xc zephyr/drivers/serial/libdrivers__serial.a(uart_nrfx_uarte.c.obj)
 .text.tx_start
                0x00000000000069b0       0x3e zephyr/drivers/serial/libdrivers__serial.a(uart_nrfx_uarte.c.obj)
 .text.uarte_nrfx_poll_in
                0x00000000000069ee       0x2c zephyr/drivers/serial/libdrivers__serial.a(uart_nrfx_uarte.c.obj)
 .text.uarte_nrfx_fifo_read
                0x0000000000006a1a       0x2e zephyr/drivers/serial/libdrivers__serial.a(uart_nrfx_uarte.c.obj)
 .text.uarte_nrfx_irq_tx_enable
                0x0000000000006a48       0x2e zephyr/drivers/serial/libdrivers__serial.a(uart_nrfx_uarte.c.obj)
 .text.uarte_nrfx_irq_tx_disable
                0x0000000000006a76        0xa zephyr/drivers/serial/libdrivers__serial.a(uart_nrfx_uarte.c.obj)
 .text.uarte_nrfx_irq_tx_ready_complete
                0x0000000000006a80       0x30 zephyr/drivers/serial/libdrivers__serial.a(uart_nrfx_uarte.c.obj)
 .text.uarte_nrfx_irq_rx_ready
                0x0000000000006ab0       0x10 zephyr/drivers/serial/libdrivers__serial.a(uart_nrfx_uarte.c.obj)
 .text.uarte_nrfx_irq_rx_enable
                0x0000000000006ac0        0xc zephyr/drivers/serial/libdrivers__serial.a(uart_nrfx_uarte.c.obj)
 .text.uarte_nrfx_irq_rx_disable
                0x0000000000006acc        0xc zephyr/drivers/serial/libdrivers__serial.a(uart_nrfx_uarte.c.obj)
 .text.uarte_nrfx_irq_err_enable
                0x0000000000006ad8        0xe zephyr/drivers/serial/libdrivers__serial.a(uart_nrfx_uarte.c.obj)
 .text.uarte_nrfx_irq_err_disable
                0x0000000000006ae6        0xe zephyr/drivers/serial/libdrivers__serial.a(uart_nrfx_uarte.c.obj)
 .text.uarte_nrfx_irq_is_pending
                0x0000000000006af4       0x3a zephyr/drivers/serial/libdrivers__serial.a(uart_nrfx_uarte.c.obj)
 .text.uarte_nrfx_irq_update
                0x0000000000006b2e        0x4 zephyr/drivers/serial/libdrivers__serial.a(uart_nrfx_uarte.c.obj)
 .text.uarte_nrfx_irq_callback_set
                0x0000000000006b32        0xc zephyr/drivers/serial/libdrivers__serial.a(uart_nrfx_uarte.c.obj)
 .text.uarte_nrfx_fifo_fill
                0x0000000000006b3e       0x6c zephyr/drivers/serial/libdrivers__serial.a(uart_nrfx_uarte.c.obj)
 .text.k_msleep
                0x0000000000006baa       0x2c zephyr/drivers/serial/libdrivers__serial.a(uart_nrfx_uarte.c.obj)
 .text.wait_tx_ready
                0x0000000000006bd6       0x4c zephyr/drivers/serial/libdrivers__serial.a(uart_nrfx_uarte.c.obj)
 .text.pinctrl_apply_state
                0x0000000000006c22       0x20 zephyr/drivers/serial/libdrivers__serial.a(uart_nrfx_uarte.c.obj)
 .text.uarte_instance_init
                0x0000000000006c42       0xa4 zephyr/drivers/serial/libdrivers__serial.a(uart_nrfx_uarte.c.obj)
 .text.uarte_0_init
                0x0000000000006ce6       0x1e zephyr/drivers/serial/libdrivers__serial.a(uart_nrfx_uarte.c.obj)
 .text.uarte_1_init
                0x0000000000006d04       0x1e zephyr/drivers/serial/libdrivers__serial.a(uart_nrfx_uarte.c.obj)
 .text.sys_clock_idle_exit
                0x0000000000006d22        0x2 zephyr/drivers/timer/libdrivers__timer.a(sys_clock_init.c.obj)
                0x0000000000006d22                sys_clock_idle_exit
 .text.counter_sub
                0x0000000000006d24        0x8 zephyr/drivers/timer/libdrivers__timer.a(nrf_rtc_timer.c.obj)
 .text.event_check
                0x0000000000006d2c       0x1a zephyr/drivers/timer/libdrivers__timer.a(nrf_rtc_timer.c.obj)
 .text.event_clear
                0x0000000000006d46       0x18 zephyr/drivers/timer/libdrivers__timer.a(nrf_rtc_timer.c.obj)
 .text.absolute_time_to_cc
                0x0000000000006d5e        0x6 zephyr/drivers/timer/libdrivers__timer.a(nrf_rtc_timer.c.obj)
 .text.full_int_lock
                0x0000000000006d64       0x12 zephyr/drivers/timer/libdrivers__timer.a(nrf_rtc_timer.c.obj)
 .text.full_int_unlock
                0x0000000000006d76        0xa zephyr/drivers/timer/libdrivers__timer.a(nrf_rtc_timer.c.obj)
 .text.compare_set
                0x0000000000006d80       0x32 zephyr/drivers/timer/libdrivers__timer.a(nrf_rtc_timer.c.obj)
 .text.sys_clock_cycle_get_32
                0x0000000000006db2        0x8 zephyr/drivers/timer/libdrivers__timer.a(nrf_rtc_timer.c.obj)
                0x0000000000006db2                sys_clock_cycle_get_32
 .text.pinctrl_lookup_state
                0x0000000000006dba       0x32 zephyr/drivers/pinctrl/libdrivers__pinctrl.a(common.c.obj)
                0x0000000000006dba                pinctrl_lookup_state
 .text.z_impl_gpio_pin_interrupt_configure
                0x0000000000006dec       0x28 modules/nrf/lib/dk_buttons_and_leds/lib..__nrf__lib__dk_buttons_and_leds.a(dk_buttons_and_leds.c.obj)
 .text.z_impl_gpio_pin_configure
                0x0000000000006e14       0x50 modules/nrf/lib/dk_buttons_and_leds/lib..__nrf__lib__dk_buttons_and_leds.a(dk_buttons_and_leds.c.obj)
 .text.gpio_pin_configure_dt
                0x0000000000006e64       0x16 modules/nrf/lib/dk_buttons_and_leds/lib..__nrf__lib__dk_buttons_and_leds.a(dk_buttons_and_leds.c.obj)
 .text.gpio_port_get
                0x0000000000006e7a       0x18 modules/nrf/lib/dk_buttons_and_leds/lib..__nrf__lib__dk_buttons_and_leds.a(dk_buttons_and_leds.c.obj)
 .text.gpio_pin_get
                0x0000000000006e92       0x20 modules/nrf/lib/dk_buttons_and_leds/lib..__nrf__lib__dk_buttons_and_leds.a(dk_buttons_and_leds.c.obj)
 .text.gpio_pin_set_raw
                0x0000000000006eb2       0x20 modules/nrf/lib/dk_buttons_and_leds/lib..__nrf__lib__dk_buttons_and_leds.a(dk_buttons_and_leds.c.obj)
 .text.gpio_pin_set
                0x0000000000006ed2       0x1a modules/nrf/lib/dk_buttons_and_leds/lib..__nrf__lib__dk_buttons_and_leds.a(dk_buttons_and_leds.c.obj)
 .text.gpio_add_callback
                0x0000000000006eec       0x14 modules/nrf/lib/dk_buttons_and_leds/lib..__nrf__lib__dk_buttons_and_leds.a(dk_buttons_and_leds.c.obj)
 .text.dk_set_led_on
                0x0000000000006f00        0xa modules/nrf/lib/dk_buttons_and_leds/lib..__nrf__lib__dk_buttons_and_leds.a(dk_buttons_and_leds.c.obj)
                0x0000000000006f00                dk_set_led_on
 .text.dk_set_led_off
                0x0000000000006f0a        0xa modules/nrf/lib/dk_buttons_and_leds/lib..__nrf__lib__dk_buttons_and_leds.a(dk_buttons_and_leds.c.obj)
                0x0000000000006f0a                dk_set_led_off
 .text.k_sys_fatal_error_handler
                0x0000000000006f14        0x8 modules/nrf/lib/fatal_error/lib..__nrf__lib__fatal_error.a(fatal_error.c.obj)
                0x0000000000006f14                k_sys_fatal_error_handler
 .text.hw_cc3xx_init_internal
                0x0000000000006f1c        0x8 modules/nrf/drivers/hw_cc310/lib..__nrf__drivers__hw_cc310.a(hw_cc310.c.obj)
 .text.hw_cc3xx_init
                0x0000000000006f24       0x14 modules/nrf/drivers/hw_cc310/lib..__nrf__drivers__hw_cc310.a(hw_cc310.c.obj)
 .text.nrf53_errata_42
                0x0000000000006f38       0x28 modules/hal_nordic/nrfx/libmodules__hal_nordic__nrfx.a(system_nrf5340_application.c.obj)
 .text.nrf53_errata_46
                0x0000000000006f60       0x30 modules/hal_nordic/nrfx/libmodules__hal_nordic__nrfx.a(system_nrf5340_application.c.obj)
 .text.nrf53_errata_49
                0x0000000000006f90       0x28 modules/hal_nordic/nrfx/libmodules__hal_nordic__nrfx.a(system_nrf5340_application.c.obj)
 .text.nrf53_errata_55
                0x0000000000006fb8       0x18 modules/hal_nordic/nrfx/libmodules__hal_nordic__nrfx.a(system_nrf5340_application.c.obj)
 .text.nrf53_errata_64
                0x0000000000006fd0       0x28 modules/hal_nordic/nrfx/libmodules__hal_nordic__nrfx.a(system_nrf5340_application.c.obj)
 .text.nrf53_errata_69
                0x0000000000006ff8       0x28 modules/hal_nordic/nrfx/libmodules__hal_nordic__nrfx.a(system_nrf5340_application.c.obj)
 .text.nrf53_errata_97
                0x0000000000007020       0x28 modules/hal_nordic/nrfx/libmodules__hal_nordic__nrfx.a(system_nrf5340_application.c.obj)
 .text.nrf53_errata_140
                0x0000000000007048       0x18 modules/hal_nordic/nrfx/libmodules__hal_nordic__nrfx.a(system_nrf5340_application.c.obj)
 .text.nrfx_isr
                0x0000000000007060        0x6 modules/hal_nordic/nrfx/libmodules__hal_nordic__nrfx.a(nrfx_glue.c.obj)
                0x0000000000007060                nrfx_isr
 .text.nrfx_busy_wait
                0x0000000000007066        0x8 modules/hal_nordic/nrfx/libmodules__hal_nordic__nrfx.a(nrfx_glue.c.obj)
                0x0000000000007066                nrfx_busy_wait
 .text.nrf_clock_is_running
                0x000000000000706e       0x74 modules/hal_nordic/nrfx/libmodules__hal_nordic__nrfx.a(nrfx_clock.c.obj)
 .text.clock_initial_lfclksrc_get
                0x00000000000070e2        0x4 modules/hal_nordic/nrfx/libmodules__hal_nordic__nrfx.a(nrfx_clock.c.obj)
 .text.nrfx_power_clock_irq_init
                0x00000000000070e6       0x14 modules/hal_nordic/nrfx/libmodules__hal_nordic__nrfx.a(nrfx_clock.c.obj)
 .text.clock_stop
                0x00000000000070fa       0xba modules/hal_nordic/nrfx/libmodules__hal_nordic__nrfx.a(nrfx_clock.c.obj)
 .text.clock_lfclksrc_tweak
                0x00000000000071b4       0x2a modules/hal_nordic/nrfx/libmodules__hal_nordic__nrfx.a(nrfx_clock.c.obj)
 .text.nrfx_clock_enable
                0x00000000000071de       0x1e modules/hal_nordic/nrfx/libmodules__hal_nordic__nrfx.a(nrfx_clock.c.obj)
                0x00000000000071de                nrfx_clock_enable
 .text.nrfx_clock_start
                0x00000000000071fc       0xea modules/hal_nordic/nrfx/libmodules__hal_nordic__nrfx.a(nrfx_clock.c.obj)
                0x00000000000071fc                nrfx_clock_start
 .text.nrfx_clock_stop
                0x00000000000072e6        0x8 modules/hal_nordic/nrfx/libmodules__hal_nordic__nrfx.a(nrfx_clock.c.obj)
                0x00000000000072e6                nrfx_clock_stop
 .text.nrf_gpiote_event_configure
                0x00000000000072ee       0x32 modules/hal_nordic/nrfx/libmodules__hal_nordic__nrfx.a(nrfx_gpiote.c.obj)
 .text.nrf_gpiote_task_configure
                0x0000000000007320       0x3e modules/hal_nordic/nrfx/libmodules__hal_nordic__nrfx.a(nrfx_gpiote.c.obj)
 .text.nrf_gpio_cfg_sense_set
                0x000000000000735e       0x20 modules/hal_nordic/nrfx/libmodules__hal_nordic__nrfx.a(nrfx_gpiote.c.obj)
 .text.pin_is_task_output
                0x000000000000737e       0x1e modules/hal_nordic/nrfx/libmodules__hal_nordic__nrfx.a(nrfx_gpiote.c.obj)
 .text.pin_is_input
                0x000000000000739c        0xe modules/hal_nordic/nrfx/libmodules__hal_nordic__nrfx.a(nrfx_gpiote.c.obj)
 .text.gpiote_polarity_to_trigger
                0x00000000000073aa        0x2 modules/hal_nordic/nrfx/libmodules__hal_nordic__nrfx.a(nrfx_gpiote.c.obj)
 .text.gpiote_trigger_to_polarity
                0x00000000000073ac        0x2 modules/hal_nordic/nrfx/libmodules__hal_nordic__nrfx.a(nrfx_gpiote.c.obj)
 .text.is_level
                0x00000000000073ae        0xa modules/hal_nordic/nrfx/libmodules__hal_nordic__nrfx.a(nrfx_gpiote.c.obj)
 .text.latch_pending_read_and_check
                0x00000000000073b8       0x26 modules/hal_nordic/nrfx/libmodules__hal_nordic__nrfx.a(nrfx_gpiote.c.obj)
 .text.z_device_is_ready
                0x00000000000073de       0x20 zephyr/kernel/libkernel.a(device.c.obj)
                0x00000000000073de                z_device_is_ready
 .text.z_fatal_error
                0x00000000000073fe       0x34 zephyr/kernel/libkernel.a(fatal.c.obj)
                0x00000000000073fe                z_fatal_error
 .text.z_early_memset
                0x0000000000007432        0x8 zephyr/kernel/libkernel.a(init.c.obj)
                0x0000000000007432                z_early_memset
 .text.z_early_memcpy
                0x000000000000743a        0x8 zephyr/kernel/libkernel.a(init.c.obj)
                0x000000000000743a                z_early_memcpy
 .text.create_free_list
                0x0000000000007442       0x2e zephyr/kernel/libkernel.a(mem_slab.c.obj)
 .text.k_mem_slab_init
                0x0000000000007470       0x1c zephyr/kernel/libkernel.a(mem_slab.c.obj)
                0x0000000000007470                k_mem_slab_init
 .text.k_mem_slab_free
                0x000000000000748c       0x5e zephyr/kernel/libkernel.a(mem_slab.c.obj)
                0x000000000000748c                k_mem_slab_free
 .text.setup_thread_stack
                0x00000000000074ea       0x18 zephyr/kernel/libkernel.a(thread.c.obj)
 .text.k_is_in_isr
                0x0000000000007502        0xc zephyr/kernel/libkernel.a(thread.c.obj)
                0x0000000000007502                k_is_in_isr
 .text.z_impl_k_thread_start
                0x000000000000750e        0x8 zephyr/kernel/libkernel.a(thread.c.obj)
                0x000000000000750e                z_impl_k_thread_start
 .text.z_init_thread_base
                0x0000000000007516       0x16 zephyr/kernel/libkernel.a(thread.c.obj)
                0x0000000000007516                z_init_thread_base
 .text.z_impl_k_thread_create
                0x000000000000752c       0x44 zephyr/kernel/libkernel.a(thread.c.obj)
                0x000000000000752c                z_impl_k_thread_create
 .text.z_pm_save_idle_exit
                0x0000000000007570        0xc zephyr/kernel/libkernel.a(idle.c.obj)
                0x0000000000007570                z_pm_save_idle_exit
 .text.new_prio_for_inheritance
                0x000000000000757c       0x16 zephyr/kernel/libkernel.a(mutex.c.obj)
 .text.adjust_owner_prio
                0x0000000000007592       0x16 zephyr/kernel/libkernel.a(mutex.c.obj)
 .text.z_impl_k_mutex_init
                0x00000000000075a8        0xe zephyr/kernel/libkernel.a(mutex.c.obj)
                0x00000000000075a8                z_impl_k_mutex_init
 .text.sys_slist_remove
                0x00000000000075b6       0x26 zephyr/kernel/libkernel.a(work.c.obj)
 .text.notify_queue_locked
                0x00000000000075dc       0x14 zephyr/kernel/libkernel.a(work.c.obj)
 .text.submit_to_queue_locked
                0x00000000000075f0       0x60 zephyr/kernel/libkernel.a(work.c.obj)
 .text.work_timeout
                0x0000000000007650       0x46 zephyr/kernel/libkernel.a(work.c.obj)
 .text.unschedule_locked
                0x0000000000007696       0x1e zephyr/kernel/libkernel.a(work.c.obj)
 .text.k_work_init_delayable
                0x00000000000076b4       0x18 zephyr/kernel/libkernel.a(work.c.obj)
                0x00000000000076b4                k_work_init_delayable
 .text.k_work_schedule_for_queue
                0x00000000000076cc       0x34 zephyr/kernel/libkernel.a(work.c.obj)
                0x00000000000076cc                k_work_schedule_for_queue
 .text.k_work_reschedule_for_queue
                0x0000000000007700       0x3a zephyr/kernel/libkernel.a(work.c.obj)
                0x0000000000007700                k_work_reschedule_for_queue
 .text.thread_active_elsewhere
                0x000000000000773a        0x4 zephyr/kernel/libkernel.a(sched.c.obj)
 .text.pended_on_thread
                0x000000000000773e        0x4 zephyr/kernel/libkernel.a(sched.c.obj)
 .text.z_sched_prio_cmp
                0x0000000000007742       0x14 zephyr/kernel/libkernel.a(sched.c.obj)
                0x0000000000007742                z_sched_prio_cmp
 .text.z_reschedule_irqlock
                0x0000000000007756       0x1c zephyr/kernel/libkernel.a(sched.c.obj)
                0x0000000000007756                z_reschedule_irqlock
 .text.z_reschedule_unlocked
                0x0000000000007772       0x18 zephyr/kernel/libkernel.a(sched.c.obj)
 .text.z_priq_dumb_remove
                0x000000000000778a       0x10 zephyr/kernel/libkernel.a(sched.c.obj)
                0x000000000000778a                z_priq_dumb_remove
 .text.unpend_thread_no_timeout
                0x000000000000779a       0x1c zephyr/kernel/libkernel.a(sched.c.obj)
 .text.z_priq_dumb_best
                0x00000000000077b6        0xe zephyr/kernel/libkernel.a(sched.c.obj)
                0x00000000000077b6                z_priq_dumb_best
 .text.z_ready_thread
                0x00000000000077c4       0x38 zephyr/kernel/libkernel.a(sched.c.obj)
                0x00000000000077c4                z_ready_thread
 .text.z_thread_timeout
                0x00000000000077fc       0x5e zephyr/kernel/libkernel.a(sched.c.obj)
                0x00000000000077fc                z_thread_timeout
 .text.unpend_all
                0x000000000000785a       0x2a zephyr/kernel/libkernel.a(sched.c.obj)
 .text.add_to_waitq_locked
                0x0000000000007884       0x56 zephyr/kernel/libkernel.a(sched.c.obj)
 .text.pend_locked
                0x00000000000078da       0x18 zephyr/kernel/libkernel.a(sched.c.obj)
 .text.z_unpend_first_thread
                0x00000000000078f2       0x44 zephyr/kernel/libkernel.a(sched.c.obj)
                0x00000000000078f2                z_unpend_first_thread
 .text.init_ready_q
                0x0000000000007936        0x8 zephyr/kernel/libkernel.a(sched.c.obj)
                0x0000000000007936                init_ready_q
 .text.z_sched_wake
                0x000000000000793e       0x5c zephyr/kernel/libkernel.a(sched.c.obj)
                0x000000000000793e                z_sched_wake
 .text.remove_timeout
                0x000000000000799a       0x2e zephyr/kernel/libkernel.a(timeout.c.obj)
 .text.z_abort_timeout
                0x00000000000079c8       0x3c zephyr/kernel/libkernel.a(timeout.c.obj)
                0x00000000000079c8                z_abort_timeout
 .text.z_get_next_timeout_expiry
                0x0000000000007a04       0x2e zephyr/kernel/libkernel.a(timeout.c.obj)
                0x0000000000007a04                z_get_next_timeout_expiry
 .text.z_set_timeout_expiry
                0x0000000000007a32       0x56 zephyr/kernel/libkernel.a(timeout.c.obj)
                0x0000000000007a32                z_set_timeout_expiry
 .text.sys_clock_tick_get_32
                0x0000000000007a88        0x8 zephyr/kernel/libkernel.a(timeout.c.obj)
                0x0000000000007a88                sys_clock_tick_get_32
 .text.z_impl_k_busy_wait
                0x0000000000007a90        0xc zephyr/kernel/libkernel.a(timeout.c.obj)
                0x0000000000007a90                z_impl_k_busy_wait
 .text.k_heap_init
                0x0000000000007a9c       0x10 zephyr/kernel/libkernel.a(kheap.c.obj)
                0x0000000000007a9c                k_heap_init
 .text._OffsetAbsSyms
                0x0000000000007aac        0x2 zephyr/CMakeFiles/offsets.dir/./arch/arm/core/offsets/offsets.c.obj
                0x0000000000007aac                _OffsetAbsSyms
 *(SORT_BY_ALIGNMENT(.TEXT.*))
 *(SORT_BY_ALIGNMENT(.gnu.linkonce.t.*))
 *(SORT_BY_ALIGNMENT(.glue_7t))
 .glue_7t       0x0000000000007aae        0x0 linker stubs
 *(SORT_BY_ALIGNMENT(.glue_7))
 .glue_7        0x0000000000007aae        0x0 linker stubs
 *(SORT_BY_ALIGNMENT(.vfp11_veneer))
 .vfp11_veneer  0x0000000000007aae        0x0 linker stubs
 *(SORT_BY_ALIGNMENT(.v4_bx))
 .v4_bx         0x0000000000007aae        0x0 linker stubs
                0x0000000000007ab0                . = ALIGN (0x4)
 *fill*         0x0000000000007aae        0x2 
                0x0000000000007ab0                __text_region_end = .

.ARM.exidx      0x0000000000007ab0        0x8
                0x0000000000007ab0                __exidx_start = .
 *(SORT_BY_ALIGNMENT(.ARM.exidx*) SORT_BY_ALIGNMENT(gnu.linkonce.armexidx.*))
 .ARM.exidx     0x0000000000007ab0        0x8 d:/software/ncs/toolchains/v2.3.0/opt/zephyr-sdk/arm-zephyr-eabi/bin/../lib/gcc/arm-zephyr-eabi/12.1.0/thumb/v8-m.main/nofp\libgcc.a(_udivmoddi4.o)
                0x0000000000007ab8                __exidx_end = .
                0x0000000000007ab8                __rodata_region_start = .

initlevel       0x0000000000007ab8       0x68
                0x0000000000007ab8                __init_start = .
                0x0000000000007ab8                __init_EARLY_start = .
 *(SORT_BY_NAME(SORT_BY_ALIGNMENT(.z_init_EARLY[0-9]_*)))
 *(SORT_BY_NAME(SORT_BY_ALIGNMENT(.z_init_EARLY[1-9][0-9]_*)))
                0x0000000000007ab8                __init_PRE_KERNEL_1_start = .
 *(SORT_BY_NAME(SORT_BY_ALIGNMENT(.z_init_PRE_KERNEL_1[0-9]_*)))
 .z_init_PRE_KERNEL_10_
                0x0000000000007ab8        0x8 zephyr/libzephyr.a(soc.c.obj)
 *(SORT_BY_NAME(SORT_BY_ALIGNMENT(.z_init_PRE_KERNEL_1[1-9][0-9]_*)))
 .z_init_PRE_KERNEL_130_
                0x0000000000007ac0        0x8 zephyr/drivers/clock_control/libdrivers__clock_control.a(clock_control_nrf.c.obj)
 .z_init_PRE_KERNEL_130_
                0x0000000000007ac8        0x8 zephyr/kernel/libkernel.a(mem_slab.c.obj)
 .z_init_PRE_KERNEL_130_
                0x0000000000007ad0        0x8 zephyr/kernel/libkernel.a(kheap.c.obj)
 .z_init_PRE_KERNEL_140_
                0x0000000000007ad8       0x10 zephyr/drivers/gpio/libdrivers__gpio.a(gpio_nrfx.c.obj)
 .z_init_PRE_KERNEL_140_
                0x0000000000007ae8        0x8 modules/nrf/drivers/hw_cc310/lib..__nrf__drivers__hw_cc310.a(hw_cc310.c.obj)
 .z_init_PRE_KERNEL_155_
                0x0000000000007af0       0x10 zephyr/drivers/serial/libdrivers__serial.a(uart_nrfx_uarte.c.obj)
 .z_init_PRE_KERNEL_160_
                0x0000000000007b00        0x8 zephyr/drivers/console/libdrivers__console.a(uart_console.c.obj)
                0x0000000000007b08                __init_PRE_KERNEL_2_start = .
 *(SORT_BY_NAME(SORT_BY_ALIGNMENT(.z_init_PRE_KERNEL_2[0-9]_*)))
 .z_init_PRE_KERNEL_20_
                0x0000000000007b08        0x8 zephyr/drivers/timer/libdrivers__timer.a(nrf_rtc_timer.c.obj)
 *(SORT_BY_NAME(SORT_BY_ALIGNMENT(.z_init_PRE_KERNEL_2[1-9][0-9]_*)))
                0x0000000000007b10                __init_POST_KERNEL_start = .
 *(SORT_BY_NAME(SORT_BY_ALIGNMENT(.z_init_POST_KERNEL[0-9]_*)))
 *(SORT_BY_NAME(SORT_BY_ALIGNMENT(.z_init_POST_KERNEL[1-9][0-9]_*)))
 .z_init_POST_KERNEL40_
                0x0000000000007b10        0x8 modules/nrf/drivers/hw_cc310/lib..__nrf__drivers__hw_cc310.a(hw_cc310.c.obj)
 .z_init_POST_KERNEL40_
                0x0000000000007b18        0x8 zephyr/kernel/libkernel.a(system_work_q.c.obj)
                0x0000000000007b20                __init_APPLICATION_start = .
 *(SORT_BY_NAME(SORT_BY_ALIGNMENT(.z_init_APPLICATION[0-9]_*)))
 *(SORT_BY_NAME(SORT_BY_ALIGNMENT(.z_init_APPLICATION[1-9][0-9]_*)))
                0x0000000000007b20                __init_SMP_start = .
 *(SORT_BY_NAME(SORT_BY_ALIGNMENT(.z_init_SMP[0-9]_*)))
 *(SORT_BY_NAME(SORT_BY_ALIGNMENT(.z_init_SMP[1-9][0-9]_*)))
                0x0000000000007b20                __init_end = .

devices         0x0000000000007b20       0x78
                0x0000000000007b20                __device_start = .
                0x0000000000007b20                __device_EARLY_start = .
 *(SORT_BY_NAME(SORT_BY_ALIGNMENT(.z_device_EARLY[0-9]_*)))
 *(SORT_BY_NAME(SORT_BY_ALIGNMENT(.z_device_EARLY[1-9][0-9]_*)))
                0x0000000000007b20                __device_PRE_KERNEL_1_start = .
 *(SORT_BY_NAME(SORT_BY_ALIGNMENT(.z_device_PRE_KERNEL_1[0-9]_*)))
 *(SORT_BY_NAME(SORT_BY_ALIGNMENT(.z_device_PRE_KERNEL_1[1-9][0-9]_*)))
 .z_device_PRE_KERNEL_130_
                0x0000000000007b20       0x18 zephyr/drivers/clock_control/libdrivers__clock_control.a(clock_control_nrf.c.obj)
                0x0000000000007b20                __device_dts_ord_76
 .z_device_PRE_KERNEL_140_
                0x0000000000007b38       0x30 zephyr/drivers/gpio/libdrivers__gpio.a(gpio_nrfx.c.obj)
                0x0000000000007b38                __device_dts_ord_30
                0x0000000000007b50                __device_dts_ord_9
 .z_device_PRE_KERNEL_155_
                0x0000000000007b68       0x30 zephyr/drivers/serial/libdrivers__serial.a(uart_nrfx_uarte.c.obj)
                0x0000000000007b68                __device_dts_ord_118
                0x0000000000007b80                __device_dts_ord_117
                0x0000000000007b98                __device_PRE_KERNEL_2_start = .
 *(SORT_BY_NAME(SORT_BY_ALIGNMENT(.z_device_PRE_KERNEL_2[0-9]_*)))
 *(SORT_BY_NAME(SORT_BY_ALIGNMENT(.z_device_PRE_KERNEL_2[1-9][0-9]_*)))
                0x0000000000007b98                __device_POST_KERNEL_start = .
 *(SORT_BY_NAME(SORT_BY_ALIGNMENT(.z_device_POST_KERNEL[0-9]_*)))
 *(SORT_BY_NAME(SORT_BY_ALIGNMENT(.z_device_POST_KERNEL[1-9][0-9]_*)))
                0x0000000000007b98                __device_APPLICATION_start = .
 *(SORT_BY_NAME(SORT_BY_ALIGNMENT(.z_device_APPLICATION[0-9]_*)))
 *(SORT_BY_NAME(SORT_BY_ALIGNMENT(.z_device_APPLICATION[1-9][0-9]_*)))
                0x0000000000007b98                __device_SMP_start = .
 *(SORT_BY_NAME(SORT_BY_ALIGNMENT(.z_device_SMP[0-9]_*)))
 *(SORT_BY_NAME(SORT_BY_ALIGNMENT(.z_device_SMP[1-9][0-9]_*)))
                0x0000000000007b98                __device_end = .

sw_isr_table    0x0000000000007b98      0x228
                0x0000000000007b98                . = ALIGN (0x4)
 *(SORT_BY_ALIGNMENT(.gnu.linkonce.sw_isr_table*))
 .gnu.linkonce.sw_isr_table
                0x0000000000007b98      0x228 zephyr/CMakeFiles/zephyr_final.dir/isr_tables.c.obj
                0x0000000000007b98                _sw_isr_table

initlevel_error
                0x0000000000007ab8        0x0
 *(SORT_BY_NAME(SORT_BY_ALIGNMENT(.z_init_[_A-Z0-9]*)))
                0x0000000000000001                ASSERT ((SIZEOF (initlevel_error) == 0x0), Undefined initialization levels used.)

app_shmem_regions
                0x0000000000007dc0        0x0
                0x0000000000007dc0                __app_shmem_regions_start = .
 *(SORT_BY_NAME(SORT_BY_ALIGNMENT(.app_regions.*)))
                0x0000000000007dc0                __app_shmem_regions_end = .

k_p4wq_initparam_area
                0x0000000000007dc0        0x0
                0x0000000000007dc0                _k_p4wq_initparam_list_start = .
 *(SORT_BY_NAME(SORT_BY_ALIGNMENT(._k_p4wq_initparam.static.*)))
                0x0000000000007dc0                _k_p4wq_initparam_list_end = .

_static_thread_data_area
                0x0000000000007dc0        0x0
                0x0000000000007dc0                __static_thread_data_list_start = .
 *(SORT_BY_NAME(SORT_BY_ALIGNMENT(.__static_thread_data.static.*)))
                0x0000000000007dc0                __static_thread_data_list_end = .

device_handles  0x0000000000007dc0       0x1e
                0x0000000000007dc0                __device_handles_start = .
 *(SORT_BY_NAME(SORT_BY_ALIGNMENT(.__device_handles_pass2*)))
 .__device_handles_pass2
                0x0000000000007dc0       0x1e zephyr/CMakeFiles/zephyr_final.dir/dev_handles.c.obj
                0x0000000000007dc0                __devicehdl_dts_ord_117
                0x0000000000007dc6                __devicehdl_dts_ord_118
                0x0000000000007dcc                __devicehdl_dts_ord_9
                0x0000000000007dd2                __devicehdl_dts_ord_30
                0x0000000000007dd8                __devicehdl_dts_ord_76
                0x0000000000007dde                __device_handles_end = .

ztest           0x0000000000007dde        0x0
                0x0000000000007dde                _ztest_expected_result_entry_list_start = .
 *(SORT_BY_NAME(SORT_BY_ALIGNMENT(._ztest_expected_result_entry.static.*)))
                0x0000000000007dde                _ztest_expected_result_entry_list_end = .
                0x0000000000007dde                _ztest_suite_node_list_start = .
 *(SORT_BY_NAME(SORT_BY_ALIGNMENT(._ztest_suite_node.static.*)))
                0x0000000000007dde                _ztest_suite_node_list_end = .
                0x0000000000007dde                _ztest_unit_test_list_start = .
 *(SORT_BY_NAME(SORT_BY_ALIGNMENT(._ztest_unit_test.static.*)))
                0x0000000000007dde                _ztest_unit_test_list_end = .
                0x0000000000007dde                _ztest_test_rule_list_start = .
 *(SORT_BY_NAME(SORT_BY_ALIGNMENT(._ztest_test_rule.static.*)))
                0x0000000000007dde                _ztest_test_rule_list_end = .

bt_l2cap_fixed_chan_area
                0x0000000000007dde        0x0
                0x0000000000007dde                _bt_l2cap_fixed_chan_list_start = .
 *(SORT_BY_NAME(SORT_BY_ALIGNMENT(._bt_l2cap_fixed_chan.static.*)))
                0x0000000000007dde                _bt_l2cap_fixed_chan_list_end = .

bt_gatt_service_static_area
                0x0000000000007dde        0x0
                0x0000000000007dde                _bt_gatt_service_static_list_start = .
 *(SORT_BY_NAME(SORT_BY_ALIGNMENT(._bt_gatt_service_static.static.*)))
                0x0000000000007dde                _bt_gatt_service_static_list_end = .

log_strings_sections
                0x0000000000007dde        0x0
                0x0000000000007dde                __log_strings_start = .
 *(SORT_BY_NAME(SORT_BY_ALIGNMENT(.log_strings*)))
                0x0000000000007dde                __log_strings_end = .

log_const_sections
                0x0000000000007de0       0x60
                0x0000000000007de0                __log_const_start = .
 *(SORT_BY_NAME(SORT_BY_ALIGNMENT(.log_const_*)))
 .log_const_NRFX_CLOCK
                0x0000000000007de0        0x8 modules/hal_nordic/nrfx/libmodules__hal_nordic__nrfx.a(nrfx_clock.c.obj)
                0x0000000000007de0                log_const_NRFX_CLOCK
 .log_const_NRFX_DPPI
                0x0000000000007de8        0x8 modules/hal_nordic/nrfx/libmodules__hal_nordic__nrfx.a(nrfx_dppi.c.obj)
                0x0000000000007de8                log_const_NRFX_DPPI
 .log_const_NRFX_GPIOTE
                0x0000000000007df0        0x8 modules/hal_nordic/nrfx/libmodules__hal_nordic__nrfx.a(nrfx_gpiote.c.obj)
                0x0000000000007df0                log_const_NRFX_GPIOTE
 .log_const_cbprintf_package
                0x0000000000007df8        0x8 zephyr/libzephyr.a(cbprintf_packaged.c.obj)
                0x0000000000007df8                log_const_cbprintf_package
 .log_const_clock_control
                0x0000000000007e00        0x8 zephyr/drivers/clock_control/libdrivers__clock_control.a(clock_control_nrf.c.obj)
                0x0000000000007e00                log_const_clock_control
 .log_const_dk_buttons_and_leds
                0x0000000000007e08        0x8 modules/nrf/lib/dk_buttons_and_leds/lib..__nrf__lib__dk_buttons_and_leds.a(dk_buttons_and_leds.c.obj)
                0x0000000000007e08                log_const_dk_buttons_and_leds
 .log_const_fatal_error
                0x0000000000007e10        0x8 modules/nrf/lib/fatal_error/lib..__nrf__lib__fatal_error.a(fatal_error.c.obj)
                0x0000000000007e10                log_const_fatal_error
 .log_const_mpu
                0x0000000000007e18        0x8 zephyr/arch/arch/arm/core/aarch32/mpu/libarch__arm__core__aarch32__mpu.a(arm_core_mpu.c.obj)
                0x0000000000007e18                log_const_mpu
 .log_const_os  0x0000000000007e20        0x8 zephyr/kernel/libkernel.a(init.c.obj)
                0x0000000000007e20                log_const_os
 .log_const_pm  0x0000000000007e28        0x8 zephyr/libzephyr.a(pm.c.obj)
                0x0000000000007e28                log_const_pm
 .log_const_soc
                0x0000000000007e30        0x8 zephyr/libzephyr.a(soc.c.obj)
                0x0000000000007e30                log_const_soc
 .log_const_uart_nrfx_uarte
                0x0000000000007e38        0x8 zephyr/drivers/serial/libdrivers__serial.a(uart_nrfx_uarte.c.obj)
                0x0000000000007e38                log_const_uart_nrfx_uarte
                0x0000000000007e40                __log_const_end = .

log_backend_area
                0x0000000000007e40        0x0
                0x0000000000007e40                _log_backend_list_start = .
 *(SORT_BY_NAME(SORT_BY_ALIGNMENT(._log_backend.static.*)))