Archive member included to satisfy reference by file (symbol)

app/libapp.a(main.c.obj)      (--whole-archive)
zephyr/libzephyr.a(cbprintf_packaged.c.obj)
                              (--whole-archive)
zephyr/libzephyr.a(dec.c.obj)
                              (--whole-archive)
zephyr/libzephyr.a(fdtable.c.obj)
                              (--whole-archive)
zephyr/libzephyr.a(hex.c.obj)
                              (--whole-archive)
zephyr/libzephyr.a(printk.c.obj)
                              (--whole-archive)
zephyr/libzephyr.a(rb.c.obj)  (--whole-archive)
zephyr/libzephyr.a(sem.c.obj)
                              (--whole-archive)
zephyr/libzephyr.a(thread_entry.c.obj)
                              (--whole-archive)
zephyr/libzephyr.a(timeutil.c.obj)
                              (--whole-archive)
zephyr/libzephyr.a(heap.c.obj)
                              (--whole-archive)
zephyr/libzephyr.a(heap-validate.c.obj)
                              (--whole-archive)
zephyr/libzephyr.a(bitarray.c.obj)
                              (--whole-archive)
zephyr/libzephyr.a(multi_heap.c.obj)
                              (--whole-archive)
zephyr/libzephyr.a(onoff.c.obj)
                              (--whole-archive)
zephyr/libzephyr.a(notify.c.obj)
                              (--whole-archive)
zephyr/libzephyr.a(crc32c_sw.c.obj)
                              (--whole-archive)
zephyr/libzephyr.a(crc32_sw.c.obj)
                              (--whole-archive)
zephyr/libzephyr.a(crc16_sw.c.obj)
                              (--whole-archive)
zephyr/libzephyr.a(crc8_sw.c.obj)
                              (--whole-archive)
zephyr/libzephyr.a(crc7_sw.c.obj)
                              (--whole-archive)
zephyr/libzephyr.a(cbprintf_complete.c.obj)
                              (--whole-archive)
zephyr/libzephyr.a(cbprintf.c.obj)
                              (--whole-archive)
zephyr/libzephyr.a(assert.c.obj)
                              (--whole-archive)
zephyr/libzephyr.a(reboot.c.obj)
                              (--whole-archive)
zephyr/libzephyr.a(configs.c.obj)
                              (--whole-archive)
zephyr/libzephyr.a(soc.c.obj)
                              (--whole-archive)
zephyr/libzephyr.a(power.c.obj)
                              (--whole-archive)
zephyr/libzephyr.a(soc_nrf_common.S.obj)
                              (--whole-archive)
zephyr/libzephyr.a(validate_base_addresses.c.obj)
                              (--whole-archive)
zephyr/libzephyr.a(validate_enabled_instances.c.obj)
                              (--whole-archive)
zephyr/libzephyr.a(thread_info.c.obj)
                              (--whole-archive)
zephyr/libzephyr.a(pm.c.obj)  (--whole-archive)
zephyr/libzephyr.a(policy.c.obj)
                              (--whole-archive)
zephyr/libzephyr.a(state.c.obj)
                              (--whole-archive)
zephyr/libzephyr.a(tracing_none.c.obj)
                              (--whole-archive)
zephyr/libzephyr.a(nrf_cc3xx_platform_abort_zephyr.c.obj)
                              (--whole-archive)
zephyr/libzephyr.a(nrf_cc3xx_platform_mutex_zephyr.c.obj)
                              (--whole-archive)
zephyr/arch/common/libarch__common.a(sw_isr_common.c.obj)
                              (--whole-archive)
zephyr/arch/arch/arm/core/aarch32/libarch__arm__core__aarch32.a(cpu_idle.S.obj)
                              (--whole-archive)
zephyr/arch/arch/arm/core/aarch32/libarch__arm__core__aarch32.a(fatal.c.obj)
                              (--whole-archive)
zephyr/arch/arch/arm/core/aarch32/libarch__arm__core__aarch32.a(irq_manage.c.obj)
                              (--whole-archive)
zephyr/arch/arch/arm/core/aarch32/libarch__arm__core__aarch32.a(nmi.c.obj)
                              (--whole-archive)
zephyr/arch/arch/arm/core/aarch32/libarch__arm__core__aarch32.a(nmi_on_reset.S.obj)
                              (--whole-archive)
zephyr/arch/arch/arm/core/aarch32/libarch__arm__core__aarch32.a(prep_c.c.obj)
                              (--whole-archive)
zephyr/arch/arch/arm/core/aarch32/libarch__arm__core__aarch32.a(swap.c.obj)
                              (--whole-archive)
zephyr/arch/arch/arm/core/aarch32/libarch__arm__core__aarch32.a(swap_helper.S.obj)
                              (--whole-archive)
zephyr/arch/arch/arm/core/aarch32/libarch__arm__core__aarch32.a(thread.c.obj)
                              (--whole-archive)
zephyr/arch/arch/arm/core/aarch32/libarch__arm__core__aarch32.a(isr_wrapper.S.obj)
                              (--whole-archive)
zephyr/arch/arch/arm/core/aarch32/cortex_m/libarch__arm__core__aarch32__cortex_m.a(exc_exit.S.obj)
                              (--whole-archive)
zephyr/arch/arch/arm/core/aarch32/cortex_m/libarch__arm__core__aarch32__cortex_m.a(fault.c.obj)
                              (--whole-archive)
zephyr/arch/arch/arm/core/aarch32/cortex_m/libarch__arm__core__aarch32__cortex_m.a(fault_s.S.obj)
[...]
Memory Configuration

Name             Origin             Length             Attributes
FLASH            0x0000000000000000 0x0000000000100000 xr
RAM              0x0000000020000000 0x0000000000070000 xw
IDT_LIST         0x00000000fffff7ff 0x0000000000000800 xw
*default*        0x0000000000000000 0xffffffffffffffff

Linker script and memory map

LOAD zephyr/CMakeFiles/zephyr_pre1.dir/misc/empty_file.c.obj
LOAD zephyr/CMakeFiles/zephyr_pre1.dir/dev_handles.c.obj
                0x0000000000000020                _region_min_align = 0x20

.rel.plt        0x0000000000000000        0x0
 *(SORT_BY_ALIGNMENT(.rel.plt))
                [!provide]                        PROVIDE (__rel_iplt_start = .)
 *(SORT_BY_ALIGNMENT(.rel.iplt))
 .rel.iplt      0x0000000000000000        0x0 app/libapp.a(main.c.obj)
                [!provide]                        PROVIDE (__rel_iplt_end = .)

.rela.plt       0x0000000000000000        0x0
 *(SORT_BY_ALIGNMENT(.rela.plt))
                [!provide]                        PROVIDE (__rela_iplt_start = .)
 *(SORT_BY_ALIGNMENT(.rela.iplt))
                [!provide]                        PROVIDE (__rela_iplt_end = .)

.rel.dyn
 *(SORT_BY_ALIGNMENT(.rel.*))

.rela.dyn
 *(SORT_BY_ALIGNMENT(.rela.*))

/DISCARD/
 *(SORT_BY_ALIGNMENT(.plt))

/DISCARD/
 *(SORT_BY_ALIGNMENT(.iplt))
                0x0000000000000000                __rom_region_start = 0x0

rom_start       0x0000000000000000      0x154
                0x0000000000000000                . = 0x0
                0x0000000000000000                . = ALIGN (0x4)
                0x0000000000000000                . = ALIGN (0x80)
                0x0000000000000000                . = ALIGN (0x200)
                0x0000000000000000                _vector_start = .
 *(SORT_BY_ALIGNMENT(.exc_vector_table))
 *(SORT_BY_ALIGNMENT(.exc_vector_table.*))
 .exc_vector_table._vector_table_section
                0x0000000000000000       0x40 zephyr/arch/arch/arm/core/aarch32/cortex_m/libarch__arm__core__aarch32__cortex_m.a(vector_table.S.obj)
                0x0000000000000000                _vector_table
 *(SORT_BY_ALIGNMENT(.vectors))
                0x0000000000000154                _vector_end = .
                0x0000000000000040                . = ALIGN (0x4)
 *(SORT_BY_ALIGNMENT(.gnu.linkonce.irq_vector_table*))
 .gnu.linkonce.irq_vector_table
                0x0000000000000040      0x114 zephyr/arch/common/libisr_tables.a(isr_tables.c.obj)
                0x0000000000000040                _irq_vector_table
                0x0000000000000154                _vector_end = .

text            0x0000000000000154     0x7220
                0x0000000000000154                __text_region_start = .
 *(SORT_BY_ALIGNMENT(.text))
 .text          0x0000000000000154       0x30 d:/software/ncs/toolchains/v2.3.0/opt/zephyr-sdk/arm-zephyr-eabi/bin/../lib/gcc/arm-zephyr-eabi/12.1.0/thumb/v8-m.main/nofp\libgcc.a(_aeabi_uldivmod.o)
                0x0000000000000154                __aeabi_uldivmod
 .text          0x0000000000000184        0x4 d:/software/ncs/toolchains/v2.3.0/opt/zephyr-sdk/arm-zephyr-eabi/bin/../lib/gcc/arm-zephyr-eabi/12.1.0/thumb/v8-m.main/nofp\libgcc.a(_dvmd_tls.o)
                0x0000000000000184                __aeabi_idiv0
                0x0000000000000184                __aeabi_ldiv0
 .text          0x0000000000000188      0x29c d:/software/ncs/toolchains/v2.3.0/opt/zephyr-sdk/arm-zephyr-eabi/bin/../lib/gcc/arm-zephyr-eabi/12.1.0/thumb/v8-m.main/nofp\libgcc.a(_udivmoddi4.o)
                0x0000000000000188                __udivmoddi4
 *(SORT_BY_ALIGNMENT(.text.*))
 .text.button_changed
                0x0000000000000424      0x10c app/libapp.a(main.c.obj)
                0x0000000000000424                button_changed
 .text.configure_gpio
                0x0000000000000530       0x34 app/libapp.a(main.c.obj)
 .text.char_out
                0x0000000000000564       0x10 zephyr/libzephyr.a(printk.c.obj)
 .text.__printk_hook_install
                0x0000000000000574        0xc zephyr/libzephyr.a(printk.c.obj)
                0x0000000000000574                __printk_hook_install
 .text.vprintk  0x0000000000000580       0x1c zephyr/libzephyr.a(printk.c.obj)
                0x0000000000000580                vprintk
 .text.process_event
                0x000000000000059c      0x16c zephyr/libzephyr.a(onoff.c.obj)
 .text.extract_flags
                0x0000000000000708       0xc4 zephyr/libzephyr.a(cbprintf_complete.c.obj)
 .text.z_cbvprintf_impl
                0x00000000000007cc      0x598 zephyr/libzephyr.a(cbprintf_complete.c.obj)
                0x00000000000007cc                z_cbvprintf_impl
 .text.sys_reboot
                0x0000000000000d64       0x28 zephyr/libzephyr.a(reboot.c.obj)
                0x0000000000000d64                sys_reboot
 .text.nrfx_coredep_delay_us
                0x0000000000000d8c       0x2c zephyr/libzephyr.a(soc.c.obj)
 .text.nrf53_anomaly_160_workaround
                0x0000000000000db8       0x4c zephyr/libzephyr.a(soc.c.obj)
 .text.nordicsemi_nrf53_init
                0x0000000000000e04       0x6c zephyr/libzephyr.a(soc.c.obj)
 .text.z_arm_on_enter_cpu_idle
                0x0000000000000e70       0x90 zephyr/libzephyr.a(soc.c.obj)
                0x0000000000000e70                z_arm_on_enter_cpu_idle
 .text.pm_state_set
                0x0000000000000f00       0x14 zephyr/libzephyr.a(power.c.obj)
                0x0000000000000f00                pm_state_set
 .text.z_arm_platform_init
                0x0000000000000f14        0x4 zephyr/libzephyr.a(soc_nrf_common.S.obj)
                0x0000000000000f14                z_arm_platform_init
 .text.pm_state_notify
                0x0000000000000f18       0x5c zephyr/libzephyr.a(pm.c.obj)
 .text.pm_exit_pos_ops
                0x0000000000000f74       0x20 zephyr/libzephyr.a(pm.c.obj)
 .text.pm_system_resume
                0x0000000000000f94       0x48 zephyr/libzephyr.a(pm.c.obj)
                0x0000000000000f94                pm_system_resume
 .text.pm_system_suspend
                0x0000000000000fdc      0x104 zephyr/libzephyr.a(pm.c.obj)
                0x0000000000000fdc                pm_system_suspend
 .text.pm_policy_next_state
                0x00000000000010e0       0x98 zephyr/libzephyr.a(policy.c.obj)
                0x00000000000010e0                pm_policy_next_state
 .text.pm_state_cpu_get_all
                0x0000000000001178       0x10 zephyr/libzephyr.a(state.c.obj)
                0x0000000000001178                pm_state_cpu_get_all
 .text.nrf_cc3xx_platform_abort_init
                0x0000000000001188       0x10 zephyr/libzephyr.a(nrf_cc3xx_platform_abort_zephyr.c.obj)
                0x0000000000001188                nrf_cc3xx_platform_abort_init
 .text.mutex_flags_unknown
                0x0000000000001198       0x50 zephyr/libzephyr.a(nrf_cc3xx_platform_mutex_zephyr.c.obj)
 .text.mutex_unlock_platform
                0x00000000000011e8       0x6c zephyr/libzephyr.a(nrf_cc3xx_platform_mutex_zephyr.c.obj)
 .text.mutex_lock_platform
                0x0000000000001254       0x7c zephyr/libzephyr.a(nrf_cc3xx_platform_mutex_zephyr.c.obj)
 .text.mutex_free_platform
                0x00000000000012d0       0x58 zephyr/libzephyr.a(nrf_cc3xx_platform_mutex_zephyr.c.obj)
 .text.mutex_init_platform
                0x0000000000001328       0x88 zephyr/libzephyr.a(nrf_cc3xx_platform_mutex_zephyr.c.obj)
 .text.nrf_cc3xx_platform_mutex_init
                0x00000000000013b0       0x28 zephyr/libzephyr.a(nrf_cc3xx_platform_mutex_zephyr.c.obj)
                0x00000000000013b0                nrf_cc3xx_platform_mutex_init
 .text.z_arm_cpu_idle_init
                0x00000000000013d8        0xc zephyr/arch/arch/arm/core/aarch32/libarch__arm__core__aarch32.a(cpu_idle.S.obj)
                0x00000000000013d8                z_arm_cpu_idle_init
 .text.arch_cpu_idle
                0x00000000000013e4       0x28 zephyr/arch/arch/arm/core/aarch32/libarch__arm__core__aarch32.a(cpu_idle.S.obj)
                0x00000000000013e4                arch_cpu_idle
 .text.arch_cpu_atomic_idle
                0x000000000000140c       0x24 zephyr/arch/arch/arm/core/aarch32/libarch__arm__core__aarch32.a(cpu_idle.S.obj)
                0x000000000000140c                arch_cpu_atomic_idle
 .text.__NVIC_EnableIRQ
                0x0000000000001430       0x1c zephyr/arch/arch/arm/core/aarch32/libarch__arm__core__aarch32.a(irq_manage.c.obj)
 .text.__NVIC_SetPriority
                0x000000000000144c       0x28 zephyr/arch/arch/arm/core/aarch32/libarch__arm__core__aarch32.a(irq_manage.c.obj)
 .text.arch_irq_is_enabled
                0x0000000000001474       0x1c zephyr/arch/arch/arm/core/aarch32/libarch__arm__core__aarch32.a(irq_manage.c.obj)
                0x0000000000001474                arch_irq_is_enabled
 .text.z_SysNmiOnReset
                0x0000000000001490        0x8 zephyr/arch/arch/arm/core/aarch32/libarch__arm__core__aarch32.a(nmi_on_reset.S.obj)
                0x0000000000001490                z_SysNmiOnReset
 .text.z_arm_prep_c
                0x0000000000001498       0x38 zephyr/arch/arch/arm/core/aarch32/libarch__arm__core__aarch32.a(prep_c.c.obj)
                0x0000000000001498                z_arm_prep_c
 .text.arch_swap
                0x00000000000014d0       0x38 zephyr/arch/arch/arm/core/aarch32/libarch__arm__core__aarch32.a(swap.c.obj)
                0x00000000000014d0                arch_swap
 .text.z_arm_pendsv
                0x0000000000001508       0x5c zephyr/arch/arch/arm/core/aarch32/libarch__arm__core__aarch32.a(swap_helper.S.obj)
                0x0000000000001508                z_arm_pendsv
 .text.z_arm_svc
                0x0000000000001564       0x20 zephyr/arch/arch/arm/core/aarch32/libarch__arm__core__aarch32.a(swap_helper.S.obj)
                0x0000000000001564                z_arm_svc
 .text.arch_new_thread
                0x0000000000001584       0x44 zephyr/arch/arch/arm/core/aarch32/libarch__arm__core__aarch32.a(thread.c.obj)
                0x0000000000001584                arch_new_thread
 .text.arch_switch_to_main_thread
                0x00000000000015c8       0x2c zephyr/arch/arch/arm/core/aarch32/libarch__arm__core__aarch32.a(thread.c.obj)
                0x00000000000015c8                arch_switch_to_main_thread
 .text._isr_wrapper
                0x00000000000015f4       0x40 zephyr/arch/arch/arm/core/aarch32/libarch__arm__core__aarch32.a(isr_wrapper.S.obj)
                0x00000000000015f4                _isr_wrapper
 .text._HandlerModeExit
                0x0000000000001634       0x1c zephyr/arch/arch/arm/core/aarch32/cortex_m/libarch__arm__core__aarch32__cortex_m.a(exc_exit.S.obj)
                0x0000000000001634                z_arm_int_exit
                0x0000000000001634                z_arm_exc_exit
 .text.mem_manage_fault
                0x0000000000001650       0x6c zephyr/arch/arch/arm/core/aarch32/cortex_m/libarch__arm__core__aarch32__cortex_m.a(fault.c.obj)
 .text.bus_fault
                0x00000000000016bc       0x54 zephyr/arch/arch/arm/core/aarch32/cortex_m/libarch__arm__core__aarch32__cortex_m.a(fault.c.obj)
 .text.usage_fault
                0x0000000000001710       0x30 zephyr/arch/arch/arm/core/aarch32/cortex_m/libarch__arm__core__aarch32__cortex_m.a(fault.c.obj)
 .text.z_arm_is_synchronous_svc
                0x0000000000001740       0x3c zephyr/arch/arch/arm/core/aarch32/cortex_m/libarch__arm__core__aarch32__cortex_m.a(fault.c.obj)
 .text.hard_fault
                0x000000000000177c       0x78 zephyr/arch/arch/arm/core/aarch32/cortex_m/libarch__arm__core__aarch32__cortex_m.a(fault.c.obj)
 .text.z_arm_fault
                0x00000000000017f4       0x94 zephyr/arch/arch/arm/core/aarch32/cortex_m/libarch__arm__core__aarch32__cortex_m.a(fault.c.obj)
                0x00000000000017f4                z_arm_fault
 .text.z_arm_fault_init
                0x0000000000001888       0x18 zephyr/arch/arch/arm/core/aarch32/cortex_m/libarch__arm__core__aarch32__cortex_m.a(fault.c.obj)
                0x0000000000001888                z_arm_fault_init
 .text.__fault  0x00000000000018a0       0x14 zephyr/arch/arch/arm/core/aarch32/cortex_m/libarch__arm__core__aarch32__cortex_m.a(fault_s.S.obj)
                0x00000000000018a0                z_arm_usage_fault
                0x00000000000018a0                z_arm_mpu_fault
                0x00000000000018a0                z_arm_exc_spurious
                0x00000000000018a0                z_arm_debug_monitor
                0x00000000000018a0                z_arm_hard_fault
                0x00000000000018a0                z_arm_bus_fault
 .text.z_arm_interrupt_init
                0x00000000000018b4       0x34 zephyr/arch/arch/arm/core/aarch32/cortex_m/libarch__arm__core__aarch32__cortex_m.a(irq_init.c.obj)
                0x00000000000018b4                z_arm_interrupt_init
 .text._reset_section
                0x00000000000018e8       0x68 zephyr/arch/arch/arm/core/aarch32/cortex_m/libarch__arm__core__aarch32__cortex_m.a(reset.S.obj)
                0x00000000000018e8                __start
                0x00000000000018e8                z_arm_reset
 .text.__NVIC_SystemReset
                0x0000000000001950       0x24 zephyr/arch/arch/arm/core/aarch32/cortex_m/libarch__arm__core__aarch32__cortex_m.a(scb.c.obj)
 .text.z_arm_clear_arm_mpu_config
                0x0000000000001974       0x28 zephyr/arch/arch/arm/core/aarch32/cortex_m/libarch__arm__core__aarch32__cortex_m.a(scb.c.obj)
                0x0000000000001974                z_arm_clear_arm_mpu_config
 .text.z_arm_init_arch_hw_at_boot
                0x000000000000199c       0x54 zephyr/arch/arch/arm/core/aarch32/cortex_m/libarch__arm__core__aarch32__cortex_m.a(scb.c.obj)
                0x000000000000199c                z_arm_init_arch_hw_at_boot
 .text.z_impl_k_thread_abort
                0x00000000000019f0       0x34 zephyr/arch/arch/arm/core/aarch32/cortex_m/libarch__arm__core__aarch32__cortex_m.a(thread_abort.c.obj)
                0x00000000000019f0                z_impl_k_thread_abort
 .text.z_arm_configure_static_mpu_regions
                0x0000000000001a24       0x40 zephyr/arch/arch/arm/core/aarch32/mpu/libarch__arm__core__aarch32__mpu.a(arm_core_mpu.c.obj)
                0x0000000000001a24                z_arm_configure_static_mpu_regions
 .text.mpu_init
                0x0000000000001a64       0x14 zephyr/arch/arch/arm/core/aarch32/mpu/libarch__arm__core__aarch32__mpu.a(arm_mpu.c.obj)
 .text.mpu_set_region
                0x0000000000001a78       0x14 zephyr/arch/arch/arm/core/aarch32/mpu/libarch__arm__core__aarch32__mpu.a(arm_mpu.c.obj)
 .text.mpu_region_get_conf
                0x0000000000001a8c       0x40 zephyr/arch/arch/arm/core/aarch32/mpu/libarch__arm__core__aarch32__mpu.a(arm_mpu.c.obj)
 .text.mpu_configure_regions_and_partition
                0x0000000000001acc      0x188 zephyr/arch/arch/arm/core/aarch32/mpu/libarch__arm__core__aarch32__mpu.a(arm_mpu.c.obj)
 .text.mpu_configure_static_mpu_regions
                0x0000000000001c54       0x14 zephyr/arch/arch/arm/core/aarch32/mpu/libarch__arm__core__aarch32__mpu.a(arm_mpu.c.obj)
 .text.mpu_mark_areas_for_dynamic_regions
                0x0000000000001c68       0x60 zephyr/arch/arch/arm/core/aarch32/mpu/libarch__arm__core__aarch32__mpu.a(arm_mpu.c.obj)
 .text.arm_core_mpu_enable
                0x0000000000001cc8       0x18 zephyr/arch/arch/arm/core/aarch32/mpu/libarch__arm__core__aarch32__mpu.a(arm_mpu.c.obj)
                0x0000000000001cc8                arm_core_mpu_enable
 .text.arm_core_mpu_disable
                0x0000000000001ce0       0x14 zephyr/arch/arch/arm/core/aarch32/mpu/libarch__arm__core__aarch32__mpu.a(arm_mpu.c.obj)
                0x0000000000001ce0                arm_core_mpu_disable
 .text.z_arm_mpu_init
                0x0000000000001cf4       0x44 zephyr/arch/arch/arm/core/aarch32/mpu/libarch__arm__core__aarch32__mpu.a(arm_mpu.c.obj)
                0x0000000000001cf4                z_arm_mpu_init
 .text.__stdout_hook_install
                0x0000000000001d38        0xc zephyr/lib/libc/minimal/liblib__libc__minimal.a(stdout_console.c.obj)
                0x0000000000001d38                __stdout_hook_install
 .text.get_hf_flags
                0x0000000000001d44        0x8 zephyr/drivers/clock_control/libdrivers__clock_control.a(clock_control_nrf.c.obj)
 .text.get_subsys
                0x0000000000001d4c       0x18 zephyr/drivers/clock_control/libdrivers__clock_control.a(clock_control_nrf.c.obj)
 .text.onoff_stop
                0x0000000000001d64       0x20 zephyr/drivers/clock_control/libdrivers__clock_control.a(clock_control_nrf.c.obj)
 .text.onoff_start
                0x0000000000001d84       0x34 zephyr/drivers/clock_control/libdrivers__clock_control.a(clock_control_nrf.c.obj)
 .text.clock_event_handler
                0x0000000000001db8       0x4c zephyr/drivers/clock_control/libdrivers__clock_control.a(clock_control_nrf.c.obj)
 .text.generic_hfclk_start
                0x0000000000001e04       0x70 zephyr/drivers/clock_control/libdrivers__clock_control.a(clock_control_nrf.c.obj)
 .text.generic_hfclk_stop
                0x0000000000001e74       0x38 zephyr/drivers/clock_control/libdrivers__clock_control.a(clock_control_nrf.c.obj)
 .text.lfclk_spinwait
                0x0000000000001eac       0xd8 zephyr/drivers/clock_control/libdrivers__clock_control.a(clock_control_nrf.c.obj)
 .text.api_blocking_start
                0x0000000000001f84       0x38 zephyr/drivers/clock_control/libdrivers__clock_control.a(clock_control_nrf.c.obj)
 .text.clk_init
                0x0000000000001fbc       0x60 zephyr/drivers/clock_control/libdrivers__clock_control.a(clock_control_nrf.c.obj)
 .text.z_nrf_clock_control_lf_on
                0x000000000000201c       0x4c zephyr/drivers/clock_control/libdrivers__clock_control.a(clock_control_nrf.c.obj)
                0x000000000000201c                z_nrf_clock_control_lf_on
 .text.console_out
                0x0000000000002068       0x28 zephyr/drivers/console/libdrivers__console.a(uart_console.c.obj)
 .text.uart_console_hook_install
                0x0000000000002090       0x18 zephyr/drivers/console/libdrivers__console.a(uart_console.c.obj)
 .text.uart_console_init
                0x00000000000020a8       0x1c zephyr/drivers/console/libdrivers__console.a(uart_console.c.obj)
 .text.get_dev  0x00000000000020c4       0x1c zephyr/drivers/gpio/libdrivers__gpio.a(gpio_nrfx.c.obj)
 .text.gpio_nrfx_pin_interrupt_configure
                0x00000000000020e0       0xc8 zephyr/drivers/gpio/libdrivers__gpio.a(gpio_nrfx.c.obj)
 .text.gpio_nrfx_pin_configure
                0x00000000000021a8      0x10c zephyr/drivers/gpio/libdrivers__gpio.a(gpio_nrfx.c.obj)
 .text.gpio_nrfx_init
                0x00000000000022b4       0x3c zephyr/drivers/gpio/libdrivers__gpio.a(gpio_nrfx.c.obj)
 .text.baudrate_set
                0x00000000000022f0      0x150 zephyr/drivers/serial/libdrivers__serial.a(uart_nrfx_uarte.c.obj)
 .text.uarte_nrfx_poll_out
                0x0000000000002440       0x5c zephyr/drivers/serial/libdrivers__serial.a(uart_nrfx_uarte.c.obj)
 .text.endtx_stoptx_ppi_init
                0x000000000000249c       0x40 zephyr/drivers/serial/libdrivers__serial.a(uart_nrfx_uarte.c.obj)
 .text.set_comparator
                0x00000000000024dc       0x14 zephyr/drivers/timer/libdrivers__timer.a(nrf_rtc_timer.c.obj)
 .text.event_enable
                0x00000000000024f0       0x14 zephyr/drivers/timer/libdrivers__timer.a(nrf_rtc_timer.c.obj)
 .text.event_disable
                0x0000000000002504       0x14 zephyr/drivers/timer/libdrivers__timer.a(nrf_rtc_timer.c.obj)
 .text.counter  0x0000000000002518        0xc zephyr/drivers/timer/libdrivers__timer.a(nrf_rtc_timer.c.obj)
 .text.set_alarm
                0x0000000000002524       0x6c zephyr/drivers/timer/libdrivers__timer.a(nrf_rtc_timer.c.obj)
 .text.compare_int_lock
                0x0000000000002590       0x44 zephyr/drivers/timer/libdrivers__timer.a(nrf_rtc_timer.c.obj)
 .text.channel_processing_check_and_clear
                0x00000000000025d4       0x58 zephyr/drivers/timer/libdrivers__timer.a(nrf_rtc_timer.c.obj)
 .text.compare_int_unlock
                0x000000000000262c       0x50 zephyr/drivers/timer/libdrivers__timer.a(nrf_rtc_timer.c.obj)
 .text.sys_clock_timeout_handler
                0x000000000000267c       0x50 zephyr/drivers/timer/libdrivers__timer.a(nrf_rtc_timer.c.obj)
 .text.z_nrf_rtc_timer_read
                0x00000000000026cc       0x40 zephyr/drivers/timer/libdrivers__timer.a(nrf_rtc_timer.c.obj)
                0x00000000000026cc                z_nrf_rtc_timer_read
 .text.compare_set_nolocks
                0x000000000000270c       0x88 zephyr/drivers/timer/libdrivers__timer.a(nrf_rtc_timer.c.obj)
 .text.sys_clock_driver_init
                0x0000000000002794       0x94 zephyr/drivers/timer/libdrivers__timer.a(nrf_rtc_timer.c.obj)
 .text.process_channel
                0x0000000000002828       0x7c zephyr/drivers/timer/libdrivers__timer.a(nrf_rtc_timer.c.obj)
 .text.rtc_nrf_isr
                0x00000000000028a4       0x44 zephyr/drivers/timer/libdrivers__timer.a(nrf_rtc_timer.c.obj)
                0x00000000000028a4                rtc_nrf_isr
 .text.sys_clock_set_timeout
                0x00000000000028e8       0x78 zephyr/drivers/timer/libdrivers__timer.a(nrf_rtc_timer.c.obj)
                0x00000000000028e8                sys_clock_set_timeout
 .text.sys_clock_elapsed
                0x0000000000002960       0x14 zephyr/drivers/timer/libdrivers__timer.a(nrf_rtc_timer.c.obj)
                0x0000000000002960                sys_clock_elapsed
 .text.nrf_gpio_cfg
                0x0000000000002974       0x4c zephyr/drivers/pinctrl/libdrivers__pinctrl.a(pinctrl_nrf.c.obj)
 .text.nrf_gpio_pin_write
                0x00000000000029c0       0x3c zephyr/drivers/pinctrl/libdrivers__pinctrl.a(pinctrl_nrf.c.obj)
 .text.pinctrl_configure_pins
                0x00000000000029fc      0x260 zephyr/drivers/pinctrl/libdrivers__pinctrl.a(pinctrl_nrf.c.obj)
                0x00000000000029fc                pinctrl_configure_pins
 .text.callback_ctrl
                0x0000000000002c5c       0x38 modules/nrf/lib/dk_buttons_and_leds/lib..__nrf__lib__dk_buttons_and_leds.a(dk_buttons_and_leds.c.obj)
 .text.get_buttons
                0x0000000000002c94       0x38 modules/nrf/lib/dk_buttons_and_leds/lib..__nrf__lib__dk_buttons_and_leds.a(dk_buttons_and_leds.c.obj)
 .text.button_pressed
                0x0000000000002ccc       0x44 modules/nrf/lib/dk_buttons_and_leds/lib..__nrf__lib__dk_buttons_and_leds.a(dk_buttons_and_leds.c.obj)
 .text.button_handlers_call
                0x0000000000002d10       0x50 modules/nrf/lib/dk_buttons_and_leds/lib..__nrf__lib__dk_buttons_and_leds.a(dk_buttons_and_leds.c.obj)
 .text.buttons_scan_fn
                0x0000000000002d60       0x8c modules/nrf/lib/dk_buttons_and_leds/lib..__nrf__lib__dk_buttons_and_leds.a(dk_buttons_and_leds.c.obj)
 .text.dk_read_buttons
                0x0000000000002dec       0x24 modules/nrf/lib/dk_buttons_and_leds/lib..__nrf__lib__dk_buttons_and_leds.a(dk_buttons_and_leds.c.obj)
                0x0000000000002dec                dk_read_buttons
 .text.dk_buttons_init
                0x0000000000002e10       0xf4 modules/nrf/lib/dk_buttons_and_leds/lib..__nrf__lib__dk_buttons_and_leds.a(dk_buttons_and_leds.c.obj)
                0x0000000000002e10                dk_buttons_init
 .text.dk_set_leds_state
                0x0000000000002f04       0x60 modules/nrf/lib/dk_buttons_and_leds/lib..__nrf__lib__dk_buttons_and_leds.a(dk_buttons_and_leds.c.obj)
                0x0000000000002f04                dk_set_leds_state
 .text.dk_leds_init
                0x0000000000002f64       0x30 modules/nrf/lib/dk_buttons_and_leds/lib..__nrf__lib__dk_buttons_and_leds.a(dk_buttons_and_leds.c.obj)
                0x0000000000002f64                dk_leds_init
 .text.dk_set_led
                0x0000000000002f94       0x24 modules/nrf/lib/dk_buttons_and_leds/lib..__nrf__lib__dk_buttons_and_leds.a(dk_buttons_and_leds.c.obj)
                0x0000000000002f94                dk_set_led
 .text.SystemCoreClockUpdate
                0x0000000000002fb8       0x20 modules/hal_nordic/nrfx/libmodules__hal_nordic__nrfx.a(system_nrf5340_application.c.obj)
                0x0000000000002fb8                SystemCoreClockUpdate
 .text.SystemInit
                0x0000000000002fd8      0x160 modules/hal_nordic/nrfx/libmodules__hal_nordic__nrfx.a(system_nrf5340_application.c.obj)
                0x0000000000002fd8                SystemInit
 .text.nrfx_flag32_alloc
                0x0000000000003138       0x48 modules/hal_nordic/nrfx/libmodules__hal_nordic__nrfx.a(nrfx_flag32_allocator.c.obj)
                0x0000000000003138                nrfx_flag32_alloc
 .text.nrfx_flag32_free
                0x0000000000003180       0x3c modules/hal_nordic/nrfx/libmodules__hal_nordic__nrfx.a(nrfx_flag32_allocator.c.obj)
                0x0000000000003180                nrfx_flag32_free
 .text.nrfx_clock_init
                0x00000000000031bc       0x24 modules/hal_nordic/nrfx/libmodules__hal_nordic__nrfx.a(nrfx_clock.c.obj)
                0x00000000000031bc                nrfx_clock_init
 .text.nrfx_power_clock_irq_handler
                0x00000000000031e0       0xc8 modules/hal_nordic/nrfx/libmodules__hal_nordic__nrfx.a(nrfx_clock.c.obj)
                0x00000000000031e0                nrfx_power_clock_irq_handler
 .text.nrfx_dppi_channel_alloc
                0x00000000000032a8       0x10 modules/hal_nordic/nrfx/libmodules__hal_nordic__nrfx.a(nrfx_dppi.c.obj)
                0x00000000000032a8                nrfx_dppi_channel_alloc
 .text.nrf_gpio_reconfigure
                0x00000000000032b8       0xb8 modules/hal_nordic/nrfx/libmodules__hal_nordic__nrfx.a(nrfx_gpiote.c.obj)
 .text.nrf_gpio_cfg_default
                0x0000000000003370       0x2c modules/hal_nordic/nrfx/libmodules__hal_nordic__nrfx.a(nrfx_gpiote.c.obj)
 .text.nrf_gpio_latches_read_and_clear
                0x000000000000339c       0x40 modules/hal_nordic/nrfx/libmodules__hal_nordic__nrfx.a(nrfx_gpiote.c.obj)
 .text.pin_in_use
                0x00000000000033dc       0x14 modules/hal_nordic/nrfx/libmodules__hal_nordic__nrfx.a(nrfx_gpiote.c.obj)
 .text.pin_in_use_by_te
                0x00000000000033f0       0x14 modules/hal_nordic/nrfx/libmodules__hal_nordic__nrfx.a(nrfx_gpiote.c.obj)
 .text.pin_has_trigger
                0x0000000000003404       0x18 modules/hal_nordic/nrfx/libmodules__hal_nordic__nrfx.a(nrfx_gpiote.c.obj)
 .text.pin_is_output
                0x000000000000341c       0x14 modules/hal_nordic/nrfx/libmodules__hal_nordic__nrfx.a(nrfx_gpiote.c.obj)
 .text.pin_te_get
                0x0000000000003430       0x10 modules/hal_nordic/nrfx/libmodules__hal_nordic__nrfx.a(nrfx_gpiote.c.obj)
 .text.handler_in_use
                0x0000000000003440       0x34 modules/hal_nordic/nrfx/libmodules__hal_nordic__nrfx.a(nrfx_gpiote.c.obj)
 .text.find_handler
                0x0000000000003474       0x2c modules/hal_nordic/nrfx/libmodules__hal_nordic__nrfx.a(nrfx_gpiote.c.obj)
 .text.get_initial_sense
                0x00000000000034a0       0x4c modules/hal_nordic/nrfx/libmodules__hal_nordic__nrfx.a(nrfx_gpiote.c.obj)
 .text.channel_handler_get
                0x00000000000034ec       0x20 modules/hal_nordic/nrfx/libmodules__hal_nordic__nrfx.a(nrfx_gpiote.c.obj)
 .text.call_handler
                0x000000000000350c       0x2c modules/hal_nordic/nrfx/libmodules__hal_nordic__nrfx.a(nrfx_gpiote.c.obj)
 .text.next_sense_cond_call_handler
                0x0000000000003538       0x84 modules/hal_nordic/nrfx/libmodules__hal_nordic__nrfx.a(nrfx_gpiote.c.obj)
 .text.release_handler
                0x00000000000035bc       0x44 modules/hal_nordic/nrfx/libmodules__hal_nordic__nrfx.a(nrfx_gpiote.c.obj)
 .text.pin_handler_trigger_uninit
                0x0000000000003600       0x3c modules/hal_nordic/nrfx/libmodules__hal_nordic__nrfx.a(nrfx_gpiote.c.obj)
 .text.pin_handler_set
                0x000000000000363c       0x6c modules/hal_nordic/nrfx/libmodules__hal_nordic__nrfx.a(nrfx_gpiote.c.obj)
 .text.port_event_handle
                0x00000000000036a8       0xa8 modules/hal_nordic/nrfx/libmodules__hal_nordic__nrfx.a(nrfx_gpiote.c.obj)
 .text.gpiote_evt_handle
                0x0000000000003750       0x44 modules/hal_nordic/nrfx/libmodules__hal_nordic__nrfx.a(nrfx_gpiote.c.obj)
 .text.nrfx_gpiote_input_configure
                0x0000000000003794      0x12c modules/hal_nordic/nrfx/libmodules__hal_nordic__nrfx.a(nrfx_gpiote.c.obj)
                0x0000000000003794                nrfx_gpiote_input_configure
 .text.nrfx_gpiote_output_configure
                0x00000000000038c0       0xd8 modules/hal_nordic/nrfx/libmodules__hal_nordic__nrfx.a(nrfx_gpiote.c.obj)
                0x00000000000038c0                nrfx_gpiote_output_configure
 .text.nrfx_gpiote_global_callback_set
                0x0000000000003998        0xc modules/hal_nordic/nrfx/libmodules__hal_nordic__nrfx.a(nrfx_gpiote.c.obj)
                0x0000000000003998                nrfx_gpiote_global_callback_set
 .text.nrfx_gpiote_channel_get
                0x00000000000039a4       0x30 modules/hal_nordic/nrfx/libmodules__hal_nordic__nrfx.a(nrfx_gpiote.c.obj)
                0x00000000000039a4                nrfx_gpiote_channel_get
 .text.nrfx_gpiote_init
                0x00000000000039d4       0x54 modules/hal_nordic/nrfx/libmodules__hal_nordic__nrfx.a(nrfx_gpiote.c.obj)
                0x00000000000039d4                nrfx_gpiote_init
 .text.nrfx_gpiote_is_init
                0x0000000000003a28       0x14 modules/hal_nordic/nrfx/libmodules__hal_nordic__nrfx.a(nrfx_gpiote.c.obj)
                0x0000000000003a28                nrfx_gpiote_is_init
 .text.nrfx_gpiote_channel_free
                0x0000000000003a3c       0x10 modules/hal_nordic/nrfx/libmodules__hal_nordic__nrfx.a(nrfx_gpiote.c.obj)
                0x0000000000003a3c                nrfx_gpiote_channel_free
 .text.nrfx_gpiote_channel_alloc
                0x0000000000003a4c       0x10 modules/hal_nordic/nrfx/libmodules__hal_nordic__nrfx.a(nrfx_gpiote.c.obj)
                0x0000000000003a4c                nrfx_gpiote_channel_alloc
 .text.nrfx_gpiote_trigger_enable
                0x0000000000003a5c       0x64 modules/hal_nordic/nrfx/libmodules__hal_nordic__nrfx.a(nrfx_gpiote.c.obj)
                0x0000000000003a5c                nrfx_gpiote_trigger_enable
 .text.nrfx_gpiote_trigger_disable
                0x0000000000003ac0       0x44 modules/hal_nordic/nrfx/libmodules__hal_nordic__nrfx.a(nrfx_gpiote.c.obj)
                0x0000000000003ac0                nrfx_gpiote_trigger_disable
 .text.nrfx_gpiote_pin_uninit
                0x0000000000003b04       0x2c modules/hal_nordic/nrfx/libmodules__hal_nordic__nrfx.a(nrfx_gpiote.c.obj)
                0x0000000000003b04                nrfx_gpiote_pin_uninit
 .text.nrfx_gpiote_irq_handler
                0x0000000000003b30       0x60 modules/hal_nordic/nrfx/libmodules__hal_nordic__nrfx.a(nrfx_gpiote.c.obj)
                0x0000000000003b30                nrfx_gpiote_irq_handler
 .text.z_device_state_init
                0x0000000000003b90       0x18 zephyr/kernel/libkernel.a(device.c.obj)
                0x0000000000003b90                z_device_state_init
 .text.z_sys_init_run_level
                0x0000000000003ba8       0x50 zephyr/kernel/libkernel.a(init.c.obj)
 .text.init_idle_thread
                0x0000000000003bf8       0x60 zephyr/kernel/libkernel.a(init.c.obj)
 .text.bg_thread_main
                0x0000000000003c58       0x34 zephyr/kernel/libkernel.a(init.c.obj)
 .text.switch_to_main_thread
                0x0000000000003c8c       0x14 zephyr/kernel/libkernel.a(init.c.obj)
 .text.z_bss_zero
                0x0000000000003ca0       0x18 zephyr/kernel/libkernel.a(init.c.obj)
                0x0000000000003ca0                z_bss_zero
 .text.z_init_cpu
                0x0000000000003cb8       0x40 zephyr/kernel/libkernel.a(init.c.obj)
                0x0000000000003cb8                z_init_cpu
 .text.prepare_multithreading
                0x0000000000003cf8       0x60 zephyr/kernel/libkernel.a(init.c.obj)
 .text.z_cstart
                0x0000000000003d58       0x8c zephyr/kernel/libkernel.a(init.c.obj)
                0x0000000000003d58                z_cstart
 .text.init_mem_slab_module
                0x0000000000003de4       0x24 zephyr/kernel/libkernel.a(mem_slab.c.obj)
 .text.k_mem_slab_alloc
                0x0000000000003e08       0x68 zephyr/kernel/libkernel.a(mem_slab.c.obj)
                0x0000000000003e08                k_mem_slab_alloc
 .text.z_thread_monitor_exit
                0x0000000000003e70       0x40 zephyr/kernel/libkernel.a(thread.c.obj)
                0x0000000000003e70                z_thread_monitor_exit
 .text.z_impl_k_thread_name_set
                0x0000000000003eb0       0x24 zephyr/kernel/libkernel.a(thread.c.obj)
                0x0000000000003eb0                z_impl_k_thread_name_set
 .text.schedule_new_thread
                0x0000000000003ed4       0x1c zephyr/kernel/libkernel.a(thread.c.obj)
 .text.z_setup_new_thread
                0x0000000000003ef0       0xc8 zephyr/kernel/libkernel.a(thread.c.obj)
                0x0000000000003ef0                z_setup_new_thread
 .text.z_init_static_threads
                0x0000000000003fb8       0x94 zephyr/kernel/libkernel.a(thread.c.obj)
                0x0000000000003fb8                z_init_static_threads
 .text.idle     0x000000000000404c       0x3c zephyr/kernel/libkernel.a(idle.c.obj)
                0x000000000000404c                idle
 .text.z_impl_k_mutex_lock
                0x0000000000004088      0x108 zephyr/kernel/libkernel.a(mutex.c.obj)
                0x0000000000004088                z_impl_k_mutex_lock
 .text.z_impl_k_mutex_unlock
                0x0000000000004190       0x7c zephyr/kernel/libkernel.a(mutex.c.obj)
                0x0000000000004190                z_impl_k_mutex_unlock
 .text.z_impl_k_sem_give
                0x000000000000420c       0x48 zephyr/kernel/libkernel.a(sem.c.obj)
                0x000000000000420c                z_impl_k_sem_give
 .text.z_impl_k_sem_take
                0x0000000000004254       0x50 zephyr/kernel/libkernel.a(sem.c.obj)
                0x0000000000004254                z_impl_k_sem_take
 .text.queue_submit_locked
                0x00000000000042a4       0x7c zephyr/kernel/libkernel.a(work.c.obj)
 .text.finalize_cancel_locked
                0x0000000000004320       0x60 zephyr/kernel/libkernel.a(work.c.obj)
 .text.work_queue_main
                0x0000000000004380       0xf0 zephyr/kernel/libkernel.a(work.c.obj)
 .text.schedule_for_queue_locked
                0x0000000000004470       0x34 zephyr/kernel/libkernel.a(work.c.obj)
 .text.k_work_queue_start
                0x00000000000044a4       0x7c zephyr/kernel/libkernel.a(work.c.obj)
                0x00000000000044a4                k_work_queue_start
 .text.k_work_schedule
                0x0000000000004520       0x10 zephyr/kernel/libkernel.a(work.c.obj)
                0x0000000000004520                k_work_schedule
 .text.k_work_reschedule
                0x0000000000004530       0x10 zephyr/kernel/libkernel.a(work.c.obj)
                0x0000000000004530                k_work_reschedule
 .text.sliceable
                0x0000000000004540       0x3c zephyr/kernel/libkernel.a(sched.c.obj)
 .text.add_thread_timeout
                0x000000000000457c       0x20 zephyr/kernel/libkernel.a(sched.c.obj)
 .text.z_reset_time_slice
                0x000000000000459c       0x28 zephyr/kernel/libkernel.a(sched.c.obj)
                0x000000000000459c                z_reset_time_slice
 .text.k_sched_time_slice_set
                0x00000000000045c4       0x74 zephyr/kernel/libkernel.a(sched.c.obj)
                0x00000000000045c4                k_sched_time_slice_set
 .text.z_reschedule
                0x0000000000004638       0x2c zephyr/kernel/libkernel.a(sched.c.obj)
                0x0000000000004638                z_reschedule
 .text.k_sched_lock
                0x0000000000004664       0x34 zephyr/kernel/libkernel.a(sched.c.obj)
                0x0000000000004664                k_sched_lock
 .text.update_cache
                0x0000000000004698       0x50 zephyr/kernel/libkernel.a(sched.c.obj)
 .text.move_thread_to_end_of_prio_q
                0x00000000000046e8       0x8c zephyr/kernel/libkernel.a(sched.c.obj)
 .text.slice_expired_locked
                0x0000000000004774       0x28 zephyr/kernel/libkernel.a(sched.c.obj)
 .text.z_time_slice
                0x000000000000479c       0x78 zephyr/kernel/libkernel.a(sched.c.obj)
                0x000000000000479c                z_time_slice
 .text.ready_thread
                0x0000000000004814       0x78 zephyr/kernel/libkernel.a(sched.c.obj)
 .text.z_sched_start
                0x000000000000488c       0x3c zephyr/kernel/libkernel.a(sched.c.obj)
                0x000000000000488c                z_sched_start
 .text.unready_thread
                0x00000000000048c8       0x38 zephyr/kernel/libkernel.a(sched.c.obj)
 .text.z_pend_curr
                0x0000000000004900       0x38 zephyr/kernel/libkernel.a(sched.c.obj)
                0x0000000000004900                z_pend_curr
 .text.z_set_prio
                0x0000000000004938       0xbc zephyr/kernel/libkernel.a(sched.c.obj)
                0x0000000000004938                z_set_prio
 .text.z_impl_k_thread_suspend
                0x00000000000049f4       0x74 zephyr/kernel/libkernel.a(sched.c.obj)
                0x00000000000049f4                z_impl_k_thread_suspend
 .text.k_sched_unlock
                0x0000000000004a68       0x40 zephyr/kernel/libkernel.a(sched.c.obj)
                0x0000000000004a68                k_sched_unlock
 .text.end_thread
                0x0000000000004aa8       0x64 zephyr/kernel/libkernel.a(sched.c.obj)
 .text.z_sched_init
                0x0000000000004b0c       0x18 zephyr/kernel/libkernel.a(sched.c.obj)
                0x0000000000004b0c                z_sched_init
 .text.z_impl_k_yield
                0x0000000000004b24       0x8c zephyr/kernel/libkernel.a(sched.c.obj)
                0x0000000000004b24                z_impl_k_yield
 .text.z_tick_sleep
                0x0000000000004bb0       0x98 zephyr/kernel/libkernel.a(sched.c.obj)
 .text.z_impl_k_sleep
                0x0000000000004c48       0x54 zephyr/kernel/libkernel.a(sched.c.obj)
                0x0000000000004c48                z_impl_k_sleep
 .text.z_impl_z_current_get
                0x0000000000004c9c        0xc zephyr/kernel/libkernel.a(sched.c.obj)
                0x0000000000004c9c                z_impl_z_current_get
 .text.z_thread_abort
                0x0000000000004ca8       0x70 zephyr/kernel/libkernel.a(sched.c.obj)
                0x0000000000004ca8                z_thread_abort
 .text.z_sched_wait
                0x0000000000004d18       0x28 zephyr/kernel/libkernel.a(sched.c.obj)
                0x0000000000004d18                z_sched_wait
 .text.z_data_copy
                0x0000000000004d40       0x34 zephyr/kernel/libkernel.a(xip.c.obj)
                0x0000000000004d40                z_data_copy
 .text.first    0x0000000000004d74       0x14 zephyr/kernel/libkernel.a(timeout.c.obj)
 .text.next     0x0000000000004d88       0x18 zephyr/kernel/libkernel.a(timeout.c.obj)
 .text.elapsed  0x0000000000004da0       0x18 zephyr/kernel/libkernel.a(timeout.c.obj)
 .text.next_timeout
                0x0000000000004db8       0x4c zephyr/kernel/libkernel.a(timeout.c.obj)
 .text.z_add_timeout
                0x0000000000004e04      0x114 zephyr/kernel/libkernel.a(timeout.c.obj)
                0x0000000000004e04                z_add_timeout
 .text.sys_clock_announce
                0x0000000000004f18       0xc4 zephyr/kernel/libkernel.a(timeout.c.obj)
                0x0000000000004f18                sys_clock_announce
 .text.sys_clock_tick_get
                0x0000000000004fdc       0x40 zephyr/kernel/libkernel.a(timeout.c.obj)
                0x0000000000004fdc                sys_clock_tick_get
 .text.boot_banner
                0x000000000000501c       0x10 zephyr/kernel/libkernel.a(banner.c.obj)
                0x000000000000501c                boot_banner
 .text.k_sys_work_q_init
                0x000000000000502c       0x34 zephyr/kernel/libkernel.a(system_work_q.c.obj)
 .text.nrf_cc3xx_platform_init_no_rng
                0x0000000000005060       0x38 D:/Software/ncs/v2.3.0/nrfxlib/crypto/nrf_cc312_platform/lib/cortex-m33/soft-float/no-interrupts/libnrf_cc312_platform_0.9.16.a(nrf_cc3xx_platform.c.obj)
                0x0000000000005060                nrf_cc3xx_platform_init_no_rng
 .text.nrf_cc3xx_platform_abort
                0x0000000000005098       0x24 D:/Software/ncs/v2.3.0/nrfxlib/crypto/nrf_cc312_platform/lib/cortex-m33/soft-float/no-interrupts/libnrf_cc312_platform_0.9.16.a(nrf_cc3xx_platform_abort.c.obj)
 .text.CC_PalAbort
                0x00000000000050bc       0x44 D:/Software/ncs/v2.3.0/nrfxlib/crypto/nrf_cc312_platform/lib/cortex-m33/soft-float/no-interrupts/libnrf_cc312_platform_0.9.16.a(nrf_cc3xx_platform_abort.c.obj)
                0x00000000000050bc                CC_PalAbort
 .text.nrf_cc3xx_platform_set_abort
                0x0000000000005100       0x10 D:/Software/ncs/v2.3.0/nrfxlib/crypto/nrf_cc312_platform/lib/cortex-m33/soft-float/no-interrupts/libnrf_cc312_platform_0.9.16.a(nrf_cc3xx_platform_abort.c.obj)
                0x0000000000005100                nrf_cc3xx_platform_set_abort
 .text.mutex_free
                0x0000000000005110       0x34 D:/Software/ncs/v2.3.0/nrfxlib/crypto/nrf_cc312_platform/lib/cortex-m33/soft-float/no-interrupts/libnrf_cc312_platform_0.9.16.a(nrf_cc3xx_platform_mutex.c.obj)
 .text.mutex_lock
                0x0000000000005144       0x48 D:/Software/ncs/v2.3.0/nrfxlib/crypto/nrf_cc312_platform/lib/cortex-m33/soft-float/no-interrupts/libnrf_cc312_platform_0.9.16.a(nrf_cc3xx_platform_mutex.c.obj)
 .text.mutex_unlock
                0x000000000000518c       0x38 D:/Software/ncs/v2.3.0/nrfxlib/crypto/nrf_cc312_platform/lib/cortex-m33/soft-float/no-interrupts/libnrf_cc312_platform_0.9.16.a(nrf_cc3xx_platform_mutex.c.obj)
 .text.mutex_init
                0x00000000000051c4       0x20 D:/Software/ncs/v2.3.0/nrfxlib/crypto/nrf_cc312_platform/lib/cortex-m33/soft-float/no-interrupts/libnrf_cc312_platform_0.9.16.a(nrf_cc3xx_platform_mutex.c.obj)
 .text.nrf_cc3xx_platform_set_mutexes
                0x00000000000051e4       0x78 D:/Software/ncs/v2.3.0/nrfxlib/crypto/nrf_cc312_platform/lib/cortex-m33/soft-float/no-interrupts/libnrf_cc312_platform_0.9.16.a(nrf_cc3xx_platform_mutex.c.obj)
                0x00000000000051e4                nrf_cc3xx_platform_set_mutexes
 .text.CC_LibInitNoRng
                0x000000000000525c       0x28 D:/Software/ncs/v2.3.0/nrfxlib/crypto/nrf_cc312_platform/lib/cortex-m33/soft-float/no-interrupts/libnrf_cc312_platform_0.9.16.a(cc_lib.c.obj)
                0x000000000000525c                CC_LibInitNoRng
 .text.CC_HalInit
                0x0000000000005284        0x4 D:/Software/ncs/v2.3.0/nrfxlib/crypto/nrf_cc312_platform/lib/cortex-m33/soft-float/no-interrupts/libnrf_cc312_platform_0.9.16.a(cc_hal.c.obj)
                0x0000000000005284                CC_HalInit
 .text.CC_PalInit
                0x0000000000005288       0x5c D:/Software/ncs/v2.3.0/nrfxlib/crypto/nrf_cc312_platform/lib/cortex-m33/soft-float/no-interrupts/libnrf_cc312_platform_0.9.16.a(cc_pal.c.obj)
                0x0000000000005288                CC_PalInit
 .text.CC_PalTerminate
                0x00000000000052e4       0x34 D:/Software/ncs/v2.3.0/nrfxlib/crypto/nrf_cc312_platform/lib/cortex-m33/soft-float/no-interrupts/libnrf_cc312_platform_0.9.16.a(cc_pal.c.obj)
                0x00000000000052e4                CC_PalTerminate
 .text.CC_PalDmaInit
                0x0000000000005318        0x4 D:/Software/ncs/v2.3.0/nrfxlib/crypto/nrf_cc312_platform/lib/cortex-m33/soft-float/no-interrupts/libnrf_cc312_platform_0.9.16.a(cc_pal_dma.c.obj)
                0x0000000000005318                CC_PalDmaInit
 .text.CC_PalDmaTerminate
                0x000000000000531c        0x4 D:/Software/ncs/v2.3.0/nrfxlib/crypto/nrf_cc312_platform/lib/cortex-m33/soft-float/no-interrupts/libnrf_cc312_platform_0.9.16.a(cc_pal_dma.c.obj)
                0x000000000000531c                CC_PalDmaTerminate
 .text.CC_PalMutexCreate
                0x0000000000005320       0x14 D:/Software/ncs/v2.3.0/nrfxlib/crypto/nrf_cc312_platform/lib/cortex-m33/soft-float/no-interrupts/libnrf_cc312_platform_0.9.16.a(cc_pal_mutex.c.obj)
                0x0000000000005320                CC_PalMutexCreate
 .text.CC_PalMutexDestroy
                0x0000000000005334       0x14 D:/Software/ncs/v2.3.0/nrfxlib/crypto/nrf_cc312_platform/lib/cortex-m33/soft-float/no-interrupts/libnrf_cc312_platform_0.9.16.a(cc_pal_mutex.c.obj)
                0x0000000000005334                CC_PalMutexDestroy
 .text.CC_PalPowerSaveModeInit
                0x0000000000005348       0x3c D:/Software/ncs/v2.3.0/nrfxlib/crypto/nrf_cc312_platform/lib/cortex-m33/soft-float/no-interrupts/libnrf_cc312_platform_0.9.16.a(cc_pal_pm.c.obj)
                0x0000000000005348                CC_PalPowerSaveModeInit
 .text.main     0x0000000000005384       0x12 app/libapp.a(main.c.obj)
                0x0000000000005384                main
 .text.arch_printk_char_out
                0x0000000000005396        0x4 zephyr/libzephyr.a(printk.c.obj)
                0x0000000000005396                arch_printk_char_out
 .text.printk   0x000000000000539a       0x1c zephyr/libzephyr.a(printk.c.obj)
                0x000000000000539a                printk
 .text.z_thread_entry
                0x00000000000053b6       0x14 zephyr/libzephyr.a(thread_entry.c.obj)
                0x00000000000053b6                z_thread_entry
 .text.set_state
                0x00000000000053ca       0x10 zephyr/libzephyr.a(onoff.c.obj)
 .text.notify_monitors
                0x00000000000053da       0x44 zephyr/libzephyr.a(onoff.c.obj)
 .text.process_recheck
                0x000000000000541e       0x32 zephyr/libzephyr.a(onoff.c.obj)
 .text.process_complete
                0x0000000000005450       0xa2 zephyr/libzephyr.a(onoff.c.obj)
 .text.validate_args
                0x00000000000054f2       0x2a zephyr/libzephyr.a(onoff.c.obj)
 .text.notify_one
                0x000000000000551c       0x26 zephyr/libzephyr.a(onoff.c.obj)
 .text.notify_all
                0x0000000000005542       0x2e zephyr/libzephyr.a(onoff.c.obj)
 .text.transition_complete
                0x0000000000005570       0x1c zephyr/libzephyr.a(onoff.c.obj)
 .text.onoff_manager_init
                0x000000000000558c       0x3a zephyr/libzephyr.a(onoff.c.obj)
                0x000000000000558c                onoff_manager_init
 .text.onoff_request
                0x00000000000055c6       0xc2 zephyr/libzephyr.a(onoff.c.obj)
                0x00000000000055c6                onoff_request
 .text.sys_notify_validate
                0x0000000000005688       0x2e zephyr/libzephyr.a(notify.c.obj)
                0x0000000000005688                sys_notify_validate
 .text.sys_notify_finalize
                0x00000000000056b6       0x1a zephyr/libzephyr.a(notify.c.obj)
                0x00000000000056b6                sys_notify_finalize
 .text.extract_decimal
                0x00000000000056d0       0x26 zephyr/libzephyr.a(cbprintf_complete.c.obj)
 .text.extract_width
                0x00000000000056f6       0x5e zephyr/libzephyr.a(cbprintf_complete.c.obj)
 .text.extract_prec
                0x0000000000005754       0x64 zephyr/libzephyr.a(cbprintf_complete.c.obj)
 .text.extract_length
                0x00000000000057b8       0xce zephyr/libzephyr.a(cbprintf_complete.c.obj)
 .text.extract_specifier
                0x0000000000005886      0x122 zephyr/libzephyr.a(cbprintf_complete.c.obj)
 .text.extract_conversion
                0x00000000000059a8       0x44 zephyr/libzephyr.a(cbprintf_complete.c.obj)
 .text.conversion_radix
                0x00000000000059ec       0x2a zephyr/libzephyr.a(cbprintf_complete.c.obj)
 .text.encode_uint
                0x0000000000005a16       0xa0 zephyr/libzephyr.a(cbprintf_complete.c.obj)
 .text.store_count
                0x0000000000005ab6       0x3e zephyr/libzephyr.a(cbprintf_complete.c.obj)
 .text.outs     0x0000000000005af4       0x34 zephyr/libzephyr.a(cbprintf_complete.c.obj)
 .text._ConfigAbsSyms
                0x0000000000005b28        0x2 zephyr/libzephyr.a(configs.c.obj)
                0x0000000000005b28                _ConfigAbsSyms
 .text.arch_busy_wait
                0x0000000000005b2a        0x8 zephyr/libzephyr.a(soc.c.obj)
                0x0000000000005b2a                arch_busy_wait
 .text.nrf_regulators_system_off
                0x0000000000005b32        0xe zephyr/libzephyr.a(power.c.obj)
 .text.pm_state_exit_post_ops
                0x0000000000005b40        0xc zephyr/libzephyr.a(power.c.obj)
                0x0000000000005b40                pm_state_exit_post_ops
 .text.atomic_test_and_clear_bit
                0x0000000000005b4c       0x30 zephyr/libzephyr.a(pm.c.obj)
 .text.atomic_set_bit
                0x0000000000005b7c       0x1e zephyr/libzephyr.a(pm.c.obj)
 .text.pm_policy_state_lock_is_active
                0x0000000000005b9a        0x4 zephyr/libzephyr.a(policy.c.obj)
                0x0000000000005b9a                pm_policy_state_lock_is_active
 .text.abort_function
                0x0000000000005b9e        0x8 zephyr/libzephyr.a(nrf_cc3xx_platform_abort_zephyr.c.obj)
 .text.z_arm_fatal_error
                0x0000000000005ba6        0x8 zephyr/arch/arch/arm/core/aarch32/libarch__arm__core__aarch32.a(fatal.c.obj)
                0x0000000000005ba6                z_arm_fatal_error
 .text.z_do_kernel_oops
                0x0000000000005bae        0xc zephyr/arch/arch/arm/core/aarch32/libarch__arm__core__aarch32.a(fatal.c.obj)
                0x0000000000005bae                z_do_kernel_oops
 .text.arch_irq_enable
                0x0000000000005bba        0xa zephyr/arch/arch/arm/core/aarch32/libarch__arm__core__aarch32.a(irq_manage.c.obj)
                0x0000000000005bba                arch_irq_enable
 .text.z_arm_irq_priority_set
                0x0000000000005bc4        0xc zephyr/arch/arch/arm/core/aarch32/libarch__arm__core__aarch32.a(irq_manage.c.obj)
                0x0000000000005bc4                z_arm_irq_priority_set
 .text.z_irq_spurious
                0x0000000000005bd0        0xc zephyr/arch/arch/arm/core/aarch32/libarch__arm__core__aarch32.a(irq_manage.c.obj)
                0x0000000000005bd0                z_irq_spurious
 .text.z_arm_nmi
                0x0000000000005bdc        0xc zephyr/arch/arch/arm/core/aarch32/libarch__arm__core__aarch32.a(nmi.c.obj)
                0x0000000000005bdc                z_arm_nmi
 .text.configure_builtin_stack_guard
                0x0000000000005be8        0xa zephyr/arch/arch/arm/core/aarch32/libarch__arm__core__aarch32.a(thread.c.obj)
                0x0000000000005be8                configure_builtin_stack_guard
 .text.memory_fault_recoverable
                0x0000000000005bf2        0x4 zephyr/arch/arch/arm/core/aarch32/cortex_m/libarch__arm__core__aarch32__cortex_m.a(fault.c.obj)
 .text.debug_monitor
                0x0000000000005bf6        0x6 zephyr/arch/arch/arm/core/aarch32/cortex_m/libarch__arm__core__aarch32__cortex_m.a(fault.c.obj)
 .text.fault_handle
                0x0000000000005bfc       0x46 zephyr/arch/arch/arm/core/aarch32/cortex_m/libarch__arm__core__aarch32__cortex_m.a(fault.c.obj)
 .text.sys_arch_reboot
                0x0000000000005c42        0x6 zephyr/arch/arch/arm/core/aarch32/cortex_m/libarch__arm__core__aarch32__cortex_m.a(scb.c.obj)
                0x0000000000005c42                sys_arch_reboot
 .text.arm_cmse_mpu_region_get
                0x0000000000005c48       0x14 zephyr/arch/arch/arm/core/aarch32/cortex_m/cmse/libarch__arm__core__aarch32__cortex_m__cmse.a(arm_core_cmse.c.obj)
                0x0000000000005c48                arm_cmse_mpu_region_get
 .text.region_init
                0x0000000000005c5c       0x28 zephyr/arch/arch/arm/core/aarch32/mpu/libarch__arm__core__aarch32__mpu.a(arm_mpu.c.obj)
 .text.mpu_partition_is_valid
                0x0000000000005c84       0x24 zephyr/arch/arch/arm/core/aarch32/mpu/libarch__arm__core__aarch32__mpu.a(arm_mpu.c.obj)
 .text.region_allocate_and_init
                0x0000000000005ca8       0x16 zephyr/arch/arch/arm/core/aarch32/mpu/libarch__arm__core__aarch32__mpu.a(arm_mpu.c.obj)
 .text.mpu_configure_region
                0x0000000000005cbe       0x3e zephyr/arch/arch/arm/core/aarch32/mpu/libarch__arm__core__aarch32__mpu.a(arm_mpu.c.obj)
 .text.get_region_index
                0x0000000000005cfc       0x22 zephyr/arch/arch/arm/core/aarch32/mpu/libarch__arm__core__aarch32__mpu.a(arm_mpu.c.obj)
 .text.arm_core_mpu_configure_static_mpu_regions
                0x0000000000005d1e        0x8 zephyr/arch/arch/arm/core/aarch32/mpu/libarch__arm__core__aarch32__mpu.a(arm_mpu.c.obj)
                0x0000000000005d1e                arm_core_mpu_configure_static_mpu_regions
 .text.arm_core_mpu_mark_areas_for_dynamic_regions
                0x0000000000005d26        0x8 zephyr/arch/arch/arm/core/aarch32/mpu/libarch__arm__core__aarch32__mpu.a(arm_mpu.c.obj)
                0x0000000000005d26                arm_core_mpu_mark_areas_for_dynamic_regions
 .text.strncpy  0x0000000000005d2e       0x34 zephyr/lib/libc/minimal/liblib__libc__minimal.a(string.c.obj)
                0x0000000000005d2e                strncpy
 .text.strlen   0x0000000000005d62       0x12 zephyr/lib/libc/minimal/liblib__libc__minimal.a(string.c.obj)
                0x0000000000005d62                strlen
 .text.strnlen  0x0000000000005d74       0x14 zephyr/lib/libc/minimal/liblib__libc__minimal.a(string.c.obj)
                0x0000000000005d74                strnlen
 .text.memcpy   0x0000000000005d88       0x5e zephyr/lib/libc/minimal/liblib__libc__minimal.a(string.c.obj)
                0x0000000000005d88                memcpy
 .text.memset   0x0000000000005de6       0x3c zephyr/lib/libc/minimal/liblib__libc__minimal.a(string.c.obj)
                0x0000000000005de6                memset
 .text._stdout_hook_default
                0x0000000000005e22        0x6 zephyr/lib/libc/minimal/liblib__libc__minimal.a(stdout_console.c.obj)
 .text.nrf_clock_is_running
                0x0000000000005e28       0x74 zephyr/drivers/clock_control/libdrivers__clock_control.a(clock_control_nrf.c.obj)
 .text.get_sub_data
                0x0000000000005e9c        0xe zephyr/drivers/clock_control/libdrivers__clock_control.a(clock_control_nrf.c.obj)
 .text.get_sub_config
                0x0000000000005eaa        0x8 zephyr/drivers/clock_control/libdrivers__clock_control.a(clock_control_nrf.c.obj)
 .text.get_onoff_manager
                0x0000000000005eb2        0xc zephyr/drivers/clock_control/libdrivers__clock_control.a(clock_control_nrf.c.obj)
 .text.get_status
                0x0000000000005ebe       0x10 zephyr/drivers/clock_control/libdrivers__clock_control.a(clock_control_nrf.c.obj)
 .text.set_off_state
                0x0000000000005ece       0x32 zephyr/drivers/clock_control/libdrivers__clock_control.a(clock_control_nrf.c.obj)
 .text.set_starting_state
                0x0000000000005f00       0x3c zephyr/drivers/clock_control/libdrivers__clock_control.a(clock_control_nrf.c.obj)
 .text.set_on_state
                0x0000000000005f3c       0x26 zephyr/drivers/clock_control/libdrivers__clock_control.a(clock_control_nrf.c.obj)
 .text.clkstarted_handle
                0x0000000000005f62       0x24 zephyr/drivers/clock_control/libdrivers__clock_control.a(clock_control_nrf.c.obj)
 .text.stop     0x0000000000005f86       0x2a zephyr/drivers/clock_control/libdrivers__clock_control.a(clock_control_nrf.c.obj)
 .text.api_stop
                0x0000000000005fb0        0xa zephyr/drivers/clock_control/libdrivers__clock_control.a(clock_control_nrf.c.obj)
 .text.async_start
                0x0000000000005fba       0x38 zephyr/drivers/clock_control/libdrivers__clock_control.a(clock_control_nrf.c.obj)
 .text.api_start
                0x0000000000005ff2       0x10 zephyr/drivers/clock_control/libdrivers__clock_control.a(clock_control_nrf.c.obj)
 .text.onoff_started_callback
                0x0000000000006002       0x10 zephyr/drivers/clock_control/libdrivers__clock_control.a(clock_control_nrf.c.obj)
 .text.hfclk_start
                0x0000000000006012        0xa zephyr/drivers/clock_control/libdrivers__clock_control.a(clock_control_nrf.c.obj)
 .text.hfclkaudio_start
                0x000000000000601c        0xa zephyr/drivers/clock_control/libdrivers__clock_control.a(clock_control_nrf.c.obj)
 .text.hfclk192m_start
                0x0000000000006026        0xa zephyr/drivers/clock_control/libdrivers__clock_control.a(clock_control_nrf.c.obj)
 .text.lfclk_start
                0x0000000000006030        0xa zephyr/drivers/clock_control/libdrivers__clock_control.a(clock_control_nrf.c.obj)
 .text.hfclk_stop
                0x000000000000603a        0xa zephyr/drivers/clock_control/libdrivers__clock_control.a(clock_control_nrf.c.obj)
 .text.hfclkaudio_stop
                0x0000000000006044        0xa zephyr/drivers/clock_control/libdrivers__clock_control.a(clock_control_nrf.c.obj)
 .text.hfclk192m_stop
                0x000000000000604e        0xa zephyr/drivers/clock_control/libdrivers__clock_control.a(clock_control_nrf.c.obj)
 .text.lfclk_stop
                0x0000000000006058        0xa zephyr/drivers/clock_control/libdrivers__clock_control.a(clock_control_nrf.c.obj)
 .text.k_msleep
                0x0000000000006062       0x2c zephyr/drivers/clock_control/libdrivers__clock_control.a(clock_control_nrf.c.obj)
 .text.blocking_start_callback
                0x000000000000608e        0xa zephyr/drivers/clock_control/libdrivers__clock_control.a(clock_control_nrf.c.obj)
 .text.sys_slist_remove
                0x0000000000006098       0x26 zephyr/drivers/gpio/libdrivers__gpio.a(gpio_nrfx.c.obj)
 .text.sys_slist_find_and_remove
                0x00000000000060be       0x20 zephyr/drivers/gpio/libdrivers__gpio.a(gpio_nrfx.c.obj)
 .text.gpio_manage_callback
                0x00000000000060de       0x3e zephyr/drivers/gpio/libdrivers__gpio.a(gpio_nrfx.c.obj)
 .text.gpio_fire_callbacks
                0x000000000000611c       0x40 zephyr/drivers/gpio/libdrivers__gpio.a(gpio_nrfx.c.obj)
 .text.get_drive
                0x000000000000615c       0x86 zephyr/drivers/gpio/libdrivers__gpio.a(gpio_nrfx.c.obj)
 .text.get_pull
                0x00000000000061e2       0x18 zephyr/drivers/gpio/libdrivers__gpio.a(gpio_nrfx.c.obj)
 .text.gpio_nrfx_port_get_raw
                0x00000000000061fa        0xc zephyr/drivers/gpio/libdrivers__gpio.a(gpio_nrfx.c.obj)
 .text.gpio_nrfx_port_set_masked_raw
                0x0000000000006206       0x14 zephyr/drivers/gpio/libdrivers__gpio.a(gpio_nrfx.c.obj)
 .text.gpio_nrfx_port_set_bits_raw
                0x000000000000621a        0xa zephyr/drivers/gpio/libdrivers__gpio.a(gpio_nrfx.c.obj)
 .text.gpio_nrfx_port_clear_bits_raw
                0x0000000000006224        0xa zephyr/drivers/gpio/libdrivers__gpio.a(gpio_nrfx.c.obj)
 .text.gpio_nrfx_port_toggle_bits
                0x000000000000622e       0x14 zephyr/drivers/gpio/libdrivers__gpio.a(gpio_nrfx.c.obj)
 .text.get_trigger
                0x0000000000006242       0x2c zephyr/drivers/gpio/libdrivers__gpio.a(gpio_nrfx.c.obj)
 .text.gpio_nrfx_manage_callback
                0x000000000000626e        0xc zephyr/drivers/gpio/libdrivers__gpio.a(gpio_nrfx.c.obj)
 .text.nrfx_gpio_handler
                0x000000000000627a       0x1e zephyr/drivers/gpio/libdrivers__gpio.a(gpio_nrfx.c.obj)
 .text.endtx_isr
                0x0000000000006298       0x32 zephyr/drivers/serial/libdrivers__serial.a(uart_nrfx_uarte.c.obj)
 .text.uarte_nrfx_isr_int
                0x00000000000062ca       0x52 zephyr/drivers/serial/libdrivers__serial.a(uart_nrfx_uarte.c.obj)
 .text.uarte_nrfx_configure
                0x000000000000631c       0xc4 zephyr/drivers/serial/libdrivers__serial.a(uart_nrfx_uarte.c.obj)
 .text.uarte_nrfx_config_get
                0x00000000000063e0       0x12 zephyr/drivers/serial/libdrivers__serial.a(uart_nrfx_uarte.c.obj)
 .text.uarte_nrfx_err_check
                0x00000000000063f2        0xe zephyr/drivers/serial/libdrivers__serial.a(uart_nrfx_uarte.c.obj)
 .text.is_tx_ready
                0x0000000000006400       0x28 zephyr/drivers/serial/libdrivers__serial.a(uart_nrfx_uarte.c.obj)
 .text.uarte_enable
                0x0000000000006428        0xc zephyr/drivers/serial/libdrivers__serial.a(uart_nrfx_uarte.c.obj)
 .text.tx_start
                0x0000000000006434       0x3e zephyr/drivers/serial/libdrivers__serial.a(uart_nrfx_uarte.c.obj)
 .text.uarte_nrfx_poll_in
                0x0000000000006472       0x2c zephyr/drivers/serial/libdrivers__serial.a(uart_nrfx_uarte.c.obj)
 .text.k_msleep
                0x000000000000649e       0x2c zephyr/drivers/serial/libdrivers__serial.a(uart_nrfx_uarte.c.obj)
 .text.wait_tx_ready
                0x00000000000064ca       0x4c zephyr/drivers/serial/libdrivers__serial.a(uart_nrfx_uarte.c.obj)
 .text.pinctrl_apply_state
                0x0000000000006516       0x20 zephyr/drivers/serial/libdrivers__serial.a(uart_nrfx_uarte.c.obj)
 .text.uarte_instance_init
                0x0000000000006536       0xa4 zephyr/drivers/serial/libdrivers__serial.a(uart_nrfx_uarte.c.obj)
 .text.uarte_0_init
                0x00000000000065da       0x1e zephyr/drivers/serial/libdrivers__serial.a(uart_nrfx_uarte.c.obj)
 .text.sys_clock_idle_exit
                0x00000000000065f8        0x2 zephyr/drivers/timer/libdrivers__timer.a(sys_clock_init.c.obj)
                0x00000000000065f8                sys_clock_idle_exit
 .text.counter_sub
                0x00000000000065fa        0x8 zephyr/drivers/timer/libdrivers__timer.a(nrf_rtc_timer.c.obj)
 .text.event_check
                0x0000000000006602       0x1a zephyr/drivers/timer/libdrivers__timer.a(nrf_rtc_timer.c.obj)
 .text.event_clear
                0x000000000000661c       0x18 zephyr/drivers/timer/libdrivers__timer.a(nrf_rtc_timer.c.obj)
 .text.absolute_time_to_cc
                0x0000000000006634        0x6 zephyr/drivers/timer/libdrivers__timer.a(nrf_rtc_timer.c.obj)
 .text.full_int_lock
                0x000000000000663a       0x12 zephyr/drivers/timer/libdrivers__timer.a(nrf_rtc_timer.c.obj)
 .text.full_int_unlock
                0x000000000000664c        0xa zephyr/drivers/timer/libdrivers__timer.a(nrf_rtc_timer.c.obj)
 .text.compare_set
                0x0000000000006656       0x32 zephyr/drivers/timer/libdrivers__timer.a(nrf_rtc_timer.c.obj)
 .text.sys_clock_cycle_get_32
                0x0000000000006688        0x8 zephyr/drivers/timer/libdrivers__timer.a(nrf_rtc_timer.c.obj)
                0x0000000000006688                sys_clock_cycle_get_32
 .text.pinctrl_lookup_state
                0x0000000000006690       0x32 zephyr/drivers/pinctrl/libdrivers__pinctrl.a(common.c.obj)
                0x0000000000006690                pinctrl_lookup_state
 .text.z_impl_gpio_pin_interrupt_configure
                0x00000000000066c2       0x28 modules/nrf/lib/dk_buttons_and_leds/lib..__nrf__lib__dk_buttons_and_leds.a(dk_buttons_and_leds.c.obj)
 .text.z_impl_gpio_pin_configure
                0x00000000000066ea       0x50 modules/nrf/lib/dk_buttons_and_leds/lib..__nrf__lib__dk_buttons_and_leds.a(dk_buttons_and_leds.c.obj)
 .text.gpio_pin_configure_dt
                0x000000000000673a       0x16 modules/nrf/lib/dk_buttons_and_leds/lib..__nrf__lib__dk_buttons_and_leds.a(dk_buttons_and_leds.c.obj)
 .text.gpio_port_get
                0x0000000000006750       0x18 modules/nrf/lib/dk_buttons_and_leds/lib..__nrf__lib__dk_buttons_and_leds.a(dk_buttons_and_leds.c.obj)
 .text.gpio_pin_get
                0x0000000000006768       0x20 modules/nrf/lib/dk_buttons_and_leds/lib..__nrf__lib__dk_buttons_and_leds.a(dk_buttons_and_leds.c.obj)
 .text.gpio_pin_set_raw
                0x0000000000006788       0x20 modules/nrf/lib/dk_buttons_and_leds/lib..__nrf__lib__dk_buttons_and_leds.a(dk_buttons_and_leds.c.obj)
 .text.gpio_pin_set
                0x00000000000067a8       0x1a modules/nrf/lib/dk_buttons_and_leds/lib..__nrf__lib__dk_buttons_and_leds.a(dk_buttons_and_leds.c.obj)
 .text.gpio_add_callback
                0x00000000000067c2       0x14 modules/nrf/lib/dk_buttons_and_leds/lib..__nrf__lib__dk_buttons_and_leds.a(dk_buttons_and_leds.c.obj)
 .text.dk_set_led_on
                0x00000000000067d6        0xa modules/nrf/lib/dk_buttons_and_leds/lib..__nrf__lib__dk_buttons_and_leds.a(dk_buttons_and_leds.c.obj)
                0x00000000000067d6                dk_set_led_on
 .text.dk_set_led_off
                0x00000000000067e0        0xa modules/nrf/lib/dk_buttons_and_leds/lib..__nrf__lib__dk_buttons_and_leds.a(dk_buttons_and_leds.c.obj)
                0x00000000000067e0                dk_set_led_off
 .text.k_sys_fatal_error_handler
                0x00000000000067ea        0x8 modules/nrf/lib/fatal_error/lib..__nrf__lib__fatal_error.a(fatal_error.c.obj)
                0x00000000000067ea                k_sys_fatal_error_handler
 .text.hw_cc3xx_init_internal
                0x00000000000067f2        0x8 modules/nrf/drivers/hw_cc310/lib..__nrf__drivers__hw_cc310.a(hw_cc310.c.obj)
 .text.hw_cc3xx_init
                0x00000000000067fa       0x14 modules/nrf/drivers/hw_cc310/lib..__nrf__drivers__hw_cc310.a(hw_cc310.c.obj)
 .text.nrf53_errata_42
                0x000000000000680e       0x28 modules/hal_nordic/nrfx/libmodules__hal_nordic__nrfx.a(system_nrf5340_application.c.obj)
 .text.nrf53_errata_46
                0x0000000000006836       0x30 modules/hal_nordic/nrfx/libmodules__hal_nordic__nrfx.a(system_nrf5340_application.c.obj)
 .text.nrf53_errata_49
                0x0000000000006866       0x28 modules/hal_nordic/nrfx/libmodules__hal_nordic__nrfx.a(system_nrf5340_application.c.obj)
 .text.nrf53_errata_55
                0x000000000000688e       0x18 modules/hal_nordic/nrfx/libmodules__hal_nordic__nrfx.a(system_nrf5340_application.c.obj)
 .text.nrf53_errata_64
                0x00000000000068a6       0x28 modules/hal_nordic/nrfx/libmodules__hal_nordic__nrfx.a(system_nrf5340_application.c.obj)
 .text.nrf53_errata_69
                0x00000000000068ce       0x28 modules/hal_nordic/nrfx/libmodules__hal_nordic__nrfx.a(system_nrf5340_application.c.obj)
 .text.nrf53_errata_97
                0x00000000000068f6       0x28 modules/hal_nordic/nrfx/libmodules__hal_nordic__nrfx.a(system_nrf5340_application.c.obj)
 .text.nrf53_errata_140
                0x000000000000691e       0x18 modules/hal_nordic/nrfx/libmodules__hal_nordic__nrfx.a(system_nrf5340_application.c.obj)
 .text.nrfx_isr
                0x0000000000006936        0x6 modules/hal_nordic/nrfx/libmodules__hal_nordic__nrfx.a(nrfx_glue.c.obj)
                0x0000000000006936                nrfx_isr
 .text.nrfx_busy_wait
                0x000000000000693c        0x8 modules/hal_nordic/nrfx/libmodules__hal_nordic__nrfx.a(nrfx_glue.c.obj)
                0x000000000000693c                nrfx_busy_wait
 .text.nrf_clock_is_running
                0x0000000000006944       0x74 modules/hal_nordic/nrfx/libmodules__hal_nordic__nrfx.a(nrfx_clock.c.obj)
 .text.clock_initial_lfclksrc_get
                0x00000000000069b8        0x4 modules/hal_nordic/nrfx/libmodules__hal_nordic__nrfx.a(nrfx_clock.c.obj)
 .text.nrfx_power_clock_irq_init
                0x00000000000069bc       0x14 modules/hal_nordic/nrfx/libmodules__hal_nordic__nrfx.a(nrfx_clock.c.obj)
 .text.clock_stop
                0x00000000000069d0       0xba modules/hal_nordic/nrfx/libmodules__hal_nordic__nrfx.a(nrfx_clock.c.obj)
 .text.clock_lfclksrc_tweak
                0x0000000000006a8a       0x2a modules/hal_nordic/nrfx/libmodules__hal_nordic__nrfx.a(nrfx_clock.c.obj)
 .text.nrfx_clock_enable
                0x0000000000006ab4       0x1e modules/hal_nordic/nrfx/libmodules__hal_nordic__nrfx.a(nrfx_clock.c.obj)
                0x0000000000006ab4                nrfx_clock_enable
 .text.nrfx_clock_start
                0x0000000000006ad2       0xea modules/hal_nordic/nrfx/libmodules__hal_nordic__nrfx.a(nrfx_clock.c.obj)
                0x0000000000006ad2                nrfx_clock_start
 .text.nrfx_clock_stop
                0x0000000000006bbc        0x8 modules/hal_nordic/nrfx/libmodules__hal_nordic__nrfx.a(nrfx_clock.c.obj)
                0x0000000000006bbc                nrfx_clock_stop
 .text.nrf_gpiote_event_configure
                0x0000000000006bc4       0x32 modules/hal_nordic/nrfx/libmodules__hal_nordic__nrfx.a(nrfx_gpiote.c.obj)
 .text.nrf_gpiote_task_configure
                0x0000000000006bf6       0x3e modules/hal_nordic/nrfx/libmodules__hal_nordic__nrfx.a(nrfx_gpiote.c.obj)
 .text.nrf_gpio_cfg_sense_set
                0x0000000000006c34       0x20 modules/hal_nordic/nrfx/libmodules__hal_nordic__nrfx.a(nrfx_gpiote.c.obj)
 .text.pin_is_task_output
                0x0000000000006c54       0x1e modules/hal_nordic/nrfx/libmodules__hal_nordic__nrfx.a(nrfx_gpiote.c.obj)
 .text.pin_is_input
                0x0000000000006c72        0xe modules/hal_nordic/nrfx/libmodules__hal_nordic__nrfx.a(nrfx_gpiote.c.obj)
 .text.gpiote_polarity_to_trigger
                0x0000000000006c80        0x2 modules/hal_nordic/nrfx/libmodules__hal_nordic__nrfx.a(nrfx_gpiote.c.obj)
 .text.gpiote_trigger_to_polarity
                0x0000000000006c82        0x2 modules/hal_nordic/nrfx/libmodules__hal_nordic__nrfx.a(nrfx_gpiote.c.obj)
 .text.is_level
                0x0000000000006c84        0xa modules/hal_nordic/nrfx/libmodules__hal_nordic__nrfx.a(nrfx_gpiote.c.obj)
 .text.latch_pending_read_and_check
                0x0000000000006c8e       0x26 modules/hal_nordic/nrfx/libmodules__hal_nordic__nrfx.a(nrfx_gpiote.c.obj)
 .text.z_device_is_ready
                0x0000000000006cb4       0x20 zephyr/kernel/libkernel.a(device.c.obj)
                0x0000000000006cb4                z_device_is_ready
 .text.z_fatal_error
                0x0000000000006cd4       0x34 zephyr/kernel/libkernel.a(fatal.c.obj)
                0x0000000000006cd4                z_fatal_error
 .text.z_early_memset
                0x0000000000006d08        0x8 zephyr/kernel/libkernel.a(init.c.obj)
                0x0000000000006d08                z_early_memset
 .text.z_early_memcpy
                0x0000000000006d10        0x8 zephyr/kernel/libkernel.a(init.c.obj)
                0x0000000000006d10                z_early_memcpy
 .text.create_free_list
                0x0000000000006d18       0x2e zephyr/kernel/libkernel.a(mem_slab.c.obj)
 .text.k_mem_slab_init
                0x0000000000006d46       0x1c zephyr/kernel/libkernel.a(mem_slab.c.obj)
                0x0000000000006d46                k_mem_slab_init
 .text.k_mem_slab_free
                0x0000000000006d62       0x5e zephyr/kernel/libkernel.a(mem_slab.c.obj)
                0x0000000000006d62                k_mem_slab_free
 .text.setup_thread_stack
                0x0000000000006dc0       0x18 zephyr/kernel/libkernel.a(thread.c.obj)
 .text.k_is_in_isr
                0x0000000000006dd8        0xc zephyr/kernel/libkernel.a(thread.c.obj)
                0x0000000000006dd8                k_is_in_isr
 .text.z_impl_k_thread_start
                0x0000000000006de4        0x8 zephyr/kernel/libkernel.a(thread.c.obj)
                0x0000000000006de4                z_impl_k_thread_start
 .text.z_init_thread_base
                0x0000000000006dec       0x16 zephyr/kernel/libkernel.a(thread.c.obj)
                0x0000000000006dec                z_init_thread_base
 .text.z_impl_k_thread_create
                0x0000000000006e02       0x44 zephyr/kernel/libkernel.a(thread.c.obj)
                0x0000000000006e02                z_impl_k_thread_create
 .text.z_pm_save_idle_exit
                0x0000000000006e46        0xc zephyr/kernel/libkernel.a(idle.c.obj)
                0x0000000000006e46                z_pm_save_idle_exit
 .text.new_prio_for_inheritance
                0x0000000000006e52       0x16 zephyr/kernel/libkernel.a(mutex.c.obj)
 .text.adjust_owner_prio
                0x0000000000006e68       0x16 zephyr/kernel/libkernel.a(mutex.c.obj)
 .text.z_impl_k_mutex_init
                0x0000000000006e7e        0xe zephyr/kernel/libkernel.a(mutex.c.obj)
                0x0000000000006e7e                z_impl_k_mutex_init
 .text.sys_slist_remove
                0x0000000000006e8c       0x26 zephyr/kernel/libkernel.a(work.c.obj)
 .text.notify_queue_locked
                0x0000000000006eb2       0x14 zephyr/kernel/libkernel.a(work.c.obj)
 .text.submit_to_queue_locked
                0x0000000000006ec6       0x60 zephyr/kernel/libkernel.a(work.c.obj)
 .text.work_timeout
                0x0000000000006f26       0x46 zephyr/kernel/libkernel.a(work.c.obj)
 .text.unschedule_locked
                0x0000000000006f6c       0x1e zephyr/kernel/libkernel.a(work.c.obj)
 .text.k_work_init_delayable
                0x0000000000006f8a       0x18 zephyr/kernel/libkernel.a(work.c.obj)
                0x0000000000006f8a                k_work_init_delayable
 .text.k_work_schedule_for_queue
                0x0000000000006fa2       0x34 zephyr/kernel/libkernel.a(work.c.obj)
                0x0000000000006fa2                k_work_schedule_for_queue
 .text.k_work_reschedule_for_queue
                0x0000000000006fd6       0x3a zephyr/kernel/libkernel.a(work.c.obj)
                0x0000000000006fd6                k_work_reschedule_for_queue
 .text.thread_active_elsewhere
                0x0000000000007010        0x4 zephyr/kernel/libkernel.a(sched.c.obj)
 .text.pended_on_thread
                0x0000000000007014        0x4 zephyr/kernel/libkernel.a(sched.c.obj)
 .text.z_sched_prio_cmp
                0x0000000000007018       0x14 zephyr/kernel/libkernel.a(sched.c.obj)
                0x0000000000007018                z_sched_prio_cmp
 .text.z_reschedule_irqlock
                0x000000000000702c       0x1c zephyr/kernel/libkernel.a(sched.c.obj)
                0x000000000000702c                z_reschedule_irqlock
 .text.z_reschedule_unlocked
                0x0000000000007048       0x18 zephyr/kernel/libkernel.a(sched.c.obj)
 .text.z_priq_dumb_remove
                0x0000000000007060       0x10 zephyr/kernel/libkernel.a(sched.c.obj)
                0x0000000000007060                z_priq_dumb_remove
 .text.unpend_thread_no_timeout
                0x0000000000007070       0x1c zephyr/kernel/libkernel.a(sched.c.obj)
 .text.z_priq_dumb_best
                0x000000000000708c        0xe zephyr/kernel/libkernel.a(sched.c.obj)
                0x000000000000708c                z_priq_dumb_best
 .text.z_ready_thread
                0x000000000000709a       0x38 zephyr/kernel/libkernel.a(sched.c.obj)
                0x000000000000709a                z_ready_thread
 .text.z_thread_timeout
                0x00000000000070d2       0x5e zephyr/kernel/libkernel.a(sched.c.obj)
                0x00000000000070d2                z_thread_timeout
 .text.unpend_all
                0x0000000000007130       0x2a zephyr/kernel/libkernel.a(sched.c.obj)
 .text.add_to_waitq_locked
                0x000000000000715a       0x56 zephyr/kernel/libkernel.a(sched.c.obj)
 .text.pend_locked
                0x00000000000071b0       0x18 zephyr/kernel/libkernel.a(sched.c.obj)
 .text.z_unpend_first_thread
                0x00000000000071c8       0x44 zephyr/kernel/libkernel.a(sched.c.obj)
                0x00000000000071c8                z_unpend_first_thread
 .text.init_ready_q
                0x000000000000720c        0x8 zephyr/kernel/libkernel.a(sched.c.obj)
                0x000000000000720c                init_ready_q
 .text.z_sched_wake
                0x0000000000007214       0x5c zephyr/kernel/libkernel.a(sched.c.obj)
                0x0000000000007214                z_sched_wake
 .text.remove_timeout
                0x0000000000007270       0x2e zephyr/kernel/libkernel.a(timeout.c.obj)
 .text.z_abort_timeout
                0x000000000000729e       0x3c zephyr/kernel/libkernel.a(timeout.c.obj)
                0x000000000000729e                z_abort_timeout
 .text.z_get_next_timeout_expiry
                0x00000000000072da       0x2e zephyr/kernel/libkernel.a(timeout.c.obj)
                0x00000000000072da                z_get_next_timeout_expiry
 .text.z_set_timeout_expiry
                0x0000000000007308       0x56 zephyr/kernel/libkernel.a(timeout.c.obj)
                0x0000000000007308                z_set_timeout_expiry
 .text.sys_clock_tick_get_32
                0x000000000000735e        0x8 zephyr/kernel/libkernel.a(timeout.c.obj)
                0x000000000000735e                sys_clock_tick_get_32
 .text.z_impl_k_busy_wait
                0x0000000000007366        0xc zephyr/kernel/libkernel.a(timeout.c.obj)
                0x0000000000007366                z_impl_k_busy_wait
 .text._OffsetAbsSyms
                0x0000000000007372        0x2 zephyr/CMakeFiles/offsets.dir/./arch/arm/core/offsets/offsets.c.obj
                0x0000000000007372                _OffsetAbsSyms
 *(SORT_BY_ALIGNMENT(.TEXT.*))
 *(SORT_BY_ALIGNMENT(.gnu.linkonce.t.*))
 *(SORT_BY_ALIGNMENT(.glue_7t))
 .glue_7t       0x0000000000007374        0x0 linker stubs
 *(SORT_BY_ALIGNMENT(.glue_7))
 .glue_7        0x0000000000007374        0x0 linker stubs
 *(SORT_BY_ALIGNMENT(.vfp11_veneer))
 .vfp11_veneer  0x0000000000007374        0x0 linker stubs
 *(SORT_BY_ALIGNMENT(.v4_bx))
 .v4_bx         0x0000000000007374        0x0 linker stubs
                0x0000000000007374                . = ALIGN (0x4)
                0x0000000000007374                __text_region_end = .

.ARM.exidx      0x0000000000007374        0x8
                0x0000000000007374                __exidx_start = .
 *(SORT_BY_ALIGNMENT(.ARM.exidx*) SORT_BY_ALIGNMENT(gnu.linkonce.armexidx.*))
 .ARM.exidx     0x0000000000007374        0x8 d:/software/ncs/toolchains/v2.3.0/opt/zephyr-sdk/arm-zephyr-eabi/bin/../lib/gcc/arm-zephyr-eabi/12.1.0/thumb/v8-m.main/nofp\libgcc.a(_udivmoddi4.o)
                0x000000000000737c                __exidx_end = .
                0x000000000000737c                __rodata_region_start = .

initlevel       0x000000000000737c       0x58
                0x000000000000737c                __init_start = .
                0x000000000000737c                __init_EARLY_start = .
 *(SORT_BY_NAME(SORT_BY_ALIGNMENT(.z_init_EARLY[0-9]_*)))
 *(SORT_BY_NAME(SORT_BY_ALIGNMENT(.z_init_EARLY[1-9][0-9]_*)))
                0x000000000000737c                __init_PRE_KERNEL_1_start = .
 *(SORT_BY_NAME(SORT_BY_ALIGNMENT(.z_init_PRE_KERNEL_1[0-9]_*)))
 .z_init_PRE_KERNEL_10_
                0x000000000000737c        0x8 zephyr/libzephyr.a(soc.c.obj)
 *(SORT_BY_NAME(SORT_BY_ALIGNMENT(.z_init_PRE_KERNEL_1[1-9][0-9]_*)))
 .z_init_PRE_KERNEL_130_
                0x0000000000007384        0x8 zephyr/drivers/clock_control/libdrivers__clock_control.a(clock_control_nrf.c.obj)
 .z_init_PRE_KERNEL_130_
                0x000000000000738c        0x8 zephyr/kernel/libkernel.a(mem_slab.c.obj)
 .z_init_PRE_KERNEL_140_
                0x0000000000007394       0x10 zephyr/drivers/gpio/libdrivers__gpio.a(gpio_nrfx.c.obj)
 .z_init_PRE_KERNEL_140_
                0x00000000000073a4        0x8 modules/nrf/drivers/hw_cc310/lib..__nrf__drivers__hw_cc310.a(hw_cc310.c.obj)
 .z_init_PRE_KERNEL_155_
                0x00000000000073ac        0x8 zephyr/drivers/serial/libdrivers__serial.a(uart_nrfx_uarte.c.obj)
 .z_init_PRE_KERNEL_160_
                0x00000000000073b4        0x8 zephyr/drivers/console/libdrivers__console.a(uart_console.c.obj)
                0x00000000000073bc                __init_PRE_KERNEL_2_start = .
 *(SORT_BY_NAME(SORT_BY_ALIGNMENT(.z_init_PRE_KERNEL_2[0-9]_*)))
 .z_init_PRE_KERNEL_20_
                0x00000000000073bc        0x8 zephyr/drivers/timer/libdrivers__timer.a(nrf_rtc_timer.c.obj)
 *(SORT_BY_NAME(SORT_BY_ALIGNMENT(.z_init_PRE_KERNEL_2[1-9][0-9]_*)))
                0x00000000000073c4                __init_POST_KERNEL_start = .
 *(SORT_BY_NAME(SORT_BY_ALIGNMENT(.z_init_POST_KERNEL[0-9]_*)))
 *(SORT_BY_NAME(SORT_BY_ALIGNMENT(.z_init_POST_KERNEL[1-9][0-9]_*)))
 .z_init_POST_KERNEL40_
                0x00000000000073c4        0x8 modules/nrf/drivers/hw_cc310/lib..__nrf__drivers__hw_cc310.a(hw_cc310.c.obj)
 .z_init_POST_KERNEL40_
                0x00000000000073cc        0x8 zephyr/kernel/libkernel.a(system_work_q.c.obj)
                0x00000000000073d4                __init_APPLICATION_start = .
 *(SORT_BY_NAME(SORT_BY_ALIGNMENT(.z_init_APPLICATION[0-9]_*)))
 *(SORT_BY_NAME(SORT_BY_ALIGNMENT(.z_init_APPLICATION[1-9][0-9]_*)))
                0x00000000000073d4                __init_SMP_start = .
 *(SORT_BY_NAME(SORT_BY_ALIGNMENT(.z_init_SMP[0-9]_*)))
 *(SORT_BY_NAME(SORT_BY_ALIGNMENT(.z_init_SMP[1-9][0-9]_*)))
                0x00000000000073d4                __init_end = .

devices         0x00000000000073d4       0x60
                0x00000000000073d4                __device_start = .
                0x00000000000073d4                __device_EARLY_start = .
 *(SORT_BY_NAME(SORT_BY_ALIGNMENT(.z_device_EARLY[0-9]_*)))
 *(SORT_BY_NAME(SORT_BY_ALIGNMENT(.z_device_EARLY[1-9][0-9]_*)))
                0x00000000000073d4                __device_PRE_KERNEL_1_start = .
 *(SORT_BY_NAME(SORT_BY_ALIGNMENT(.z_device_PRE_KERNEL_1[0-9]_*)))
 *(SORT_BY_NAME(SORT_BY_ALIGNMENT(.z_device_PRE_KERNEL_1[1-9][0-9]_*)))
 .z_device_PRE_KERNEL_130_
                0x00000000000073d4       0x18 zephyr/drivers/clock_control/libdrivers__clock_control.a(clock_control_nrf.c.obj)
                0x00000000000073d4                __device_dts_ord_76
 .z_device_PRE_KERNEL_140_
                0x00000000000073ec       0x30 zephyr/drivers/gpio/libdrivers__gpio.a(gpio_nrfx.c.obj)
                0x00000000000073ec                __device_dts_ord_30
                0x0000000000007404                __device_dts_ord_9
 .z_device_PRE_KERNEL_155_
                0x000000000000741c       0x18 zephyr/drivers/serial/libdrivers__serial.a(uart_nrfx_uarte.c.obj)
                0x000000000000741c                __device_dts_ord_117
                0x0000000000007434                __device_PRE_KERNEL_2_start = .
 *(SORT_BY_NAME(SORT_BY_ALIGNMENT(.z_device_PRE_KERNEL_2[0-9]_*)))
 *(SORT_BY_NAME(SORT_BY_ALIGNMENT(.z_device_PRE_KERNEL_2[1-9][0-9]_*)))
                0x0000000000007434                __device_POST_KERNEL_start = .
 *(SORT_BY_NAME(SORT_BY_ALIGNMENT(.z_device_POST_KERNEL[0-9]_*)))
 *(SORT_BY_NAME(SORT_BY_ALIGNMENT(.z_device_POST_KERNEL[1-9][0-9]_*)))
                0x0000000000007434                __device_APPLICATION_start = .
 *(SORT_BY_NAME(SORT_BY_ALIGNMENT(.z_device_APPLICATION[0-9]_*)))
 *(SORT_BY_NAME(SORT_BY_ALIGNMENT(.z_device_APPLICATION[1-9][0-9]_*)))
                0x0000000000007434                __device_SMP_start = .
 *(SORT_BY_NAME(SORT_BY_ALIGNMENT(.z_device_SMP[0-9]_*)))
 *(SORT_BY_NAME(SORT_BY_ALIGNMENT(.z_device_SMP[1-9][0-9]_*)))
                0x0000000000007434                __device_end = .

sw_isr_table    0x0000000000007434      0x228
                0x0000000000007434                . = ALIGN (0x4)
 *(SORT_BY_ALIGNMENT(.gnu.linkonce.sw_isr_table*))
 .gnu.linkonce.sw_isr_table
                0x0000000000007434      0x228 zephyr/arch/common/libisr_tables.a(isr_tables.c.obj)
                0x0000000000007434                _sw_isr_table

initlevel_error
                0x000000000000737c        0x0
 *(SORT_BY_NAME(SORT_BY_ALIGNMENT(.z_init_[_A-Z0-9]*)))
                0x0000000000000001                ASSERT ((SIZEOF (initlevel_error) == 0x0), Undefined initialization levels used.)

app_shmem_regions
                0x000000000000765c        0x0
                0x000000000000765c                __app_shmem_regions_start = .
 *(SORT_BY_NAME(SORT_BY_ALIGNMENT(.app_regions.*)))
                0x000000000000765c                __app_shmem_regions_end = .

k_p4wq_initparam_area
                0x000000000000765c        0x0
                0x000000000000765c                _k_p4wq_initparam_list_start = .
 *(SORT_BY_NAME(SORT_BY_ALIGNMENT(._k_p4wq_initparam.static.*)))
                0x000000000000765c                _k_p4wq_initparam_list_end = .

_static_thread_data_area
                0x000000000000765c        0x0
                0x000000000000765c                __static_thread_data_list_start = .
 *(SORT_BY_NAME(SORT_BY_ALIGNMENT(.__static_thread_data.static.*)))
                0x000000000000765c                __static_thread_data_list_end = .

device_handles  0x000000000000765c       0x18
                0x000000000000765c                __device_handles_start = .
 *(SORT_BY_NAME(SORT_BY_ALIGNMENT(.__device_handles_pass2*)))
 .__device_handles_pass2
                0x000000000000765c       0x18 zephyr/CMakeFiles/zephyr_pre1.dir/dev_handles.c.obj
                0x000000000000765c                __devicehdl_dts_ord_117
                0x0000000000007662                __devicehdl_dts_ord_9
                0x0000000000007668                __devicehdl_dts_ord_30
                0x000000000000766e                __devicehdl_dts_ord_76
                0x0000000000007674                __device_handles_end = .

ztest           0x0000000000007674        0x0
                0x0000000000007674                _ztest_expected_result_entry_list_start = .
 *(SORT_BY_NAME(SORT_BY_ALIGNMENT(._ztest_expected_result_entry.static.*)))
                0x0000000000007674                _ztest_expected_result_entry_list_end = .
                0x0000000000007674                _ztest_suite_node_list_start = .
 *(SORT_BY_NAME(SORT_BY_ALIGNMENT(._ztest_suite_node.static.*)))
                0x0000000000007674                _ztest_suite_node_list_end = .
                0x0000000000007674                _ztest_unit_test_list_start = .
 *(SORT_BY_NAME(SORT_BY_ALIGNMENT(._ztest_unit_test.static.*)))
                0x0000000000007674                _ztest_unit_test_list_end = .
                0x0000000000007674                _ztest_test_rule_list_start = .
 *(SORT_BY_NAME(SORT_BY_ALIGNMENT(._ztest_test_rule.static.*)))
                0x0000000000007674                _ztest_test_rule_list_end = .

bt_l2cap_fixed_chan_area
                0x0000000000007674        0x0
                0x0000000000007674                _bt_l2cap_fixed_chan_list_start = .
 *(SORT_BY_NAME(SORT_BY_ALIGNMENT(._bt_l2cap_fixed_chan.static.*)))
                0x0000000000007674                _bt_l2cap_fixed_chan_list_end = .

bt_gatt_service_static_area
                0x0000000000007674        0x0
                0x0000000000007674                _bt_gatt_service_static_list_start = .
 *(SORT_BY_NAME(SORT_BY_ALIGNMENT(._bt_gatt_service_static.static.*)))
                0x0000000000007674                _bt_gatt_service_static_list_end = .

log_strings_sections
                0x0000000000007674        0x0
                0x0000000000007674                __log_strings_start = .
 *(SORT_BY_NAME(SORT_BY_ALIGNMENT(.log_strings*)))
                0x0000000000007674                __log_strings_end = .

log_const_sections
                0x0000000000007674       0x60
                0x0000000000007674                __log_const_start = .
 *(SORT_BY_NAME(SORT_BY_ALIGNMENT(.log_const_*)))
 .log_const_NRFX_CLOCK
                0x0000000000007674        0x8 modules/hal_nordic/nrfx/libmodules__hal_nordic__nrfx.a(nrfx_clock.c.obj)
                0x0000000000007674                log_const_NRFX_CLOCK
 .log_const_NRFX_DPPI
                0x000000000000767c        0x8 modules/hal_nordic/nrfx/libmodules__hal_nordic__nrfx.a(nrfx_dppi.c.obj)
                0x000000000000767c                log_const_NRFX_DPPI
 .log_const_NRFX_GPIOTE
                0x0000000000007684        0x8 modules/hal_nordic/nrfx/libmodules__hal_nordic__nrfx.a(nrfx_gpiote.c.obj)
                0x0000000000007684                log_const_NRFX_GPIOTE
 .log_const_cbprintf_package
                0x000000000000768c        0x8 zephyr/libzephyr.a(cbprintf_packaged.c.obj)
                0x000000000000768c                log_const_cbprintf_package
 .log_const_clock_control
                0x0000000000007694        0x8 zephyr/drivers/clock_control/libdrivers__clock_control.a(clock_control_nrf.c.obj)
                0x0000000000007694                log_const_clock_control
 .log_const_dk_buttons_and_leds
                0x000000000000769c        0x8 modules/nrf/lib/dk_buttons_and_leds/lib..__nrf__lib__dk_buttons_and_leds.a(dk_buttons_and_leds.c.obj)
                0x000000000000769c                log_const_dk_buttons_and_leds
 .log_const_fatal_error
                0x00000000000076a4        0x8 modules/nrf/lib/fatal_error/lib..__nrf__lib__fatal_error.a(fatal_error.c.obj)
                0x00000000000076a4                log_const_fatal_error
 .log_const_mpu
                0x00000000000076ac        0x8 zephyr/arch/arch/arm/core/aarch32/mpu/libarch__arm__core__aarch32__mpu.a(arm_core_mpu.c.obj)
                0x00000000000076ac                log_const_mpu
 .log_const_os  0x00000000000076b4        0x8 zephyr/kernel/libkernel.a(init.c.obj)
                0x00000000000076b4                log_const_os
 .log_const_pm  0x00000000000076bc        0x8 zephyr/libzephyr.a(pm.c.obj)
                0x00000000000076bc                log_const_pm
 .log_const_soc
                0x00000000000076c4        0x8 zephyr/libzephyr.a(soc.c.obj)
                0x00000000000076c4                log_const_soc
 .log_const_uart_nrfx_uarte
                0x00000000000076cc        0x8 zephyr/drivers/serial/libdrivers__serial.a(uart_nrfx_uarte.c.obj)
                0x00000000000076cc                log_const_uart_nrfx_uarte
                0x00000000000076d4                __log_const_end = .

log_backend_area
                0x00000000000076d4        0x0
                0x00000000000076d4                _log_backend_list_start = .
 *(SORT_BY_NAME(SORT_BY_ALIGNMENT(._log_backend.static.*)))
                0x00000000000076d4                _log_backend_list_end = .

log_link_area   0x00000000000076d4        0x0
                0x00000000000076d4                _log_link_list_start = .
 *(SORT_BY_NAME(SORT_BY_ALIGNMENT(._log_link.static.*)))
                0x00000000000076d4                _log_link_list_end = .

tracing_backend_area
                0x00000000000076d4        0x0
                0x00000000000076d4                _tracing_backend_list_start = .
 *(SORT_BY_NAME(SORT_BY_ALIGNMENT(._tracing_backend.static.*)))
                0x00000000000076d4                _tracing_backend_list_end = .

zephyr_dbg_info
                0x00000000000076d4       0x40
 *(SORT_BY_ALIGNMENT(.dbg_thread_info))
 .dbg_thread_info
                0x00000000000076d4       0x40 zephyr/libzephyr.a(thread_info.c.obj)
                0x00000000000076d4                _kernel_openocd_size_t_size
                0x00000000000076d4                _kernel_thread_info_size_t_size
                0x00000000000076d8                _kernel_openocd_num_offsets
                0x00000000000076d8                _kernel_thread_info_num_offsets
                0x00000000000076dc                _kernel_openocd_offsets
                0x00000000000076dc                _kernel_thread_info_offsets

symbol_to_keep  0x0000000000007714        0x0
                0x0000000000007714                __symbol_to_keep_start = .
 *(SORT_BY_NAME(SORT_BY_ALIGNMENT(.symbol_to_keep*)))
                0x0000000000007714                __symbol_to_keep_end = .

shell_area      0x0000000000007714        0x0
                0x0000000000007714                _shell_list_start = .
 *(SORT_BY_NAME(SORT_BY_ALIGNMENT(._shell.static.*)))
                0x0000000000007714                _shell_list_end = .

shell_root_cmds_sections
                0x0000000000007714        0x0
                0x0000000000007714                __shell_root_cmds_start = .
 *(SORT_BY_NAME(SORT_BY_ALIGNMENT(.shell_root_cmd_*)))
                0x0000000000007714                __shell_root_cmds_end = .

shell_subcmds_sections
                0x0000000000007714        0x0
                0x0000000000007714                __shell_subcmds_start = .
 *(SORT_BY_NAME(SORT_BY_ALIGNMENT(.shell_subcmd_*)))
                0x0000000000007714                __shell_subcmds_end = .

shell_dynamic_subcmds_sections
                0x0000000000007714        0x0
                0x0000000000007714                __shell_dynamic_subcmds_start = .
 *(SORT_BY_NAME(SORT_BY_ALIGNMENT(.shell_dynamic_subcmd_*)))
                0x0000000000007714                __shell_dynamic_subcmds_end = .

font_entry_sections
                0x0000000000007714        0x0
                0x0000000000007714                __font_entry_start = .
 *(SORT_BY_NAME(SORT_BY_ALIGNMENT(._cfb_font.*)))
                0x0000000000007714                __font_entry_end = .

rodata          0x0000000000007720      0x460
 *(SORT_BY_ALIGNMENT(.rodata))
 .rodata        0x0000000000007720        0x8 modules/hal_nordic/nrfx/libmodules__hal_nordic__nrfx.a(nrfx_gpiote.c.obj)
 *(SORT_BY_ALIGNMENT(.rodata.*))
 *fill*         0x0000000000007728        0x8 
 .rodata.delay_machine_code.0
                0x0000000000007730        0x6 zephyr/libzephyr.a(soc.c.obj)
 *fill*         0x0000000000007736        0x2 
 .rodata.button_changed.str1.4
                0x0000000000007738       0x4d app/libapp.a(main.c.obj)
 *fill*         0x0000000000007785        0x3 
 .rodata.configure_gpio.str1.4
                0x0000000000007788       0x3b app/libapp.a(main.c.obj)
 *fill*         0x00000000000077c3        0x1 
 .rodata.str1.4
                0x00000000000077c4       0x11 zephyr/libzephyr.a(cbprintf_packaged.c.obj)
 *fill*         0x00000000000077d5        0x3 
 .rodata.z_cbvprintf_impl.str1.4
                0x00000000000077d8        0x6 zephyr/libzephyr.a(cbprintf_complete.c.obj)
 *fill*         0x00000000000077de        0x2 
 .rodata.sys_reboot.str1.4
                0x00000000000077e0       0x29 zephyr/libzephyr.a(reboot.c.obj)
 *fill*         0x0000000000007809        0x3 
 .rodata.str1.4
                0x000000000000780c        0x4 zephyr/libzephyr.a(soc.c.obj)
 .rodata.str1.4
                0x0000000000007810        0x3 zephyr/libzephyr.a(pm.c.obj)
 *fill*         0x0000000000007813        0x1 
 .rodata.pmstates_DT_N_S_cpus_S_cpu_0
                0x0000000000007814        0x0 zephyr/libzephyr.a(state.c.obj)