Archive member included to satisfy reference by file (symbol)

app/libapp.a(main.c.obj)      (--whole-archive)
zephyr/libzephyr.a(cbprintf_packaged.c.obj)
                              (--whole-archive)
zephyr/libzephyr.a(dec.c.obj)
                              (--whole-archive)
zephyr/libzephyr.a(fdtable.c.obj)
                              (--whole-archive)
zephyr/libzephyr.a(hex.c.obj)
                              (--whole-archive)
zephyr/libzephyr.a(printk.c.obj)
                              (--whole-archive)
zephyr/libzephyr.a(rb.c.obj)  (--whole-archive)
zephyr/libzephyr.a(sem.c.obj)
                              (--whole-archive)
zephyr/libzephyr.a(thread_entry.c.obj)
                              (--whole-archive)
zephyr/libzephyr.a(timeutil.c.obj)
                              (--whole-archive)
zephyr/libzephyr.a(heap.c.obj)
                              (--whole-archive)
zephyr/libzephyr.a(heap-validate.c.obj)
                              (--whole-archive)
zephyr/libzephyr.a(bitarray.c.obj)
                              (--whole-archive)
zephyr/libzephyr.a(multi_heap.c.obj)
                              (--whole-archive)
zephyr/libzephyr.a(onoff.c.obj)
                              (--whole-archive)
zephyr/libzephyr.a(notify.c.obj)
                              (--whole-archive)
zephyr/libzephyr.a(crc32c_sw.c.obj)
                              (--whole-archive)
zephyr/libzephyr.a(crc32_sw.c.obj)
                              (--whole-archive)
zephyr/libzephyr.a(crc16_sw.c.obj)
                              (--whole-archive)
zephyr/libzephyr.a(crc8_sw.c.obj)
                              (--whole-archive)
zephyr/libzephyr.a(crc7_sw.c.obj)
                              (--whole-archive)
zephyr/libzephyr.a(cbprintf_complete.c.obj)
                              (--whole-archive)
zephyr/libzephyr.a(cbprintf.c.obj)
                              (--whole-archive)
zephyr/libzephyr.a(assert.c.obj)
                              (--whole-archive)
zephyr/libzephyr.a(reboot.c.obj)
                              (--whole-archive)
zephyr/libzephyr.a(configs.c.obj)
                              (--whole-archive)
zephyr/libzephyr.a(soc.c.obj)
                              (--whole-archive)
zephyr/libzephyr.a(power.c.obj)
                              (--whole-archive)
zephyr/libzephyr.a(soc_nrf_common.S.obj)
                              (--whole-archive)
zephyr/libzephyr.a(validate_base_addresses.c.obj)
                              (--whole-archive)
zephyr/libzephyr.a(validate_enabled_instances.c.obj)
                              (--whole-archive)
zephyr/libzephyr.a(thread_info.c.obj)
                              (--whole-archive)
zephyr/libzephyr.a(pm.c.obj)  (--whole-archive)
zephyr/libzephyr.a(policy.c.obj)
                              (--whole-archive)
zephyr/libzephyr.a(state.c.obj)
                              (--whole-archive)
zephyr/libzephyr.a(tracing_none.c.obj)
                              (--whole-archive)
zephyr/libzephyr.a(nrf_cc3xx_platform_abort_zephyr.c.obj)
                              (--whole-archive)
zephyr/libzephyr.a(nrf_cc3xx_platform_mutex_zephyr.c.obj)
                              (--whole-archive)
zephyr/arch/common/libarch__common.a(sw_isr_common.c.obj)
                              (--whole-archive)
zephyr/arch/arch/arm/core/aarch32/libarch__arm__core__aarch32.a(cpu_idle.S.obj)
                              (--whole-archive)
zephyr/arch/arch/arm/core/aarch32/libarch__arm__core__aarch32.a(fatal.c.obj)
                              (--whole-archive)
zephyr/arch/arch/arm/core/aarch32/libarch__arm__core__aarch32.a(irq_manage.c.obj)
                              (--whole-archive)
zephyr/arch/arch/arm/core/aarch32/libarch__arm__core__aarch32.a(nmi.c.obj)
                              (--whole-archive)
zephyr/arch/arch/arm/core/aarch32/libarch__arm__core__aarch32.a(nmi_on_reset.S.obj)
                              (--whole-archive)
zephyr/arch/arch/arm/core/aarch32/libarch__arm__core__aarch32.a(prep_c.c.obj)
                              (--whole-archive)
zephyr/arch/arch/arm/core/aarch32/libarch__arm__core__aarch32.a(swap.c.obj)
                              (--whole-archive)
zephyr/arch/arch/arm/core/aarch32/libarch__arm__core__aarch32.a(swap_helper.S.obj)
                              (--whole-archive)
zephyr/arch/arch/arm/core/aarch32/libarch__arm__core__aarch32.a(thread.c.obj)
                              (--whole-archive)
zephyr/arch/arch/arm/core/aarch32/libarch__arm__core__aarch32.a(isr_wrapper.S.obj)
                              (--whole-archive)
zephyr/arch/arch/arm/core/aarch32/cortex_m/libarch__arm__core__aarch32__cortex_m.a(exc_exit.S.obj)
                              (--whole-archive)
zephyr/arch/arch/arm/core/aarch32/cortex_m/libarch__arm__core__aarch32__cortex_m.a(fault.c.obj)
                              (--whole-archive)
zephyr/arch/arch/arm/core/aarch32/cortex_m/libarch__arm__core__aarch32__cortex_m.a(fault_s.S.obj)
[...]
Memory Configuration

Name             Origin             Length             Attributes
FLASH            0x0000000000000000 0x0000000000100000 xr
RAM              0x0000000020000000 0x0000000000070000 xw
IDT_LIST         0x00000000fffff7ff 0x0000000000000800 xw
*default*        0x0000000000000000 0xffffffffffffffff

Linker script and memory map

LOAD zephyr/CMakeFiles/zephyr_pre1.dir/misc/empty_file.c.obj
LOAD zephyr/CMakeFiles/zephyr_pre1.dir/dev_handles.c.obj
                0x0000000000000020                _region_min_align = 0x20

.rel.plt        0x0000000000000000        0x0
 *(SORT_BY_ALIGNMENT(.rel.plt))
                [!provide]                        PROVIDE (__rel_iplt_start = .)
 *(SORT_BY_ALIGNMENT(.rel.iplt))
 .rel.iplt      0x0000000000000000        0x0 app/libapp.a(main.c.obj)
                [!provide]                        PROVIDE (__rel_iplt_end = .)

.rela.plt       0x0000000000000000        0x0
 *(SORT_BY_ALIGNMENT(.rela.plt))
                [!provide]                        PROVIDE (__rela_iplt_start = .)
 *(SORT_BY_ALIGNMENT(.rela.iplt))
                [!provide]                        PROVIDE (__rela_iplt_end = .)

.rel.dyn
 *(SORT_BY_ALIGNMENT(.rel.*))

.rela.dyn
 *(SORT_BY_ALIGNMENT(.rela.*))

/DISCARD/
 *(SORT_BY_ALIGNMENT(.plt))

/DISCARD/
 *(SORT_BY_ALIGNMENT(.iplt))
                0x0000000000000000                __rom_region_start = 0x0

rom_start       0x0000000000000000      0x154
                0x0000000000000000                . = 0x0
                0x0000000000000000                . = ALIGN (0x4)
                0x0000000000000000                . = ALIGN (0x80)
                0x0000000000000000                . = ALIGN (0x200)
                0x0000000000000000                _vector_start = .
 *(SORT_BY_ALIGNMENT(.exc_vector_table))
 *(SORT_BY_ALIGNMENT(.exc_vector_table.*))
 .exc_vector_table._vector_table_section
                0x0000000000000000       0x40 zephyr/arch/arch/arm/core/aarch32/cortex_m/libarch__arm__core__aarch32__cortex_m.a(vector_table.S.obj)
                0x0000000000000000                _vector_table
 *(SORT_BY_ALIGNMENT(.vectors))
                0x0000000000000154                _vector_end = .
                0x0000000000000040                . = ALIGN (0x4)
 *(SORT_BY_ALIGNMENT(.gnu.linkonce.irq_vector_table*))
 .gnu.linkonce.irq_vector_table
                0x0000000000000040      0x114 zephyr/arch/common/libisr_tables.a(isr_tables.c.obj)
                0x0000000000000040                _irq_vector_table
                0x0000000000000154                _vector_end = .

text            0x0000000000000154     0x6724
                0x0000000000000154                __text_region_start = .
 *(SORT_BY_ALIGNMENT(.text))
 .text          0x0000000000000154       0x30 d:/software/ncs/toolchains/v2.3.0/opt/zephyr-sdk/arm-zephyr-eabi/bin/../lib/gcc/arm-zephyr-eabi/12.1.0/thumb/v8-m.main/nofp\libgcc.a(_aeabi_uldivmod.o)
                0x0000000000000154                __aeabi_uldivmod
 .text          0x0000000000000184        0x4 d:/software/ncs/toolchains/v2.3.0/opt/zephyr-sdk/arm-zephyr-eabi/bin/../lib/gcc/arm-zephyr-eabi/12.1.0/thumb/v8-m.main/nofp\libgcc.a(_dvmd_tls.o)
                0x0000000000000184                __aeabi_idiv0
                0x0000000000000184                __aeabi_ldiv0
 .text          0x0000000000000188      0x29c d:/software/ncs/toolchains/v2.3.0/opt/zephyr-sdk/arm-zephyr-eabi/bin/../lib/gcc/arm-zephyr-eabi/12.1.0/thumb/v8-m.main/nofp\libgcc.a(_udivmoddi4.o)
                0x0000000000000188                __udivmoddi4
 *(SORT_BY_ALIGNMENT(.text.*))
 .text.main     0x0000000000000424       0x18 app/libapp.a(main.c.obj)
                0x0000000000000424                main
 .text.char_out
                0x000000000000043c       0x10 zephyr/libzephyr.a(printk.c.obj)
 .text.__printk_hook_install
                0x000000000000044c        0xc zephyr/libzephyr.a(printk.c.obj)
                0x000000000000044c                __printk_hook_install
 .text.vprintk  0x0000000000000458       0x1c zephyr/libzephyr.a(printk.c.obj)
                0x0000000000000458                vprintk
 .text.process_event
                0x0000000000000474      0x16c zephyr/libzephyr.a(onoff.c.obj)
 .text.extract_flags
                0x00000000000005e0       0xc4 zephyr/libzephyr.a(cbprintf_complete.c.obj)
 .text.z_cbvprintf_impl
                0x00000000000006a4      0x598 zephyr/libzephyr.a(cbprintf_complete.c.obj)
                0x00000000000006a4                z_cbvprintf_impl
 .text.sys_reboot
                0x0000000000000c3c       0x28 zephyr/libzephyr.a(reboot.c.obj)
                0x0000000000000c3c                sys_reboot
 .text.nrfx_coredep_delay_us
                0x0000000000000c64       0x2c zephyr/libzephyr.a(soc.c.obj)
 .text.nrf53_anomaly_160_workaround
                0x0000000000000c90       0x4c zephyr/libzephyr.a(soc.c.obj)
 .text.nordicsemi_nrf53_init
                0x0000000000000cdc       0x6c zephyr/libzephyr.a(soc.c.obj)
 .text.z_arm_on_enter_cpu_idle
                0x0000000000000d48       0x90 zephyr/libzephyr.a(soc.c.obj)
                0x0000000000000d48                z_arm_on_enter_cpu_idle
 .text.pm_state_set
                0x0000000000000dd8       0x14 zephyr/libzephyr.a(power.c.obj)
                0x0000000000000dd8                pm_state_set
 .text.z_arm_platform_init
                0x0000000000000dec        0x4 zephyr/libzephyr.a(soc_nrf_common.S.obj)
                0x0000000000000dec                z_arm_platform_init
 .text.pm_state_notify
                0x0000000000000df0       0x5c zephyr/libzephyr.a(pm.c.obj)
 .text.pm_exit_pos_ops
                0x0000000000000e4c       0x20 zephyr/libzephyr.a(pm.c.obj)
 .text.pm_system_resume
                0x0000000000000e6c       0x48 zephyr/libzephyr.a(pm.c.obj)
                0x0000000000000e6c                pm_system_resume
 .text.pm_system_suspend
                0x0000000000000eb4      0x104 zephyr/libzephyr.a(pm.c.obj)
                0x0000000000000eb4                pm_system_suspend
 .text.pm_policy_next_state
                0x0000000000000fb8       0x98 zephyr/libzephyr.a(policy.c.obj)
                0x0000000000000fb8                pm_policy_next_state
 .text.pm_state_cpu_get_all
                0x0000000000001050       0x10 zephyr/libzephyr.a(state.c.obj)
                0x0000000000001050                pm_state_cpu_get_all
 .text.nrf_cc3xx_platform_abort_init
                0x0000000000001060       0x10 zephyr/libzephyr.a(nrf_cc3xx_platform_abort_zephyr.c.obj)
                0x0000000000001060                nrf_cc3xx_platform_abort_init
 .text.mutex_flags_unknown
                0x0000000000001070       0x50 zephyr/libzephyr.a(nrf_cc3xx_platform_mutex_zephyr.c.obj)
 .text.mutex_unlock_platform
                0x00000000000010c0       0x6c zephyr/libzephyr.a(nrf_cc3xx_platform_mutex_zephyr.c.obj)
 .text.mutex_lock_platform
                0x000000000000112c       0x7c zephyr/libzephyr.a(nrf_cc3xx_platform_mutex_zephyr.c.obj)
 .text.mutex_free_platform
                0x00000000000011a8       0x58 zephyr/libzephyr.a(nrf_cc3xx_platform_mutex_zephyr.c.obj)
 .text.mutex_init_platform
                0x0000000000001200       0x88 zephyr/libzephyr.a(nrf_cc3xx_platform_mutex_zephyr.c.obj)
 .text.nrf_cc3xx_platform_mutex_init
                0x0000000000001288       0x28 zephyr/libzephyr.a(nrf_cc3xx_platform_mutex_zephyr.c.obj)
                0x0000000000001288                nrf_cc3xx_platform_mutex_init
 .text.z_arm_cpu_idle_init
                0x00000000000012b0        0xc zephyr/arch/arch/arm/core/aarch32/libarch__arm__core__aarch32.a(cpu_idle.S.obj)
                0x00000000000012b0                z_arm_cpu_idle_init
 .text.arch_cpu_idle
                0x00000000000012bc       0x28 zephyr/arch/arch/arm/core/aarch32/libarch__arm__core__aarch32.a(cpu_idle.S.obj)
                0x00000000000012bc                arch_cpu_idle
 .text.arch_cpu_atomic_idle
                0x00000000000012e4       0x24 zephyr/arch/arch/arm/core/aarch32/libarch__arm__core__aarch32.a(cpu_idle.S.obj)
                0x00000000000012e4                arch_cpu_atomic_idle
 .text.__NVIC_EnableIRQ
                0x0000000000001308       0x1c zephyr/arch/arch/arm/core/aarch32/libarch__arm__core__aarch32.a(irq_manage.c.obj)
 .text.__NVIC_SetPriority
                0x0000000000001324       0x28 zephyr/arch/arch/arm/core/aarch32/libarch__arm__core__aarch32.a(irq_manage.c.obj)
 .text.arch_irq_is_enabled
                0x000000000000134c       0x1c zephyr/arch/arch/arm/core/aarch32/libarch__arm__core__aarch32.a(irq_manage.c.obj)
                0x000000000000134c                arch_irq_is_enabled
 .text.z_SysNmiOnReset
                0x0000000000001368        0x8 zephyr/arch/arch/arm/core/aarch32/libarch__arm__core__aarch32.a(nmi_on_reset.S.obj)
                0x0000000000001368                z_SysNmiOnReset
 .text.z_arm_prep_c
                0x0000000000001370       0x38 zephyr/arch/arch/arm/core/aarch32/libarch__arm__core__aarch32.a(prep_c.c.obj)
                0x0000000000001370                z_arm_prep_c
 .text.arch_swap
                0x00000000000013a8       0x38 zephyr/arch/arch/arm/core/aarch32/libarch__arm__core__aarch32.a(swap.c.obj)
                0x00000000000013a8                arch_swap
 .text.z_arm_pendsv
                0x00000000000013e0       0x5c zephyr/arch/arch/arm/core/aarch32/libarch__arm__core__aarch32.a(swap_helper.S.obj)
                0x00000000000013e0                z_arm_pendsv
 .text.z_arm_svc
                0x000000000000143c       0x20 zephyr/arch/arch/arm/core/aarch32/libarch__arm__core__aarch32.a(swap_helper.S.obj)
                0x000000000000143c                z_arm_svc
 .text.arch_new_thread
                0x000000000000145c       0x44 zephyr/arch/arch/arm/core/aarch32/libarch__arm__core__aarch32.a(thread.c.obj)
                0x000000000000145c                arch_new_thread
 .text.arch_switch_to_main_thread
                0x00000000000014a0       0x2c zephyr/arch/arch/arm/core/aarch32/libarch__arm__core__aarch32.a(thread.c.obj)
                0x00000000000014a0                arch_switch_to_main_thread
 .text._isr_wrapper
                0x00000000000014cc       0x40 zephyr/arch/arch/arm/core/aarch32/libarch__arm__core__aarch32.a(isr_wrapper.S.obj)
                0x00000000000014cc                _isr_wrapper
 .text._HandlerModeExit
                0x000000000000150c       0x1c zephyr/arch/arch/arm/core/aarch32/cortex_m/libarch__arm__core__aarch32__cortex_m.a(exc_exit.S.obj)
                0x000000000000150c                z_arm_int_exit
                0x000000000000150c                z_arm_exc_exit
 .text.mem_manage_fault
                0x0000000000001528       0x6c zephyr/arch/arch/arm/core/aarch32/cortex_m/libarch__arm__core__aarch32__cortex_m.a(fault.c.obj)
 .text.bus_fault
                0x0000000000001594       0x54 zephyr/arch/arch/arm/core/aarch32/cortex_m/libarch__arm__core__aarch32__cortex_m.a(fault.c.obj)
 .text.usage_fault
                0x00000000000015e8       0x30 zephyr/arch/arch/arm/core/aarch32/cortex_m/libarch__arm__core__aarch32__cortex_m.a(fault.c.obj)
 .text.z_arm_is_synchronous_svc
                0x0000000000001618       0x3c zephyr/arch/arch/arm/core/aarch32/cortex_m/libarch__arm__core__aarch32__cortex_m.a(fault.c.obj)
 .text.hard_fault
                0x0000000000001654       0x78 zephyr/arch/arch/arm/core/aarch32/cortex_m/libarch__arm__core__aarch32__cortex_m.a(fault.c.obj)
 .text.z_arm_fault
                0x00000000000016cc       0x94 zephyr/arch/arch/arm/core/aarch32/cortex_m/libarch__arm__core__aarch32__cortex_m.a(fault.c.obj)
                0x00000000000016cc                z_arm_fault
 .text.z_arm_fault_init
                0x0000000000001760       0x18 zephyr/arch/arch/arm/core/aarch32/cortex_m/libarch__arm__core__aarch32__cortex_m.a(fault.c.obj)
                0x0000000000001760                z_arm_fault_init
 .text.__fault  0x0000000000001778       0x14 zephyr/arch/arch/arm/core/aarch32/cortex_m/libarch__arm__core__aarch32__cortex_m.a(fault_s.S.obj)
                0x0000000000001778                z_arm_usage_fault
                0x0000000000001778                z_arm_mpu_fault
                0x0000000000001778                z_arm_exc_spurious
                0x0000000000001778                z_arm_debug_monitor
                0x0000000000001778                z_arm_hard_fault
                0x0000000000001778                z_arm_bus_fault
 .text.z_arm_interrupt_init
                0x000000000000178c       0x34 zephyr/arch/arch/arm/core/aarch32/cortex_m/libarch__arm__core__aarch32__cortex_m.a(irq_init.c.obj)
                0x000000000000178c                z_arm_interrupt_init
 .text._reset_section
                0x00000000000017c0       0x68 zephyr/arch/arch/arm/core/aarch32/cortex_m/libarch__arm__core__aarch32__cortex_m.a(reset.S.obj)
                0x00000000000017c0                __start
                0x00000000000017c0                z_arm_reset
 .text.__NVIC_SystemReset
                0x0000000000001828       0x24 zephyr/arch/arch/arm/core/aarch32/cortex_m/libarch__arm__core__aarch32__cortex_m.a(scb.c.obj)
 .text.z_arm_clear_arm_mpu_config
                0x000000000000184c       0x28 zephyr/arch/arch/arm/core/aarch32/cortex_m/libarch__arm__core__aarch32__cortex_m.a(scb.c.obj)
                0x000000000000184c                z_arm_clear_arm_mpu_config
 .text.z_arm_init_arch_hw_at_boot
                0x0000000000001874       0x54 zephyr/arch/arch/arm/core/aarch32/cortex_m/libarch__arm__core__aarch32__cortex_m.a(scb.c.obj)
                0x0000000000001874                z_arm_init_arch_hw_at_boot
 .text.z_impl_k_thread_abort
                0x00000000000018c8       0x34 zephyr/arch/arch/arm/core/aarch32/cortex_m/libarch__arm__core__aarch32__cortex_m.a(thread_abort.c.obj)
                0x00000000000018c8                z_impl_k_thread_abort
 .text.z_arm_configure_static_mpu_regions
                0x00000000000018fc       0x40 zephyr/arch/arch/arm/core/aarch32/mpu/libarch__arm__core__aarch32__mpu.a(arm_core_mpu.c.obj)
                0x00000000000018fc                z_arm_configure_static_mpu_regions
 .text.mpu_init
                0x000000000000193c       0x14 zephyr/arch/arch/arm/core/aarch32/mpu/libarch__arm__core__aarch32__mpu.a(arm_mpu.c.obj)
 .text.mpu_set_region
                0x0000000000001950       0x14 zephyr/arch/arch/arm/core/aarch32/mpu/libarch__arm__core__aarch32__mpu.a(arm_mpu.c.obj)
 .text.mpu_region_get_conf
                0x0000000000001964       0x40 zephyr/arch/arch/arm/core/aarch32/mpu/libarch__arm__core__aarch32__mpu.a(arm_mpu.c.obj)
 .text.mpu_configure_regions_and_partition
                0x00000000000019a4      0x188 zephyr/arch/arch/arm/core/aarch32/mpu/libarch__arm__core__aarch32__mpu.a(arm_mpu.c.obj)
 .text.mpu_configure_static_mpu_regions
                0x0000000000001b2c       0x14 zephyr/arch/arch/arm/core/aarch32/mpu/libarch__arm__core__aarch32__mpu.a(arm_mpu.c.obj)
 .text.mpu_mark_areas_for_dynamic_regions
                0x0000000000001b40       0x60 zephyr/arch/arch/arm/core/aarch32/mpu/libarch__arm__core__aarch32__mpu.a(arm_mpu.c.obj)
 .text.arm_core_mpu_enable
                0x0000000000001ba0       0x18 zephyr/arch/arch/arm/core/aarch32/mpu/libarch__arm__core__aarch32__mpu.a(arm_mpu.c.obj)
                0x0000000000001ba0                arm_core_mpu_enable
 .text.arm_core_mpu_disable
                0x0000000000001bb8       0x14 zephyr/arch/arch/arm/core/aarch32/mpu/libarch__arm__core__aarch32__mpu.a(arm_mpu.c.obj)
                0x0000000000001bb8                arm_core_mpu_disable
 .text.z_arm_mpu_init
                0x0000000000001bcc       0x44 zephyr/arch/arch/arm/core/aarch32/mpu/libarch__arm__core__aarch32__mpu.a(arm_mpu.c.obj)
                0x0000000000001bcc                z_arm_mpu_init
 .text.__stdout_hook_install
                0x0000000000001c10        0xc zephyr/lib/libc/minimal/liblib__libc__minimal.a(stdout_console.c.obj)
                0x0000000000001c10                __stdout_hook_install
 .text.get_hf_flags
                0x0000000000001c1c        0x8 zephyr/drivers/clock_control/libdrivers__clock_control.a(clock_control_nrf.c.obj)
 .text.get_subsys
                0x0000000000001c24       0x18 zephyr/drivers/clock_control/libdrivers__clock_control.a(clock_control_nrf.c.obj)
 .text.onoff_stop
                0x0000000000001c3c       0x20 zephyr/drivers/clock_control/libdrivers__clock_control.a(clock_control_nrf.c.obj)
 .text.onoff_start
                0x0000000000001c5c       0x34 zephyr/drivers/clock_control/libdrivers__clock_control.a(clock_control_nrf.c.obj)
 .text.clock_event_handler
                0x0000000000001c90       0x4c zephyr/drivers/clock_control/libdrivers__clock_control.a(clock_control_nrf.c.obj)
 .text.generic_hfclk_start
                0x0000000000001cdc       0x70 zephyr/drivers/clock_control/libdrivers__clock_control.a(clock_control_nrf.c.obj)
 .text.generic_hfclk_stop
                0x0000000000001d4c       0x38 zephyr/drivers/clock_control/libdrivers__clock_control.a(clock_control_nrf.c.obj)
 .text.lfclk_spinwait
                0x0000000000001d84       0xd8 zephyr/drivers/clock_control/libdrivers__clock_control.a(clock_control_nrf.c.obj)
 .text.api_blocking_start
                0x0000000000001e5c       0x38 zephyr/drivers/clock_control/libdrivers__clock_control.a(clock_control_nrf.c.obj)
 .text.clk_init
                0x0000000000001e94       0x60 zephyr/drivers/clock_control/libdrivers__clock_control.a(clock_control_nrf.c.obj)
 .text.z_nrf_clock_control_lf_on
                0x0000000000001ef4       0x4c zephyr/drivers/clock_control/libdrivers__clock_control.a(clock_control_nrf.c.obj)
                0x0000000000001ef4                z_nrf_clock_control_lf_on
 .text.console_out
                0x0000000000001f40       0x28 zephyr/drivers/console/libdrivers__console.a(uart_console.c.obj)
 .text.uart_console_hook_install
                0x0000000000001f68       0x18 zephyr/drivers/console/libdrivers__console.a(uart_console.c.obj)
 .text.uart_console_init
                0x0000000000001f80       0x1c zephyr/drivers/console/libdrivers__console.a(uart_console.c.obj)
 .text.get_dev  0x0000000000001f9c       0x1c zephyr/drivers/gpio/libdrivers__gpio.a(gpio_nrfx.c.obj)
 .text.gpio_nrfx_pin_interrupt_configure
                0x0000000000001fb8       0xc8 zephyr/drivers/gpio/libdrivers__gpio.a(gpio_nrfx.c.obj)
 .text.gpio_nrfx_pin_configure
                0x0000000000002080      0x10c zephyr/drivers/gpio/libdrivers__gpio.a(gpio_nrfx.c.obj)
 .text.gpio_nrfx_init
                0x000000000000218c       0x3c zephyr/drivers/gpio/libdrivers__gpio.a(gpio_nrfx.c.obj)
 .text.baudrate_set
                0x00000000000021c8      0x150 zephyr/drivers/serial/libdrivers__serial.a(uart_nrfx_uarte.c.obj)
 .text.uarte_nrfx_poll_out
                0x0000000000002318       0x5c zephyr/drivers/serial/libdrivers__serial.a(uart_nrfx_uarte.c.obj)
 .text.endtx_stoptx_ppi_init
                0x0000000000002374       0x40 zephyr/drivers/serial/libdrivers__serial.a(uart_nrfx_uarte.c.obj)
 .text.set_comparator
                0x00000000000023b4       0x14 zephyr/drivers/timer/libdrivers__timer.a(nrf_rtc_timer.c.obj)
 .text.event_enable
                0x00000000000023c8       0x14 zephyr/drivers/timer/libdrivers__timer.a(nrf_rtc_timer.c.obj)
 .text.event_disable
                0x00000000000023dc       0x14 zephyr/drivers/timer/libdrivers__timer.a(nrf_rtc_timer.c.obj)
 .text.counter  0x00000000000023f0        0xc zephyr/drivers/timer/libdrivers__timer.a(nrf_rtc_timer.c.obj)
 .text.set_alarm
                0x00000000000023fc       0x6c zephyr/drivers/timer/libdrivers__timer.a(nrf_rtc_timer.c.obj)
 .text.compare_int_lock
                0x0000000000002468       0x44 zephyr/drivers/timer/libdrivers__timer.a(nrf_rtc_timer.c.obj)
 .text.channel_processing_check_and_clear
                0x00000000000024ac       0x58 zephyr/drivers/timer/libdrivers__timer.a(nrf_rtc_timer.c.obj)
 .text.compare_int_unlock
                0x0000000000002504       0x50 zephyr/drivers/timer/libdrivers__timer.a(nrf_rtc_timer.c.obj)
 .text.sys_clock_timeout_handler
                0x0000000000002554       0x50 zephyr/drivers/timer/libdrivers__timer.a(nrf_rtc_timer.c.obj)
 .text.z_nrf_rtc_timer_read
                0x00000000000025a4       0x40 zephyr/drivers/timer/libdrivers__timer.a(nrf_rtc_timer.c.obj)
                0x00000000000025a4                z_nrf_rtc_timer_read
 .text.compare_set_nolocks
                0x00000000000025e4       0x88 zephyr/drivers/timer/libdrivers__timer.a(nrf_rtc_timer.c.obj)
 .text.sys_clock_driver_init
                0x000000000000266c       0x94 zephyr/drivers/timer/libdrivers__timer.a(nrf_rtc_timer.c.obj)
 .text.process_channel
                0x0000000000002700       0x7c zephyr/drivers/timer/libdrivers__timer.a(nrf_rtc_timer.c.obj)
 .text.rtc_nrf_isr
                0x000000000000277c       0x44 zephyr/drivers/timer/libdrivers__timer.a(nrf_rtc_timer.c.obj)
                0x000000000000277c                rtc_nrf_isr
 .text.sys_clock_set_timeout
                0x00000000000027c0       0x78 zephyr/drivers/timer/libdrivers__timer.a(nrf_rtc_timer.c.obj)
                0x00000000000027c0                sys_clock_set_timeout
 .text.sys_clock_elapsed
                0x0000000000002838       0x14 zephyr/drivers/timer/libdrivers__timer.a(nrf_rtc_timer.c.obj)
                0x0000000000002838                sys_clock_elapsed
 .text.nrf_gpio_cfg
                0x000000000000284c       0x4c zephyr/drivers/pinctrl/libdrivers__pinctrl.a(pinctrl_nrf.c.obj)
 .text.nrf_gpio_pin_write
                0x0000000000002898       0x3c zephyr/drivers/pinctrl/libdrivers__pinctrl.a(pinctrl_nrf.c.obj)
 .text.pinctrl_configure_pins
                0x00000000000028d4      0x260 zephyr/drivers/pinctrl/libdrivers__pinctrl.a(pinctrl_nrf.c.obj)
                0x00000000000028d4                pinctrl_configure_pins
 .text.SystemCoreClockUpdate
                0x0000000000002b34       0x20 modules/hal_nordic/nrfx/libmodules__hal_nordic__nrfx.a(system_nrf5340_application.c.obj)
                0x0000000000002b34                SystemCoreClockUpdate
 .text.SystemInit
                0x0000000000002b54      0x160 modules/hal_nordic/nrfx/libmodules__hal_nordic__nrfx.a(system_nrf5340_application.c.obj)
                0x0000000000002b54                SystemInit
 .text.nrfx_flag32_alloc
                0x0000000000002cb4       0x48 modules/hal_nordic/nrfx/libmodules__hal_nordic__nrfx.a(nrfx_flag32_allocator.c.obj)
                0x0000000000002cb4                nrfx_flag32_alloc
 .text.nrfx_flag32_free
                0x0000000000002cfc       0x3c modules/hal_nordic/nrfx/libmodules__hal_nordic__nrfx.a(nrfx_flag32_allocator.c.obj)
                0x0000000000002cfc                nrfx_flag32_free
 .text.nrfx_clock_init
                0x0000000000002d38       0x24 modules/hal_nordic/nrfx/libmodules__hal_nordic__nrfx.a(nrfx_clock.c.obj)
                0x0000000000002d38                nrfx_clock_init
 .text.nrfx_power_clock_irq_handler
                0x0000000000002d5c       0xc8 modules/hal_nordic/nrfx/libmodules__hal_nordic__nrfx.a(nrfx_clock.c.obj)
                0x0000000000002d5c                nrfx_power_clock_irq_handler
 .text.nrfx_dppi_channel_alloc
                0x0000000000002e24       0x10 modules/hal_nordic/nrfx/libmodules__hal_nordic__nrfx.a(nrfx_dppi.c.obj)
                0x0000000000002e24                nrfx_dppi_channel_alloc
 .text.nrf_gpio_reconfigure
                0x0000000000002e34       0xb8 modules/hal_nordic/nrfx/libmodules__hal_nordic__nrfx.a(nrfx_gpiote.c.obj)
 .text.nrf_gpio_cfg_default
                0x0000000000002eec       0x2c modules/hal_nordic/nrfx/libmodules__hal_nordic__nrfx.a(nrfx_gpiote.c.obj)
 .text.nrf_gpio_latches_read_and_clear
                0x0000000000002f18       0x40 modules/hal_nordic/nrfx/libmodules__hal_nordic__nrfx.a(nrfx_gpiote.c.obj)
 .text.pin_in_use
                0x0000000000002f58       0x14 modules/hal_nordic/nrfx/libmodules__hal_nordic__nrfx.a(nrfx_gpiote.c.obj)
 .text.pin_in_use_by_te
                0x0000000000002f6c       0x14 modules/hal_nordic/nrfx/libmodules__hal_nordic__nrfx.a(nrfx_gpiote.c.obj)
 .text.pin_has_trigger
                0x0000000000002f80       0x18 modules/hal_nordic/nrfx/libmodules__hal_nordic__nrfx.a(nrfx_gpiote.c.obj)
 .text.pin_is_output
                0x0000000000002f98       0x14 modules/hal_nordic/nrfx/libmodules__hal_nordic__nrfx.a(nrfx_gpiote.c.obj)
 .text.pin_te_get
                0x0000000000002fac       0x10 modules/hal_nordic/nrfx/libmodules__hal_nordic__nrfx.a(nrfx_gpiote.c.obj)
 .text.handler_in_use
                0x0000000000002fbc       0x34 modules/hal_nordic/nrfx/libmodules__hal_nordic__nrfx.a(nrfx_gpiote.c.obj)
 .text.find_handler
                0x0000000000002ff0       0x2c modules/hal_nordic/nrfx/libmodules__hal_nordic__nrfx.a(nrfx_gpiote.c.obj)
 .text.get_initial_sense
                0x000000000000301c       0x4c modules/hal_nordic/nrfx/libmodules__hal_nordic__nrfx.a(nrfx_gpiote.c.obj)
 .text.channel_handler_get
                0x0000000000003068       0x20 modules/hal_nordic/nrfx/libmodules__hal_nordic__nrfx.a(nrfx_gpiote.c.obj)
 .text.call_handler
                0x0000000000003088       0x2c modules/hal_nordic/nrfx/libmodules__hal_nordic__nrfx.a(nrfx_gpiote.c.obj)
 .text.next_sense_cond_call_handler
                0x00000000000030b4       0x84 modules/hal_nordic/nrfx/libmodules__hal_nordic__nrfx.a(nrfx_gpiote.c.obj)
 .text.release_handler
                0x0000000000003138       0x44 modules/hal_nordic/nrfx/libmodules__hal_nordic__nrfx.a(nrfx_gpiote.c.obj)
 .text.pin_handler_trigger_uninit
                0x000000000000317c       0x3c modules/hal_nordic/nrfx/libmodules__hal_nordic__nrfx.a(nrfx_gpiote.c.obj)
 .text.pin_handler_set
                0x00000000000031b8       0x6c modules/hal_nordic/nrfx/libmodules__hal_nordic__nrfx.a(nrfx_gpiote.c.obj)
 .text.port_event_handle
                0x0000000000003224       0xa8 modules/hal_nordic/nrfx/libmodules__hal_nordic__nrfx.a(nrfx_gpiote.c.obj)
 .text.gpiote_evt_handle
                0x00000000000032cc       0x44 modules/hal_nordic/nrfx/libmodules__hal_nordic__nrfx.a(nrfx_gpiote.c.obj)
 .text.nrfx_gpiote_input_configure
                0x0000000000003310      0x12c modules/hal_nordic/nrfx/libmodules__hal_nordic__nrfx.a(nrfx_gpiote.c.obj)
                0x0000000000003310                nrfx_gpiote_input_configure
 .text.nrfx_gpiote_output_configure
                0x000000000000343c       0xd8 modules/hal_nordic/nrfx/libmodules__hal_nordic__nrfx.a(nrfx_gpiote.c.obj)
                0x000000000000343c                nrfx_gpiote_output_configure
 .text.nrfx_gpiote_global_callback_set
                0x0000000000003514        0xc modules/hal_nordic/nrfx/libmodules__hal_nordic__nrfx.a(nrfx_gpiote.c.obj)
                0x0000000000003514                nrfx_gpiote_global_callback_set
 .text.nrfx_gpiote_channel_get
                0x0000000000003520       0x30 modules/hal_nordic/nrfx/libmodules__hal_nordic__nrfx.a(nrfx_gpiote.c.obj)
                0x0000000000003520                nrfx_gpiote_channel_get
 .text.nrfx_gpiote_init
                0x0000000000003550       0x54 modules/hal_nordic/nrfx/libmodules__hal_nordic__nrfx.a(nrfx_gpiote.c.obj)
                0x0000000000003550                nrfx_gpiote_init
 .text.nrfx_gpiote_is_init
                0x00000000000035a4       0x14 modules/hal_nordic/nrfx/libmodules__hal_nordic__nrfx.a(nrfx_gpiote.c.obj)
                0x00000000000035a4                nrfx_gpiote_is_init
 .text.nrfx_gpiote_channel_free
                0x00000000000035b8       0x10 modules/hal_nordic/nrfx/libmodules__hal_nordic__nrfx.a(nrfx_gpiote.c.obj)
                0x00000000000035b8                nrfx_gpiote_channel_free
 .text.nrfx_gpiote_channel_alloc
                0x00000000000035c8       0x10 modules/hal_nordic/nrfx/libmodules__hal_nordic__nrfx.a(nrfx_gpiote.c.obj)
                0x00000000000035c8                nrfx_gpiote_channel_alloc
 .text.nrfx_gpiote_trigger_enable
                0x00000000000035d8       0x64 modules/hal_nordic/nrfx/libmodules__hal_nordic__nrfx.a(nrfx_gpiote.c.obj)
                0x00000000000035d8                nrfx_gpiote_trigger_enable
 .text.nrfx_gpiote_trigger_disable
                0x000000000000363c       0x44 modules/hal_nordic/nrfx/libmodules__hal_nordic__nrfx.a(nrfx_gpiote.c.obj)
                0x000000000000363c                nrfx_gpiote_trigger_disable
 .text.nrfx_gpiote_pin_uninit
                0x0000000000003680       0x2c modules/hal_nordic/nrfx/libmodules__hal_nordic__nrfx.a(nrfx_gpiote.c.obj)
                0x0000000000003680                nrfx_gpiote_pin_uninit
 .text.nrfx_gpiote_irq_handler
                0x00000000000036ac       0x60 modules/hal_nordic/nrfx/libmodules__hal_nordic__nrfx.a(nrfx_gpiote.c.obj)
                0x00000000000036ac                nrfx_gpiote_irq_handler
 .text.z_device_state_init
                0x000000000000370c       0x18 zephyr/kernel/libkernel.a(device.c.obj)
                0x000000000000370c                z_device_state_init
 .text.z_sys_init_run_level
                0x0000000000003724       0x50 zephyr/kernel/libkernel.a(init.c.obj)
 .text.init_idle_thread
                0x0000000000003774       0x60 zephyr/kernel/libkernel.a(init.c.obj)
 .text.bg_thread_main
                0x00000000000037d4       0x34 zephyr/kernel/libkernel.a(init.c.obj)
 .text.switch_to_main_thread
                0x0000000000003808       0x14 zephyr/kernel/libkernel.a(init.c.obj)
 .text.z_bss_zero
                0x000000000000381c       0x18 zephyr/kernel/libkernel.a(init.c.obj)
                0x000000000000381c                z_bss_zero
 .text.z_init_cpu
                0x0000000000003834       0x40 zephyr/kernel/libkernel.a(init.c.obj)
                0x0000000000003834                z_init_cpu
 .text.prepare_multithreading
                0x0000000000003874       0x60 zephyr/kernel/libkernel.a(init.c.obj)
 .text.z_cstart
                0x00000000000038d4       0x8c zephyr/kernel/libkernel.a(init.c.obj)
                0x00000000000038d4                z_cstart
 .text.init_mem_slab_module
                0x0000000000003960       0x24 zephyr/kernel/libkernel.a(mem_slab.c.obj)
 .text.k_mem_slab_alloc
                0x0000000000003984       0x68 zephyr/kernel/libkernel.a(mem_slab.c.obj)
                0x0000000000003984                k_mem_slab_alloc
 .text.z_thread_monitor_exit
                0x00000000000039ec       0x40 zephyr/kernel/libkernel.a(thread.c.obj)
                0x00000000000039ec                z_thread_monitor_exit
 .text.schedule_new_thread
                0x0000000000003a2c       0x1c zephyr/kernel/libkernel.a(thread.c.obj)
 .text.z_setup_new_thread
                0x0000000000003a48       0xc8 zephyr/kernel/libkernel.a(thread.c.obj)
                0x0000000000003a48                z_setup_new_thread
 .text.z_init_static_threads
                0x0000000000003b10       0x94 zephyr/kernel/libkernel.a(thread.c.obj)
                0x0000000000003b10                z_init_static_threads
 .text.idle     0x0000000000003ba4       0x3c zephyr/kernel/libkernel.a(idle.c.obj)
                0x0000000000003ba4                idle
 .text.z_impl_k_mutex_lock
                0x0000000000003be0      0x108 zephyr/kernel/libkernel.a(mutex.c.obj)
                0x0000000000003be0                z_impl_k_mutex_lock
 .text.z_impl_k_mutex_unlock
                0x0000000000003ce8       0x7c zephyr/kernel/libkernel.a(mutex.c.obj)
                0x0000000000003ce8                z_impl_k_mutex_unlock
 .text.z_impl_k_sem_give
                0x0000000000003d64       0x48 zephyr/kernel/libkernel.a(sem.c.obj)
                0x0000000000003d64                z_impl_k_sem_give
 .text.z_impl_k_sem_take
                0x0000000000003dac       0x50 zephyr/kernel/libkernel.a(sem.c.obj)
                0x0000000000003dac                z_impl_k_sem_take
 .text.sliceable
                0x0000000000003dfc       0x3c zephyr/kernel/libkernel.a(sched.c.obj)
 .text.add_thread_timeout
                0x0000000000003e38       0x20 zephyr/kernel/libkernel.a(sched.c.obj)
 .text.z_reset_time_slice
                0x0000000000003e58       0x28 zephyr/kernel/libkernel.a(sched.c.obj)
                0x0000000000003e58                z_reset_time_slice
 .text.k_sched_time_slice_set
                0x0000000000003e80       0x74 zephyr/kernel/libkernel.a(sched.c.obj)
                0x0000000000003e80                k_sched_time_slice_set
 .text.z_reschedule
                0x0000000000003ef4       0x2c zephyr/kernel/libkernel.a(sched.c.obj)
                0x0000000000003ef4                z_reschedule
 .text.k_sched_lock
                0x0000000000003f20       0x34 zephyr/kernel/libkernel.a(sched.c.obj)
                0x0000000000003f20                k_sched_lock
 .text.update_cache
                0x0000000000003f54       0x50 zephyr/kernel/libkernel.a(sched.c.obj)
 .text.move_thread_to_end_of_prio_q
                0x0000000000003fa4       0x8c zephyr/kernel/libkernel.a(sched.c.obj)
 .text.slice_expired_locked
                0x0000000000004030       0x28 zephyr/kernel/libkernel.a(sched.c.obj)
 .text.z_time_slice
                0x0000000000004058       0x78 zephyr/kernel/libkernel.a(sched.c.obj)
                0x0000000000004058                z_time_slice
 .text.ready_thread
                0x00000000000040d0       0x78 zephyr/kernel/libkernel.a(sched.c.obj)
 .text.z_sched_start
                0x0000000000004148       0x3c zephyr/kernel/libkernel.a(sched.c.obj)
                0x0000000000004148                z_sched_start
 .text.unready_thread
                0x0000000000004184       0x38 zephyr/kernel/libkernel.a(sched.c.obj)
 .text.z_pend_curr
                0x00000000000041bc       0x38 zephyr/kernel/libkernel.a(sched.c.obj)
                0x00000000000041bc                z_pend_curr
 .text.z_set_prio
                0x00000000000041f4       0xbc zephyr/kernel/libkernel.a(sched.c.obj)
                0x00000000000041f4                z_set_prio
 .text.z_impl_k_thread_suspend
                0x00000000000042b0       0x74 zephyr/kernel/libkernel.a(sched.c.obj)
                0x00000000000042b0                z_impl_k_thread_suspend
 .text.k_sched_unlock
                0x0000000000004324       0x40 zephyr/kernel/libkernel.a(sched.c.obj)
                0x0000000000004324                k_sched_unlock
 .text.end_thread
                0x0000000000004364       0x64 zephyr/kernel/libkernel.a(sched.c.obj)
 .text.z_sched_init
                0x00000000000043c8       0x18 zephyr/kernel/libkernel.a(sched.c.obj)
                0x00000000000043c8                z_sched_init
 .text.z_impl_k_yield
                0x00000000000043e0       0x8c zephyr/kernel/libkernel.a(sched.c.obj)
                0x00000000000043e0                z_impl_k_yield
 .text.z_tick_sleep
                0x000000000000446c       0x98 zephyr/kernel/libkernel.a(sched.c.obj)
 .text.z_impl_k_sleep
                0x0000000000004504       0x54 zephyr/kernel/libkernel.a(sched.c.obj)
                0x0000000000004504                z_impl_k_sleep
 .text.z_impl_z_current_get
                0x0000000000004558        0xc zephyr/kernel/libkernel.a(sched.c.obj)
                0x0000000000004558                z_impl_z_current_get
 .text.z_thread_abort
                0x0000000000004564       0x70 zephyr/kernel/libkernel.a(sched.c.obj)
                0x0000000000004564                z_thread_abort
 .text.z_data_copy
                0x00000000000045d4       0x34 zephyr/kernel/libkernel.a(xip.c.obj)
                0x00000000000045d4                z_data_copy
 .text.first    0x0000000000004608       0x14 zephyr/kernel/libkernel.a(timeout.c.obj)
 .text.next     0x000000000000461c       0x18 zephyr/kernel/libkernel.a(timeout.c.obj)
 .text.elapsed  0x0000000000004634       0x18 zephyr/kernel/libkernel.a(timeout.c.obj)
 .text.next_timeout
                0x000000000000464c       0x4c zephyr/kernel/libkernel.a(timeout.c.obj)
 .text.z_add_timeout
                0x0000000000004698      0x114 zephyr/kernel/libkernel.a(timeout.c.obj)
                0x0000000000004698                z_add_timeout
 .text.sys_clock_announce
                0x00000000000047ac       0xc4 zephyr/kernel/libkernel.a(timeout.c.obj)
                0x00000000000047ac                sys_clock_announce
 .text.sys_clock_tick_get
                0x0000000000004870       0x40 zephyr/kernel/libkernel.a(timeout.c.obj)
                0x0000000000004870                sys_clock_tick_get
 .text.boot_banner
                0x00000000000048b0       0x10 zephyr/kernel/libkernel.a(banner.c.obj)
                0x00000000000048b0                boot_banner
 .text.nrf_cc3xx_platform_init_no_rng
                0x00000000000048c0       0x38 D:/Software/ncs/v2.3.0/nrfxlib/crypto/nrf_cc312_platform/lib/cortex-m33/soft-float/no-interrupts/libnrf_cc312_platform_0.9.16.a(nrf_cc3xx_platform.c.obj)
                0x00000000000048c0                nrf_cc3xx_platform_init_no_rng
 .text.nrf_cc3xx_platform_abort
                0x00000000000048f8       0x24 D:/Software/ncs/v2.3.0/nrfxlib/crypto/nrf_cc312_platform/lib/cortex-m33/soft-float/no-interrupts/libnrf_cc312_platform_0.9.16.a(nrf_cc3xx_platform_abort.c.obj)
 .text.CC_PalAbort
                0x000000000000491c       0x44 D:/Software/ncs/v2.3.0/nrfxlib/crypto/nrf_cc312_platform/lib/cortex-m33/soft-float/no-interrupts/libnrf_cc312_platform_0.9.16.a(nrf_cc3xx_platform_abort.c.obj)
                0x000000000000491c                CC_PalAbort
 .text.nrf_cc3xx_platform_set_abort
                0x0000000000004960       0x10 D:/Software/ncs/v2.3.0/nrfxlib/crypto/nrf_cc312_platform/lib/cortex-m33/soft-float/no-interrupts/libnrf_cc312_platform_0.9.16.a(nrf_cc3xx_platform_abort.c.obj)
                0x0000000000004960                nrf_cc3xx_platform_set_abort
 .text.mutex_free
                0x0000000000004970       0x34 D:/Software/ncs/v2.3.0/nrfxlib/crypto/nrf_cc312_platform/lib/cortex-m33/soft-float/no-interrupts/libnrf_cc312_platform_0.9.16.a(nrf_cc3xx_platform_mutex.c.obj)
 .text.mutex_lock
                0x00000000000049a4       0x48 D:/Software/ncs/v2.3.0/nrfxlib/crypto/nrf_cc312_platform/lib/cortex-m33/soft-float/no-interrupts/libnrf_cc312_platform_0.9.16.a(nrf_cc3xx_platform_mutex.c.obj)
 .text.mutex_unlock
                0x00000000000049ec       0x38 D:/Software/ncs/v2.3.0/nrfxlib/crypto/nrf_cc312_platform/lib/cortex-m33/soft-float/no-interrupts/libnrf_cc312_platform_0.9.16.a(nrf_cc3xx_platform_mutex.c.obj)
 .text.mutex_init
                0x0000000000004a24       0x20 D:/Software/ncs/v2.3.0/nrfxlib/crypto/nrf_cc312_platform/lib/cortex-m33/soft-float/no-interrupts/libnrf_cc312_platform_0.9.16.a(nrf_cc3xx_platform_mutex.c.obj)
 .text.nrf_cc3xx_platform_set_mutexes
                0x0000000000004a44       0x78 D:/Software/ncs/v2.3.0/nrfxlib/crypto/nrf_cc312_platform/lib/cortex-m33/soft-float/no-interrupts/libnrf_cc312_platform_0.9.16.a(nrf_cc3xx_platform_mutex.c.obj)
                0x0000000000004a44                nrf_cc3xx_platform_set_mutexes
 .text.CC_LibInitNoRng
                0x0000000000004abc       0x28 D:/Software/ncs/v2.3.0/nrfxlib/crypto/nrf_cc312_platform/lib/cortex-m33/soft-float/no-interrupts/libnrf_cc312_platform_0.9.16.a(cc_lib.c.obj)
                0x0000000000004abc                CC_LibInitNoRng
 .text.CC_HalInit
                0x0000000000004ae4        0x4 D:/Software/ncs/v2.3.0/nrfxlib/crypto/nrf_cc312_platform/lib/cortex-m33/soft-float/no-interrupts/libnrf_cc312_platform_0.9.16.a(cc_hal.c.obj)
                0x0000000000004ae4                CC_HalInit
 .text.CC_PalInit
                0x0000000000004ae8       0x5c D:/Software/ncs/v2.3.0/nrfxlib/crypto/nrf_cc312_platform/lib/cortex-m33/soft-float/no-interrupts/libnrf_cc312_platform_0.9.16.a(cc_pal.c.obj)
                0x0000000000004ae8                CC_PalInit
 .text.CC_PalTerminate
                0x0000000000004b44       0x34 D:/Software/ncs/v2.3.0/nrfxlib/crypto/nrf_cc312_platform/lib/cortex-m33/soft-float/no-interrupts/libnrf_cc312_platform_0.9.16.a(cc_pal.c.obj)
                0x0000000000004b44                CC_PalTerminate
 .text.CC_PalDmaInit
                0x0000000000004b78        0x4 D:/Software/ncs/v2.3.0/nrfxlib/crypto/nrf_cc312_platform/lib/cortex-m33/soft-float/no-interrupts/libnrf_cc312_platform_0.9.16.a(cc_pal_dma.c.obj)
                0x0000000000004b78                CC_PalDmaInit
 .text.CC_PalDmaTerminate
                0x0000000000004b7c        0x4 D:/Software/ncs/v2.3.0/nrfxlib/crypto/nrf_cc312_platform/lib/cortex-m33/soft-float/no-interrupts/libnrf_cc312_platform_0.9.16.a(cc_pal_dma.c.obj)
                0x0000000000004b7c                CC_PalDmaTerminate
 .text.CC_PalMutexCreate
                0x0000000000004b80       0x14 D:/Software/ncs/v2.3.0/nrfxlib/crypto/nrf_cc312_platform/lib/cortex-m33/soft-float/no-interrupts/libnrf_cc312_platform_0.9.16.a(cc_pal_mutex.c.obj)
                0x0000000000004b80                CC_PalMutexCreate
 .text.CC_PalMutexDestroy
                0x0000000000004b94       0x14 D:/Software/ncs/v2.3.0/nrfxlib/crypto/nrf_cc312_platform/lib/cortex-m33/soft-float/no-interrupts/libnrf_cc312_platform_0.9.16.a(cc_pal_mutex.c.obj)
                0x0000000000004b94                CC_PalMutexDestroy
 .text.CC_PalPowerSaveModeInit
                0x0000000000004ba8       0x3c D:/Software/ncs/v2.3.0/nrfxlib/crypto/nrf_cc312_platform/lib/cortex-m33/soft-float/no-interrupts/libnrf_cc312_platform_0.9.16.a(cc_pal_pm.c.obj)
                0x0000000000004ba8                CC_PalPowerSaveModeInit
 .text.arch_printk_char_out
                0x0000000000004be4        0x4 zephyr/libzephyr.a(printk.c.obj)
                0x0000000000004be4                arch_printk_char_out
 .text.printk   0x0000000000004be8       0x1c zephyr/libzephyr.a(printk.c.obj)
                0x0000000000004be8                printk
 .text.z_thread_entry
                0x0000000000004c04       0x14 zephyr/libzephyr.a(thread_entry.c.obj)
                0x0000000000004c04                z_thread_entry
 .text.set_state
                0x0000000000004c18       0x10 zephyr/libzephyr.a(onoff.c.obj)
 .text.notify_monitors
                0x0000000000004c28       0x44 zephyr/libzephyr.a(onoff.c.obj)
 .text.process_recheck
                0x0000000000004c6c       0x32 zephyr/libzephyr.a(onoff.c.obj)
 .text.process_complete
                0x0000000000004c9e       0xa2 zephyr/libzephyr.a(onoff.c.obj)
 .text.validate_args
                0x0000000000004d40       0x2a zephyr/libzephyr.a(onoff.c.obj)
 .text.notify_one
                0x0000000000004d6a       0x26 zephyr/libzephyr.a(onoff.c.obj)
 .text.notify_all
                0x0000000000004d90       0x2e zephyr/libzephyr.a(onoff.c.obj)
 .text.transition_complete
                0x0000000000004dbe       0x1c zephyr/libzephyr.a(onoff.c.obj)
 .text.onoff_manager_init
                0x0000000000004dda       0x3a zephyr/libzephyr.a(onoff.c.obj)
                0x0000000000004dda                onoff_manager_init
 .text.onoff_request
                0x0000000000004e14       0xc2 zephyr/libzephyr.a(onoff.c.obj)
                0x0000000000004e14                onoff_request
 .text.sys_notify_validate
                0x0000000000004ed6       0x2e zephyr/libzephyr.a(notify.c.obj)
                0x0000000000004ed6                sys_notify_validate
 .text.sys_notify_finalize
                0x0000000000004f04       0x1a zephyr/libzephyr.a(notify.c.obj)
                0x0000000000004f04                sys_notify_finalize
 .text.extract_decimal
                0x0000000000004f1e       0x26 zephyr/libzephyr.a(cbprintf_complete.c.obj)
 .text.extract_width
                0x0000000000004f44       0x5e zephyr/libzephyr.a(cbprintf_complete.c.obj)
 .text.extract_prec
                0x0000000000004fa2       0x64 zephyr/libzephyr.a(cbprintf_complete.c.obj)
 .text.extract_length
                0x0000000000005006       0xce zephyr/libzephyr.a(cbprintf_complete.c.obj)
 .text.extract_specifier
                0x00000000000050d4      0x122 zephyr/libzephyr.a(cbprintf_complete.c.obj)
 .text.extract_conversion
                0x00000000000051f6       0x44 zephyr/libzephyr.a(cbprintf_complete.c.obj)
 .text.conversion_radix
                0x000000000000523a       0x2a zephyr/libzephyr.a(cbprintf_complete.c.obj)
 .text.encode_uint
                0x0000000000005264       0xa0 zephyr/libzephyr.a(cbprintf_complete.c.obj)
 .text.store_count
                0x0000000000005304       0x3e zephyr/libzephyr.a(cbprintf_complete.c.obj)
 .text.outs     0x0000000000005342       0x34 zephyr/libzephyr.a(cbprintf_complete.c.obj)
 .text._ConfigAbsSyms
                0x0000000000005376        0x2 zephyr/libzephyr.a(configs.c.obj)
                0x0000000000005376                _ConfigAbsSyms
 .text.arch_busy_wait
                0x0000000000005378        0x8 zephyr/libzephyr.a(soc.c.obj)
                0x0000000000005378                arch_busy_wait
 .text.nrf_regulators_system_off
                0x0000000000005380        0xe zephyr/libzephyr.a(power.c.obj)
 .text.pm_state_exit_post_ops
                0x000000000000538e        0xc zephyr/libzephyr.a(power.c.obj)
                0x000000000000538e                pm_state_exit_post_ops
 .text.atomic_test_and_clear_bit
                0x000000000000539a       0x30 zephyr/libzephyr.a(pm.c.obj)
 .text.atomic_set_bit
                0x00000000000053ca       0x1e zephyr/libzephyr.a(pm.c.obj)
 .text.pm_policy_state_lock_is_active
                0x00000000000053e8        0x4 zephyr/libzephyr.a(policy.c.obj)
                0x00000000000053e8                pm_policy_state_lock_is_active
 .text.abort_function
                0x00000000000053ec        0x8 zephyr/libzephyr.a(nrf_cc3xx_platform_abort_zephyr.c.obj)
 .text.z_arm_fatal_error
                0x00000000000053f4        0x8 zephyr/arch/arch/arm/core/aarch32/libarch__arm__core__aarch32.a(fatal.c.obj)
                0x00000000000053f4                z_arm_fatal_error
 .text.z_do_kernel_oops
                0x00000000000053fc        0xc zephyr/arch/arch/arm/core/aarch32/libarch__arm__core__aarch32.a(fatal.c.obj)
                0x00000000000053fc                z_do_kernel_oops
 .text.arch_irq_enable
                0x0000000000005408        0xa zephyr/arch/arch/arm/core/aarch32/libarch__arm__core__aarch32.a(irq_manage.c.obj)
                0x0000000000005408                arch_irq_enable
 .text.z_arm_irq_priority_set
                0x0000000000005412        0xc zephyr/arch/arch/arm/core/aarch32/libarch__arm__core__aarch32.a(irq_manage.c.obj)
                0x0000000000005412                z_arm_irq_priority_set
 .text.z_irq_spurious
                0x000000000000541e        0xc zephyr/arch/arch/arm/core/aarch32/libarch__arm__core__aarch32.a(irq_manage.c.obj)
                0x000000000000541e                z_irq_spurious
 .text.z_arm_nmi
                0x000000000000542a        0xc zephyr/arch/arch/arm/core/aarch32/libarch__arm__core__aarch32.a(nmi.c.obj)
                0x000000000000542a                z_arm_nmi
 .text.configure_builtin_stack_guard
                0x0000000000005436        0xa zephyr/arch/arch/arm/core/aarch32/libarch__arm__core__aarch32.a(thread.c.obj)
                0x0000000000005436                configure_builtin_stack_guard
 .text.memory_fault_recoverable
                0x0000000000005440        0x4 zephyr/arch/arch/arm/core/aarch32/cortex_m/libarch__arm__core__aarch32__cortex_m.a(fault.c.obj)
 .text.debug_monitor
                0x0000000000005444        0x6 zephyr/arch/arch/arm/core/aarch32/cortex_m/libarch__arm__core__aarch32__cortex_m.a(fault.c.obj)
 .text.fault_handle
                0x000000000000544a       0x46 zephyr/arch/arch/arm/core/aarch32/cortex_m/libarch__arm__core__aarch32__cortex_m.a(fault.c.obj)
 .text.sys_arch_reboot
                0x0000000000005490        0x6 zephyr/arch/arch/arm/core/aarch32/cortex_m/libarch__arm__core__aarch32__cortex_m.a(scb.c.obj)
                0x0000000000005490                sys_arch_reboot
 .text.arm_cmse_mpu_region_get
                0x0000000000005496       0x14 zephyr/arch/arch/arm/core/aarch32/cortex_m/cmse/libarch__arm__core__aarch32__cortex_m__cmse.a(arm_core_cmse.c.obj)
                0x0000000000005496                arm_cmse_mpu_region_get
 .text.region_init
                0x00000000000054aa       0x28 zephyr/arch/arch/arm/core/aarch32/mpu/libarch__arm__core__aarch32__mpu.a(arm_mpu.c.obj)
 .text.mpu_partition_is_valid
                0x00000000000054d2       0x24 zephyr/arch/arch/arm/core/aarch32/mpu/libarch__arm__core__aarch32__mpu.a(arm_mpu.c.obj)
 .text.region_allocate_and_init
                0x00000000000054f6       0x16 zephyr/arch/arch/arm/core/aarch32/mpu/libarch__arm__core__aarch32__mpu.a(arm_mpu.c.obj)
 .text.mpu_configure_region
                0x000000000000550c       0x3e zephyr/arch/arch/arm/core/aarch32/mpu/libarch__arm__core__aarch32__mpu.a(arm_mpu.c.obj)
 .text.get_region_index
                0x000000000000554a       0x22 zephyr/arch/arch/arm/core/aarch32/mpu/libarch__arm__core__aarch32__mpu.a(arm_mpu.c.obj)
 .text.arm_core_mpu_configure_static_mpu_regions
                0x000000000000556c        0x8 zephyr/arch/arch/arm/core/aarch32/mpu/libarch__arm__core__aarch32__mpu.a(arm_mpu.c.obj)
                0x000000000000556c                arm_core_mpu_configure_static_mpu_regions
 .text.arm_core_mpu_mark_areas_for_dynamic_regions
                0x0000000000005574        0x8 zephyr/arch/arch/arm/core/aarch32/mpu/libarch__arm__core__aarch32__mpu.a(arm_mpu.c.obj)
                0x0000000000005574                arm_core_mpu_mark_areas_for_dynamic_regions
 .text.strncpy  0x000000000000557c       0x34 zephyr/lib/libc/minimal/liblib__libc__minimal.a(string.c.obj)
                0x000000000000557c                strncpy
 .text.strlen   0x00000000000055b0       0x12 zephyr/lib/libc/minimal/liblib__libc__minimal.a(string.c.obj)
                0x00000000000055b0                strlen
 .text.strnlen  0x00000000000055c2       0x14 zephyr/lib/libc/minimal/liblib__libc__minimal.a(string.c.obj)
                0x00000000000055c2                strnlen
 .text.memcpy   0x00000000000055d6       0x5e zephyr/lib/libc/minimal/liblib__libc__minimal.a(string.c.obj)
                0x00000000000055d6                memcpy
 .text.memset   0x0000000000005634       0x3c zephyr/lib/libc/minimal/liblib__libc__minimal.a(string.c.obj)
                0x0000000000005634                memset
 .text._stdout_hook_default
                0x0000000000005670        0x6 zephyr/lib/libc/minimal/liblib__libc__minimal.a(stdout_console.c.obj)
 .text.nrf_clock_is_running
                0x0000000000005676       0x74 zephyr/drivers/clock_control/libdrivers__clock_control.a(clock_control_nrf.c.obj)
 .text.get_sub_data
                0x00000000000056ea        0xe zephyr/drivers/clock_control/libdrivers__clock_control.a(clock_control_nrf.c.obj)
 .text.get_sub_config
                0x00000000000056f8        0x8 zephyr/drivers/clock_control/libdrivers__clock_control.a(clock_control_nrf.c.obj)
 .text.get_onoff_manager
                0x0000000000005700        0xc zephyr/drivers/clock_control/libdrivers__clock_control.a(clock_control_nrf.c.obj)
 .text.get_status
                0x000000000000570c       0x10 zephyr/drivers/clock_control/libdrivers__clock_control.a(clock_control_nrf.c.obj)
 .text.set_off_state
                0x000000000000571c       0x32 zephyr/drivers/clock_control/libdrivers__clock_control.a(clock_control_nrf.c.obj)
 .text.set_starting_state
                0x000000000000574e       0x3c zephyr/drivers/clock_control/libdrivers__clock_control.a(clock_control_nrf.c.obj)
 .text.set_on_state
                0x000000000000578a       0x26 zephyr/drivers/clock_control/libdrivers__clock_control.a(clock_control_nrf.c.obj)
 .text.clkstarted_handle
                0x00000000000057b0       0x24 zephyr/drivers/clock_control/libdrivers__clock_control.a(clock_control_nrf.c.obj)
 .text.stop     0x00000000000057d4       0x2a zephyr/drivers/clock_control/libdrivers__clock_control.a(clock_control_nrf.c.obj)
 .text.api_stop
                0x00000000000057fe        0xa zephyr/drivers/clock_control/libdrivers__clock_control.a(clock_control_nrf.c.obj)
 .text.async_start
                0x0000000000005808       0x38 zephyr/drivers/clock_control/libdrivers__clock_control.a(clock_control_nrf.c.obj)
 .text.api_start
                0x0000000000005840       0x10 zephyr/drivers/clock_control/libdrivers__clock_control.a(clock_control_nrf.c.obj)
 .text.onoff_started_callback
                0x0000000000005850       0x10 zephyr/drivers/clock_control/libdrivers__clock_control.a(clock_control_nrf.c.obj)
 .text.hfclk_start
                0x0000000000005860        0xa zephyr/drivers/clock_control/libdrivers__clock_control.a(clock_control_nrf.c.obj)
 .text.hfclkaudio_start
                0x000000000000586a        0xa zephyr/drivers/clock_control/libdrivers__clock_control.a(clock_control_nrf.c.obj)
 .text.hfclk192m_start
                0x0000000000005874        0xa zephyr/drivers/clock_control/libdrivers__clock_control.a(clock_control_nrf.c.obj)
 .text.lfclk_start
                0x000000000000587e        0xa zephyr/drivers/clock_control/libdrivers__clock_control.a(clock_control_nrf.c.obj)
 .text.hfclk_stop
                0x0000000000005888        0xa zephyr/drivers/clock_control/libdrivers__clock_control.a(clock_control_nrf.c.obj)
 .text.hfclkaudio_stop
                0x0000000000005892        0xa zephyr/drivers/clock_control/libdrivers__clock_control.a(clock_control_nrf.c.obj)
 .text.hfclk192m_stop
                0x000000000000589c        0xa zephyr/drivers/clock_control/libdrivers__clock_control.a(clock_control_nrf.c.obj)
 .text.lfclk_stop
                0x00000000000058a6        0xa zephyr/drivers/clock_control/libdrivers__clock_control.a(clock_control_nrf.c.obj)
 .text.k_msleep
                0x00000000000058b0       0x2c zephyr/drivers/clock_control/libdrivers__clock_control.a(clock_control_nrf.c.obj)
 .text.blocking_start_callback
                0x00000000000058dc        0xa zephyr/drivers/clock_control/libdrivers__clock_control.a(clock_control_nrf.c.obj)
 .text.sys_slist_remove
                0x00000000000058e6       0x26 zephyr/drivers/gpio/libdrivers__gpio.a(gpio_nrfx.c.obj)
 .text.sys_slist_find_and_remove
                0x000000000000590c       0x20 zephyr/drivers/gpio/libdrivers__gpio.a(gpio_nrfx.c.obj)
 .text.gpio_manage_callback
                0x000000000000592c       0x3e zephyr/drivers/gpio/libdrivers__gpio.a(gpio_nrfx.c.obj)
 .text.gpio_fire_callbacks
                0x000000000000596a       0x40 zephyr/drivers/gpio/libdrivers__gpio.a(gpio_nrfx.c.obj)
 .text.get_drive
                0x00000000000059aa       0x86 zephyr/drivers/gpio/libdrivers__gpio.a(gpio_nrfx.c.obj)
 .text.get_pull
                0x0000000000005a30       0x18 zephyr/drivers/gpio/libdrivers__gpio.a(gpio_nrfx.c.obj)
 .text.gpio_nrfx_port_get_raw
                0x0000000000005a48        0xc zephyr/drivers/gpio/libdrivers__gpio.a(gpio_nrfx.c.obj)
 .text.gpio_nrfx_port_set_masked_raw
                0x0000000000005a54       0x14 zephyr/drivers/gpio/libdrivers__gpio.a(gpio_nrfx.c.obj)
 .text.gpio_nrfx_port_set_bits_raw
                0x0000000000005a68        0xa zephyr/drivers/gpio/libdrivers__gpio.a(gpio_nrfx.c.obj)
 .text.gpio_nrfx_port_clear_bits_raw
                0x0000000000005a72        0xa zephyr/drivers/gpio/libdrivers__gpio.a(gpio_nrfx.c.obj)
 .text.gpio_nrfx_port_toggle_bits
                0x0000000000005a7c       0x14 zephyr/drivers/gpio/libdrivers__gpio.a(gpio_nrfx.c.obj)
 .text.get_trigger
                0x0000000000005a90       0x2c zephyr/drivers/gpio/libdrivers__gpio.a(gpio_nrfx.c.obj)
 .text.gpio_nrfx_manage_callback
                0x0000000000005abc        0xc zephyr/drivers/gpio/libdrivers__gpio.a(gpio_nrfx.c.obj)
 .text.nrfx_gpio_handler
                0x0000000000005ac8       0x1e zephyr/drivers/gpio/libdrivers__gpio.a(gpio_nrfx.c.obj)
 .text.endtx_isr
                0x0000000000005ae6       0x32 zephyr/drivers/serial/libdrivers__serial.a(uart_nrfx_uarte.c.obj)
 .text.uarte_nrfx_isr_int
                0x0000000000005b18       0x52 zephyr/drivers/serial/libdrivers__serial.a(uart_nrfx_uarte.c.obj)
 .text.uarte_nrfx_configure
                0x0000000000005b6a       0xc4 zephyr/drivers/serial/libdrivers__serial.a(uart_nrfx_uarte.c.obj)
 .text.uarte_nrfx_config_get
                0x0000000000005c2e       0x12 zephyr/drivers/serial/libdrivers__serial.a(uart_nrfx_uarte.c.obj)
 .text.uarte_nrfx_err_check
                0x0000000000005c40        0xe zephyr/drivers/serial/libdrivers__serial.a(uart_nrfx_uarte.c.obj)
 .text.is_tx_ready
                0x0000000000005c4e       0x28 zephyr/drivers/serial/libdrivers__serial.a(uart_nrfx_uarte.c.obj)
 .text.uarte_enable
                0x0000000000005c76        0xc zephyr/drivers/serial/libdrivers__serial.a(uart_nrfx_uarte.c.obj)
 .text.tx_start
                0x0000000000005c82       0x3e zephyr/drivers/serial/libdrivers__serial.a(uart_nrfx_uarte.c.obj)
 .text.uarte_nrfx_poll_in
                0x0000000000005cc0       0x2c zephyr/drivers/serial/libdrivers__serial.a(uart_nrfx_uarte.c.obj)
 .text.k_msleep
                0x0000000000005cec       0x2c zephyr/drivers/serial/libdrivers__serial.a(uart_nrfx_uarte.c.obj)
 .text.wait_tx_ready
                0x0000000000005d18       0x4c zephyr/drivers/serial/libdrivers__serial.a(uart_nrfx_uarte.c.obj)
 .text.pinctrl_apply_state
                0x0000000000005d64       0x20 zephyr/drivers/serial/libdrivers__serial.a(uart_nrfx_uarte.c.obj)
 .text.uarte_instance_init
                0x0000000000005d84       0xa4 zephyr/drivers/serial/libdrivers__serial.a(uart_nrfx_uarte.c.obj)
 .text.uarte_0_init
                0x0000000000005e28       0x1e zephyr/drivers/serial/libdrivers__serial.a(uart_nrfx_uarte.c.obj)
 .text.sys_clock_idle_exit
                0x0000000000005e46        0x2 zephyr/drivers/timer/libdrivers__timer.a(sys_clock_init.c.obj)
                0x0000000000005e46                sys_clock_idle_exit
 .text.counter_sub
                0x0000000000005e48        0x8 zephyr/drivers/timer/libdrivers__timer.a(nrf_rtc_timer.c.obj)
 .text.event_check
                0x0000000000005e50       0x1a zephyr/drivers/timer/libdrivers__timer.a(nrf_rtc_timer.c.obj)
 .text.event_clear
                0x0000000000005e6a       0x18 zephyr/drivers/timer/libdrivers__timer.a(nrf_rtc_timer.c.obj)
 .text.absolute_time_to_cc
                0x0000000000005e82        0x6 zephyr/drivers/timer/libdrivers__timer.a(nrf_rtc_timer.c.obj)
 .text.full_int_lock
                0x0000000000005e88       0x12 zephyr/drivers/timer/libdrivers__timer.a(nrf_rtc_timer.c.obj)
 .text.full_int_unlock
                0x0000000000005e9a        0xa zephyr/drivers/timer/libdrivers__timer.a(nrf_rtc_timer.c.obj)
 .text.compare_set
                0x0000000000005ea4       0x32 zephyr/drivers/timer/libdrivers__timer.a(nrf_rtc_timer.c.obj)
 .text.sys_clock_cycle_get_32
                0x0000000000005ed6        0x8 zephyr/drivers/timer/libdrivers__timer.a(nrf_rtc_timer.c.obj)
                0x0000000000005ed6                sys_clock_cycle_get_32
 .text.pinctrl_lookup_state
                0x0000000000005ede       0x32 zephyr/drivers/pinctrl/libdrivers__pinctrl.a(common.c.obj)
                0x0000000000005ede                pinctrl_lookup_state
 .text.k_sys_fatal_error_handler
                0x0000000000005f10        0x8 modules/nrf/lib/fatal_error/lib..__nrf__lib__fatal_error.a(fatal_error.c.obj)
                0x0000000000005f10                k_sys_fatal_error_handler
 .text.hw_cc3xx_init_internal
                0x0000000000005f18        0x8 modules/nrf/drivers/hw_cc310/lib..__nrf__drivers__hw_cc310.a(hw_cc310.c.obj)
 .text.hw_cc3xx_init
                0x0000000000005f20       0x14 modules/nrf/drivers/hw_cc310/lib..__nrf__drivers__hw_cc310.a(hw_cc310.c.obj)
 .text.nrf53_errata_42
                0x0000000000005f34       0x28 modules/hal_nordic/nrfx/libmodules__hal_nordic__nrfx.a(system_nrf5340_application.c.obj)
 .text.nrf53_errata_46
                0x0000000000005f5c       0x30 modules/hal_nordic/nrfx/libmodules__hal_nordic__nrfx.a(system_nrf5340_application.c.obj)
 .text.nrf53_errata_49
                0x0000000000005f8c       0x28 modules/hal_nordic/nrfx/libmodules__hal_nordic__nrfx.a(system_nrf5340_application.c.obj)
 .text.nrf53_errata_55
                0x0000000000005fb4       0x18 modules/hal_nordic/nrfx/libmodules__hal_nordic__nrfx.a(system_nrf5340_application.c.obj)
 .text.nrf53_errata_64
                0x0000000000005fcc       0x28 modules/hal_nordic/nrfx/libmodules__hal_nordic__nrfx.a(system_nrf5340_application.c.obj)
 .text.nrf53_errata_69
                0x0000000000005ff4       0x28 modules/hal_nordic/nrfx/libmodules__hal_nordic__nrfx.a(system_nrf5340_application.c.obj)
 .text.nrf53_errata_97
                0x000000000000601c       0x28 modules/hal_nordic/nrfx/libmodules__hal_nordic__nrfx.a(system_nrf5340_application.c.obj)
 .text.nrf53_errata_140
                0x0000000000006044       0x18 modules/hal_nordic/nrfx/libmodules__hal_nordic__nrfx.a(system_nrf5340_application.c.obj)
 .text.nrfx_isr
                0x000000000000605c        0x6 modules/hal_nordic/nrfx/libmodules__hal_nordic__nrfx.a(nrfx_glue.c.obj)
                0x000000000000605c                nrfx_isr
 .text.nrfx_busy_wait
                0x0000000000006062        0x8 modules/hal_nordic/nrfx/libmodules__hal_nordic__nrfx.a(nrfx_glue.c.obj)
                0x0000000000006062                nrfx_busy_wait
 .text.nrf_clock_is_running
                0x000000000000606a       0x74 modules/hal_nordic/nrfx/libmodules__hal_nordic__nrfx.a(nrfx_clock.c.obj)
 .text.clock_initial_lfclksrc_get
                0x00000000000060de        0x4 modules/hal_nordic/nrfx/libmodules__hal_nordic__nrfx.a(nrfx_clock.c.obj)
 .text.nrfx_power_clock_irq_init
                0x00000000000060e2       0x14 modules/hal_nordic/nrfx/libmodules__hal_nordic__nrfx.a(nrfx_clock.c.obj)
 .text.clock_stop
                0x00000000000060f6       0xba modules/hal_nordic/nrfx/libmodules__hal_nordic__nrfx.a(nrfx_clock.c.obj)
 .text.clock_lfclksrc_tweak
                0x00000000000061b0       0x2a modules/hal_nordic/nrfx/libmodules__hal_nordic__nrfx.a(nrfx_clock.c.obj)
 .text.nrfx_clock_enable
                0x00000000000061da       0x1e modules/hal_nordic/nrfx/libmodules__hal_nordic__nrfx.a(nrfx_clock.c.obj)
                0x00000000000061da                nrfx_clock_enable
 .text.nrfx_clock_start
                0x00000000000061f8       0xea modules/hal_nordic/nrfx/libmodules__hal_nordic__nrfx.a(nrfx_clock.c.obj)
                0x00000000000061f8                nrfx_clock_start
 .text.nrfx_clock_stop
                0x00000000000062e2        0x8 modules/hal_nordic/nrfx/libmodules__hal_nordic__nrfx.a(nrfx_clock.c.obj)
                0x00000000000062e2                nrfx_clock_stop
 .text.nrf_gpiote_event_configure
                0x00000000000062ea       0x32 modules/hal_nordic/nrfx/libmodules__hal_nordic__nrfx.a(nrfx_gpiote.c.obj)
 .text.nrf_gpiote_task_configure
                0x000000000000631c       0x3e modules/hal_nordic/nrfx/libmodules__hal_nordic__nrfx.a(nrfx_gpiote.c.obj)
 .text.nrf_gpio_cfg_sense_set
                0x000000000000635a       0x20 modules/hal_nordic/nrfx/libmodules__hal_nordic__nrfx.a(nrfx_gpiote.c.obj)
 .text.pin_is_task_output
                0x000000000000637a       0x1e modules/hal_nordic/nrfx/libmodules__hal_nordic__nrfx.a(nrfx_gpiote.c.obj)
 .text.pin_is_input
                0x0000000000006398        0xe modules/hal_nordic/nrfx/libmodules__hal_nordic__nrfx.a(nrfx_gpiote.c.obj)
 .text.gpiote_polarity_to_trigger
                0x00000000000063a6        0x2 modules/hal_nordic/nrfx/libmodules__hal_nordic__nrfx.a(nrfx_gpiote.c.obj)
 .text.gpiote_trigger_to_polarity
                0x00000000000063a8        0x2 modules/hal_nordic/nrfx/libmodules__hal_nordic__nrfx.a(nrfx_gpiote.c.obj)
 .text.is_level
                0x00000000000063aa        0xa modules/hal_nordic/nrfx/libmodules__hal_nordic__nrfx.a(nrfx_gpiote.c.obj)
 .text.latch_pending_read_and_check
                0x00000000000063b4       0x26 modules/hal_nordic/nrfx/libmodules__hal_nordic__nrfx.a(nrfx_gpiote.c.obj)
 .text.z_device_is_ready
                0x00000000000063da       0x20 zephyr/kernel/libkernel.a(device.c.obj)
                0x00000000000063da                z_device_is_ready
 .text.z_fatal_error
                0x00000000000063fa       0x34 zephyr/kernel/libkernel.a(fatal.c.obj)
                0x00000000000063fa                z_fatal_error
 .text.z_early_memset
                0x000000000000642e        0x8 zephyr/kernel/libkernel.a(init.c.obj)
                0x000000000000642e                z_early_memset
 .text.z_early_memcpy
                0x0000000000006436        0x8 zephyr/kernel/libkernel.a(init.c.obj)
                0x0000000000006436                z_early_memcpy
 .text.create_free_list
                0x000000000000643e       0x2e zephyr/kernel/libkernel.a(mem_slab.c.obj)
 .text.k_mem_slab_init
                0x000000000000646c       0x1c zephyr/kernel/libkernel.a(mem_slab.c.obj)
                0x000000000000646c                k_mem_slab_init
 .text.k_mem_slab_free
                0x0000000000006488       0x5e zephyr/kernel/libkernel.a(mem_slab.c.obj)
                0x0000000000006488                k_mem_slab_free
 .text.setup_thread_stack
                0x00000000000064e6       0x18 zephyr/kernel/libkernel.a(thread.c.obj)
 .text.k_is_in_isr
                0x00000000000064fe        0xc zephyr/kernel/libkernel.a(thread.c.obj)
                0x00000000000064fe                k_is_in_isr
 .text.z_impl_k_thread_start
                0x000000000000650a        0x8 zephyr/kernel/libkernel.a(thread.c.obj)
                0x000000000000650a                z_impl_k_thread_start
 .text.z_init_thread_base
                0x0000000000006512       0x16 zephyr/kernel/libkernel.a(thread.c.obj)
                0x0000000000006512                z_init_thread_base
 .text.z_pm_save_idle_exit
                0x0000000000006528        0xc zephyr/kernel/libkernel.a(idle.c.obj)
                0x0000000000006528                z_pm_save_idle_exit
 .text.new_prio_for_inheritance
                0x0000000000006534       0x16 zephyr/kernel/libkernel.a(mutex.c.obj)
 .text.adjust_owner_prio
                0x000000000000654a       0x16 zephyr/kernel/libkernel.a(mutex.c.obj)
 .text.z_impl_k_mutex_init
                0x0000000000006560        0xe zephyr/kernel/libkernel.a(mutex.c.obj)
                0x0000000000006560                z_impl_k_mutex_init
 .text.thread_active_elsewhere
                0x000000000000656e        0x4 zephyr/kernel/libkernel.a(sched.c.obj)
 .text.pended_on_thread
                0x0000000000006572        0x4 zephyr/kernel/libkernel.a(sched.c.obj)
 .text.z_sched_prio_cmp
                0x0000000000006576       0x14 zephyr/kernel/libkernel.a(sched.c.obj)
                0x0000000000006576                z_sched_prio_cmp
 .text.z_reschedule_irqlock
                0x000000000000658a       0x1c zephyr/kernel/libkernel.a(sched.c.obj)
                0x000000000000658a                z_reschedule_irqlock
 .text.z_reschedule_unlocked
                0x00000000000065a6       0x18 zephyr/kernel/libkernel.a(sched.c.obj)
 .text.z_priq_dumb_remove
                0x00000000000065be       0x10 zephyr/kernel/libkernel.a(sched.c.obj)
                0x00000000000065be                z_priq_dumb_remove
 .text.unpend_thread_no_timeout
                0x00000000000065ce       0x1c zephyr/kernel/libkernel.a(sched.c.obj)
 .text.z_priq_dumb_best
                0x00000000000065ea        0xe zephyr/kernel/libkernel.a(sched.c.obj)
                0x00000000000065ea                z_priq_dumb_best
 .text.z_ready_thread
                0x00000000000065f8       0x38 zephyr/kernel/libkernel.a(sched.c.obj)
                0x00000000000065f8                z_ready_thread
 .text.z_thread_timeout
                0x0000000000006630       0x5e zephyr/kernel/libkernel.a(sched.c.obj)
                0x0000000000006630                z_thread_timeout
 .text.unpend_all
                0x000000000000668e       0x2a zephyr/kernel/libkernel.a(sched.c.obj)
 .text.add_to_waitq_locked
                0x00000000000066b8       0x56 zephyr/kernel/libkernel.a(sched.c.obj)
 .text.pend_locked
                0x000000000000670e       0x18 zephyr/kernel/libkernel.a(sched.c.obj)
 .text.z_unpend_first_thread
                0x0000000000006726       0x44 zephyr/kernel/libkernel.a(sched.c.obj)
                0x0000000000006726                z_unpend_first_thread
 .text.init_ready_q
                0x000000000000676a        0x8 zephyr/kernel/libkernel.a(sched.c.obj)
                0x000000000000676a                init_ready_q
 .text.remove_timeout
                0x0000000000006772       0x2e zephyr/kernel/libkernel.a(timeout.c.obj)
 .text.z_abort_timeout
                0x00000000000067a0       0x3c zephyr/kernel/libkernel.a(timeout.c.obj)
                0x00000000000067a0                z_abort_timeout
 .text.z_get_next_timeout_expiry
                0x00000000000067dc       0x2e zephyr/kernel/libkernel.a(timeout.c.obj)
                0x00000000000067dc                z_get_next_timeout_expiry
 .text.z_set_timeout_expiry
                0x000000000000680a       0x56 zephyr/kernel/libkernel.a(timeout.c.obj)
                0x000000000000680a                z_set_timeout_expiry
 .text.sys_clock_tick_get_32
                0x0000000000006860        0x8 zephyr/kernel/libkernel.a(timeout.c.obj)
                0x0000000000006860                sys_clock_tick_get_32
 .text.z_impl_k_busy_wait
                0x0000000000006868        0xc zephyr/kernel/libkernel.a(timeout.c.obj)
                0x0000000000006868                z_impl_k_busy_wait
 .text._OffsetAbsSyms
                0x0000000000006874        0x2 zephyr/CMakeFiles/offsets.dir/./arch/arm/core/offsets/offsets.c.obj
                0x0000000000006874                _OffsetAbsSyms
 *(SORT_BY_ALIGNMENT(.TEXT.*))
 *(SORT_BY_ALIGNMENT(.gnu.linkonce.t.*))
 *(SORT_BY_ALIGNMENT(.glue_7t))
 .glue_7t       0x0000000000006876        0x0 linker stubs
 *(SORT_BY_ALIGNMENT(.glue_7))
 .glue_7        0x0000000000006876        0x0 linker stubs
 *(SORT_BY_ALIGNMENT(.vfp11_veneer))
 .vfp11_veneer  0x0000000000006876        0x0 linker stubs
 *(SORT_BY_ALIGNMENT(.v4_bx))
 .v4_bx         0x0000000000006876        0x0 linker stubs
                0x0000000000006878                . = ALIGN (0x4)
 *fill*         0x0000000000006876        0x2 
                0x0000000000006878                __text_region_end = .

.ARM.exidx      0x0000000000006878        0x8
                0x0000000000006878                __exidx_start = .
 *(SORT_BY_ALIGNMENT(.ARM.exidx*) SORT_BY_ALIGNMENT(gnu.linkonce.armexidx.*))
 .ARM.exidx     0x0000000000006878        0x8 d:/software/ncs/toolchains/v2.3.0/opt/zephyr-sdk/arm-zephyr-eabi/bin/../lib/gcc/arm-zephyr-eabi/12.1.0/thumb/v8-m.main/nofp\libgcc.a(_udivmoddi4.o)
                0x0000000000006880                __exidx_end = .
                0x0000000000006880                __rodata_region_start = .

initlevel       0x0000000000006880       0x50
                0x0000000000006880                __init_start = .
                0x0000000000006880                __init_EARLY_start = .
 *(SORT_BY_NAME(SORT_BY_ALIGNMENT(.z_init_EARLY[0-9]_*)))
 *(SORT_BY_NAME(SORT_BY_ALIGNMENT(.z_init_EARLY[1-9][0-9]_*)))
                0x0000000000006880                __init_PRE_KERNEL_1_start = .
 *(SORT_BY_NAME(SORT_BY_ALIGNMENT(.z_init_PRE_KERNEL_1[0-9]_*)))
 .z_init_PRE_KERNEL_10_
                0x0000000000006880        0x8 zephyr/libzephyr.a(soc.c.obj)
 *(SORT_BY_NAME(SORT_BY_ALIGNMENT(.z_init_PRE_KERNEL_1[1-9][0-9]_*)))
 .z_init_PRE_KERNEL_130_
                0x0000000000006888        0x8 zephyr/drivers/clock_control/libdrivers__clock_control.a(clock_control_nrf.c.obj)
 .z_init_PRE_KERNEL_130_
                0x0000000000006890        0x8 zephyr/kernel/libkernel.a(mem_slab.c.obj)
 .z_init_PRE_KERNEL_140_
                0x0000000000006898       0x10 zephyr/drivers/gpio/libdrivers__gpio.a(gpio_nrfx.c.obj)
 .z_init_PRE_KERNEL_140_
                0x00000000000068a8        0x8 modules/nrf/drivers/hw_cc310/lib..__nrf__drivers__hw_cc310.a(hw_cc310.c.obj)
 .z_init_PRE_KERNEL_155_
                0x00000000000068b0        0x8 zephyr/drivers/serial/libdrivers__serial.a(uart_nrfx_uarte.c.obj)
 .z_init_PRE_KERNEL_160_
                0x00000000000068b8        0x8 zephyr/drivers/console/libdrivers__console.a(uart_console.c.obj)
                0x00000000000068c0                __init_PRE_KERNEL_2_start = .
 *(SORT_BY_NAME(SORT_BY_ALIGNMENT(.z_init_PRE_KERNEL_2[0-9]_*)))
 .z_init_PRE_KERNEL_20_
                0x00000000000068c0        0x8 zephyr/drivers/timer/libdrivers__timer.a(nrf_rtc_timer.c.obj)
 *(SORT_BY_NAME(SORT_BY_ALIGNMENT(.z_init_PRE_KERNEL_2[1-9][0-9]_*)))
                0x00000000000068c8                __init_POST_KERNEL_start = .
 *(SORT_BY_NAME(SORT_BY_ALIGNMENT(.z_init_POST_KERNEL[0-9]_*)))
 *(SORT_BY_NAME(SORT_BY_ALIGNMENT(.z_init_POST_KERNEL[1-9][0-9]_*)))
 .z_init_POST_KERNEL40_
                0x00000000000068c8        0x8 modules/nrf/drivers/hw_cc310/lib..__nrf__drivers__hw_cc310.a(hw_cc310.c.obj)
                0x00000000000068d0                __init_APPLICATION_start = .
 *(SORT_BY_NAME(SORT_BY_ALIGNMENT(.z_init_APPLICATION[0-9]_*)))
 *(SORT_BY_NAME(SORT_BY_ALIGNMENT(.z_init_APPLICATION[1-9][0-9]_*)))
                0x00000000000068d0                __init_SMP_start = .
 *(SORT_BY_NAME(SORT_BY_ALIGNMENT(.z_init_SMP[0-9]_*)))
 *(SORT_BY_NAME(SORT_BY_ALIGNMENT(.z_init_SMP[1-9][0-9]_*)))
                0x00000000000068d0                __init_end = .

devices         0x00000000000068d0       0x60
                0x00000000000068d0                __device_start = .
                0x00000000000068d0                __device_EARLY_start = .
 *(SORT_BY_NAME(SORT_BY_ALIGNMENT(.z_device_EARLY[0-9]_*)))
 *(SORT_BY_NAME(SORT_BY_ALIGNMENT(.z_device_EARLY[1-9][0-9]_*)))
                0x00000000000068d0                __device_PRE_KERNEL_1_start = .
 *(SORT_BY_NAME(SORT_BY_ALIGNMENT(.z_device_PRE_KERNEL_1[0-9]_*)))
 *(SORT_BY_NAME(SORT_BY_ALIGNMENT(.z_device_PRE_KERNEL_1[1-9][0-9]_*)))
 .z_device_PRE_KERNEL_130_
                0x00000000000068d0       0x18 zephyr/drivers/clock_control/libdrivers__clock_control.a(clock_control_nrf.c.obj)
                0x00000000000068d0                __device_dts_ord_76
 .z_device_PRE_KERNEL_140_
                0x00000000000068e8       0x30 zephyr/drivers/gpio/libdrivers__gpio.a(gpio_nrfx.c.obj)
                0x00000000000068e8                __device_dts_ord_30
                0x0000000000006900                __device_dts_ord_9
 .z_device_PRE_KERNEL_155_
                0x0000000000006918       0x18 zephyr/drivers/serial/libdrivers__serial.a(uart_nrfx_uarte.c.obj)
                0x0000000000006918                __device_dts_ord_117
                0x0000000000006930                __device_PRE_KERNEL_2_start = .
 *(SORT_BY_NAME(SORT_BY_ALIGNMENT(.z_device_PRE_KERNEL_2[0-9]_*)))
 *(SORT_BY_NAME(SORT_BY_ALIGNMENT(.z_device_PRE_KERNEL_2[1-9][0-9]_*)))
                0x0000000000006930                __device_POST_KERNEL_start = .
 *(SORT_BY_NAME(SORT_BY_ALIGNMENT(.z_device_POST_KERNEL[0-9]_*)))
 *(SORT_BY_NAME(SORT_BY_ALIGNMENT(.z_device_POST_KERNEL[1-9][0-9]_*)))
                0x0000000000006930                __device_APPLICATION_start = .
 *(SORT_BY_NAME(SORT_BY_ALIGNMENT(.z_device_APPLICATION[0-9]_*)))
 *(SORT_BY_NAME(SORT_BY_ALIGNMENT(.z_device_APPLICATION[1-9][0-9]_*)))
                0x0000000000006930                __device_SMP_start = .
 *(SORT_BY_NAME(SORT_BY_ALIGNMENT(.z_device_SMP[0-9]_*)))
 *(SORT_BY_NAME(SORT_BY_ALIGNMENT(.z_device_SMP[1-9][0-9]_*)))
                0x0000000000006930                __device_end = .

sw_isr_table    0x0000000000006930      0x228
                0x0000000000006930                . = ALIGN (0x4)
 *(SORT_BY_ALIGNMENT(.gnu.linkonce.sw_isr_table*))
 .gnu.linkonce.sw_isr_table
                0x0000000000006930      0x228 zephyr/arch/common/libisr_tables.a(isr_tables.c.obj)
                0x0000000000006930                _sw_isr_table

initlevel_error
                0x0000000000006880        0x0
 *(SORT_BY_NAME(SORT_BY_ALIGNMENT(.z_init_[_A-Z0-9]*)))
                0x0000000000000001                ASSERT ((SIZEOF (initlevel_error) == 0x0), Undefined initialization levels used.)

app_shmem_regions
                0x0000000000006b58        0x0
                0x0000000000006b58                __app_shmem_regions_start = .
 *(SORT_BY_NAME(SORT_BY_ALIGNMENT(.app_regions.*)))
                0x0000000000006b58                __app_shmem_regions_end = .

k_p4wq_initparam_area
                0x0000000000006b58        0x0
                0x0000000000006b58                _k_p4wq_initparam_list_start = .
 *(SORT_BY_NAME(SORT_BY_ALIGNMENT(._k_p4wq_initparam.static.*)))
                0x0000000000006b58                _k_p4wq_initparam_list_end = .

_static_thread_data_area
                0x0000000000006b58        0x0
                0x0000000000006b58                __static_thread_data_list_start = .
 *(SORT_BY_NAME(SORT_BY_ALIGNMENT(.__static_thread_data.static.*)))
                0x0000000000006b58                __static_thread_data_list_end = .

device_handles  0x0000000000006b58       0x18
                0x0000000000006b58                __device_handles_start = .
 *(SORT_BY_NAME(SORT_BY_ALIGNMENT(.__device_handles_pass2*)))
 .__device_handles_pass2
                0x0000000000006b58       0x18 zephyr/CMakeFiles/zephyr_pre1.dir/dev_handles.c.obj
                0x0000000000006b58                __devicehdl_dts_ord_117
                0x0000000000006b5e                __devicehdl_dts_ord_9
                0x0000000000006b64                __devicehdl_dts_ord_30
                0x0000000000006b6a                __devicehdl_dts_ord_76
                0x0000000000006b70                __device_handles_end = .

ztest           0x0000000000006b70        0x0
                0x0000000000006b70                _ztest_expected_result_entry_list_start = .
 *(SORT_BY_NAME(SORT_BY_ALIGNMENT(._ztest_expected_result_entry.static.*)))
                0x0000000000006b70                _ztest_expected_result_entry_list_end = .
                0x0000000000006b70                _ztest_suite_node_list_start = .
 *(SORT_BY_NAME(SORT_BY_ALIGNMENT(._ztest_suite_node.static.*)))
                0x0000000000006b70                _ztest_suite_node_list_end = .
                0x0000000000006b70                _ztest_unit_test_list_start = .
 *(SORT_BY_NAME(SORT_BY_ALIGNMENT(._ztest_unit_test.static.*)))
                0x0000000000006b70                _ztest_unit_test_list_end = .
                0x0000000000006b70                _ztest_test_rule_list_start = .
 *(SORT_BY_NAME(SORT_BY_ALIGNMENT(._ztest_test_rule.static.*)))
                0x0000000000006b70                _ztest_test_rule_list_end = .

bt_l2cap_fixed_chan_area
                0x0000000000006b70        0x0
                0x0000000000006b70                _bt_l2cap_fixed_chan_list_start = .
 *(SORT_BY_NAME(SORT_BY_ALIGNMENT(._bt_l2cap_fixed_chan.static.*)))
                0x0000000000006b70                _bt_l2cap_fixed_chan_list_end = .

bt_gatt_service_static_area
                0x0000000000006b70        0x0
                0x0000000000006b70                _bt_gatt_service_static_list_start = .
 *(SORT_BY_NAME(SORT_BY_ALIGNMENT(._bt_gatt_service_static.static.*)))
                0x0000000000006b70                _bt_gatt_service_static_list_end = .

log_strings_sections
                0x0000000000006b70        0x0
                0x0000000000006b70                __log_strings_start = .
 *(SORT_BY_NAME(SORT_BY_ALIGNMENT(.log_strings*)))
                0x0000000000006b70                __log_strings_end = .

log_const_sections
                0x0000000000006b70       0x58
                0x0000000000006b70                __log_const_start = .
 *(SORT_BY_NAME(SORT_BY_ALIGNMENT(.log_const_*)))
 .log_const_NRFX_CLOCK
                0x0000000000006b70        0x8 modules/hal_nordic/nrfx/libmodules__hal_nordic__nrfx.a(nrfx_clock.c.obj)
                0x0000000000006b70                log_const_NRFX_CLOCK
 .log_const_NRFX_DPPI
                0x0000000000006b78        0x8 modules/hal_nordic/nrfx/libmodules__hal_nordic__nrfx.a(nrfx_dppi.c.obj)
                0x0000000000006b78                log_const_NRFX_DPPI
 .log_const_NRFX_GPIOTE
                0x0000000000006b80        0x8 modules/hal_nordic/nrfx/libmodules__hal_nordic__nrfx.a(nrfx_gpiote.c.obj)
                0x0000000000006b80                log_const_NRFX_GPIOTE
 .log_const_cbprintf_package
                0x0000000000006b88        0x8 zephyr/libzephyr.a(cbprintf_packaged.c.obj)
                0x0000000000006b88                log_const_cbprintf_package
 .log_const_clock_control
                0x0000000000006b90        0x8 zephyr/drivers/clock_control/libdrivers__clock_control.a(clock_control_nrf.c.obj)
                0x0000000000006b90                log_const_clock_control
 .log_const_fatal_error
                0x0000000000006b98        0x8 modules/nrf/lib/fatal_error/lib..__nrf__lib__fatal_error.a(fatal_error.c.obj)
                0x0000000000006b98                log_const_fatal_error
 .log_const_mpu
                0x0000000000006ba0        0x8 zephyr/arch/arch/arm/core/aarch32/mpu/libarch__arm__core__aarch32__mpu.a(arm_core_mpu.c.obj)
                0x0000000000006ba0                log_const_mpu
 .log_const_os  0x0000000000006ba8        0x8 zephyr/kernel/libkernel.a(init.c.obj)
                0x0000000000006ba8                log_const_os
 .log_const_pm  0x0000000000006bb0        0x8 zephyr/libzephyr.a(pm.c.obj)
                0x0000000000006bb0                log_const_pm
 .log_const_soc
                0x0000000000006bb8        0x8 zephyr/libzephyr.a(soc.c.obj)
                0x0000000000006bb8                log_const_soc
 .log_const_uart_nrfx_uarte
                0x0000000000006bc0        0x8 zephyr/drivers/serial/libdrivers__serial.a(uart_nrfx_uarte.c.obj)
                0x0000000000006bc0                log_const_uart_nrfx_uarte
                0x0000000000006bc8                __log_const_end = .

log_backend_area
                0x0000000000006bc8        0x0
                0x0000000000006bc8                _log_backend_list_start = .
 *(SORT_BY_NAME(SORT_BY_ALIGNMENT(._log_backend.static.*)))
                0x0000000000006bc8                _log_backend_list_end = .

log_link_area   0x0000000000006bc8        0x0
                0x0000000000006bc8                _log_link_list_start = .
 *(SORT_BY_NAME(SORT_BY_ALIGNMENT(._log_link.static.*)))
                0x0000000000006bc8                _log_link_list_end = .

tracing_backend_area
                0x0000000000006bc8        0x0
                0x0000000000006bc8                _tracing_backend_list_start = .
 *(SORT_BY_NAME(SORT_BY_ALIGNMENT(._tracing_backend.static.*)))
                0x0000000000006bc8                _tracing_backend_list_end = .

zephyr_dbg_info
                0x0000000000006bc8       0x40
 *(SORT_BY_ALIGNMENT(.dbg_thread_info))
 .dbg_thread_info
                0x0000000000006bc8       0x40 zephyr/libzephyr.a(thread_info.c.obj)
                0x0000000000006bc8                _kernel_openocd_size_t_size
                0x0000000000006bc8                _kernel_thread_info_size_t_size
                0x0000000000006bcc                _kernel_openocd_num_offsets
                0x0000000000006bcc                _kernel_thread_info_num_offsets
                0x0000000000006bd0                _kernel_openocd_offsets
                0x0000000000006bd0                _kernel_thread_info_offsets

symbol_to_keep  0x0000000000006c08        0x0
                0x0000000000006c08                __symbol_to_keep_start = .
 *(SORT_BY_NAME(SORT_BY_ALIGNMENT(.symbol_to_keep*)))
                0x0000000000006c08                __symbol_to_keep_end = .

shell_area      0x0000000000006c08        0x0
                0x0000000000006c08                _shell_list_start = .
 *(SORT_BY_NAME(SORT_BY_ALIGNMENT(._shell.static.*)))
                0x0000000000006c08                _shell_list_end = .

shell_root_cmds_sections
                0x0000000000006c08        0x0
                0x0000000000006c08                __shell_root_cmds_start = .
 *(SORT_BY_NAME(SORT_BY_ALIGNMENT(.shell_root_cmd_*)))
                0x0000000000006c08                __shell_root_cmds_end = .

shell_subcmds_sections
                0x0000000000006c08        0x0
                0x0000000000006c08                __shell_subcmds_start = .
 *(SORT_BY_NAME(SORT_BY_ALIGNMENT(.shell_subcmd_*)))
                0x0000000000006c08                __shell_subcmds_end = .

shell_dynamic_subcmds_sections
                0x0000000000006c08        0x0
                0x0000000000006c08                __shell_dynamic_subcmds_start = .
 *(SORT_BY_NAME(SORT_BY_ALIGNMENT(.shell_dynamic_subcmd_*)))
                0x0000000000006c08                __shell_dynamic_subcmds_end = .

font_entry_sections
                0x0000000000006c08        0x0
                0x0000000000006c08                __font_entry_start = .
 *(SORT_BY_NAME(SORT_BY_ALIGNMENT(._cfb_font.*)))
                0x0000000000006c08                __font_entry_end = .

rodata          0x0000000000006c10      0x394
 *(SORT_BY_ALIGNMENT(.rodata))
 .rodata        0x0000000000006c10        0x8 modules/hal_nordic/nrfx/libmodules__hal_nordic__nrfx.a(nrfx_gpiote.c.obj)
 *(SORT_BY_ALIGNMENT(.rodata.*))
 *fill*         0x0000000000006c18        0x8 
 .rodata.delay_machine_code.0
                0x0000000000006c20        0x6 zephyr/libzephyr.a(soc.c.obj)
 *fill*         0x0000000000006c26        0x2 
 .rodata.main.str1.4
                0x0000000000006c28       0x1e app/libapp.a(main.c.obj)
 *fill*         0x0000000000006c46        0x2 
 .rodata.str1.4
                0x0000000000006c48       0x11 zephyr/libzephyr.a(cbprintf_packaged.c.obj)
 *fill*         0x0000000000006c59        0x3 
 .rodata.z_cbvprintf_impl.str1.4
                0x0000000000006c5c        0x6 zephyr/libzephyr.a(cbprintf_complete.c.obj)
 *fill*         0x0000000000006c62        0x2 
 .rodata.sys_reboot.str1.4
                0x0000000000006c64       0x29 zephyr/libzephyr.a(reboot.c.obj)
 *fill*         0x0000000000006c8d        0x3 
 .rodata.str1.4
                0x0000000000006c90        0x4 zephyr/libzephyr.a(soc.c.obj)
 .rodata.str1.4
                0x0000000000006c94        0x3 zephyr/libzephyr.a(pm.c.obj)
 *fill*         0x0000000000006c97        0x1 
 .rodata.pmstates_DT_N_S_cpus_S_cpu_0
                0x0000000000006c98        0x0 zephyr/libzephyr.a(state.c.obj)
 .rodata.apis   0x0000000000006c98        0x8 zephyr/libzephyr.a(nrf_cc3xx_platform_abort_zephyr.c.obj)
 .rodata.mutex_free_platform.str1.4
                0x0000000000006ca0       0x26 zephyr/libzephyr.a(nrf_cc3xx_platform_mutex_zephyr.c.obj)
 *fill*         0x0000000000006cc6        0x2 
 .rodata.mutex_init_platform.str1.4
                0x0000000000006cc8       0x2d zephyr/libzephyr.a(nrf_cc3xx_platform_mutex_zephyr.c.obj)
 *fill*         0x0000000000006cf5        0x3 
 .rodata.mutexes
                0x0000000000006cf8       0x14 zephyr/libzephyr.a(nrf_cc3xx_platform_mutex_zephyr.c.obj)
 .rodata.mutex_apis
                0x0000000000006d0c       0x10 zephyr/libzephyr.a(nrf_cc3xx_platform_mutex_zephyr.c.obj)
 .rodata.static_regions
                0x0000000000006d1c        0xc zephyr/arch/arch/arm/core/aarch32/mpu/libarch__arm__core__aarch32__mpu.a(arm_core_mpu.c.obj)
 .rodata.str1.4
                0x0000000000006d28        0x4 zephyr/arch/arch/arm/core/aarch32/mpu/libarch__arm__core__aarch32__mpu.a(arm_core_mpu.c.obj)
 .rodata.mpu_config
                0x0000000000006d2c        0x8 zephyr/soc/arm/common/cortex_m/libsoc__arm__common__cortex_m.a(arm_mpu_regions.c.obj)
                0x0000000000006d2c                mpu_config
 .rodata.str1.4
                0x0000000000006d34        0xf zephyr/soc/arm/common/cortex_m/libsoc__arm__common__cortex_m.a(arm_mpu_regions.c.obj)
 *fill*         0x0000000000006d43        0x1 
 .rodata.mpu_regions
                0x0000000000006d44       0x20 zephyr/soc/arm/common/cortex_m/libsoc__arm__common__cortex_m.a(arm_mpu_regions.c.obj)
 .rodata.transitions.0
                0x0000000000006d64        0xc zephyr/drivers/clock_control/libdrivers__clock_control.a(clock_control_nrf.c.obj)
 .rodata.str1.4
                0x0000000000006d70       0x1a zephyr/drivers/clock_control/libdrivers__clock_control.a(clock_control_nrf.c.obj)
 *fill*         0x0000000000006d8a        0x2 
 .rodata.config
                0x0000000000006d8c       0x20 zephyr/drivers/clock_control/libdrivers__clock_control.a(clock_control_nrf.c.obj)
 .rodata.clock_control_api
                0x0000000000006dac       0x1c zephyr/drivers/clock_control/libdrivers__clock_control.a(clock_control_nrf.c.obj)
 .rodata.str1.4
                0x0000000000006dc8       0x18 zephyr/drivers/gpio/libdrivers__gpio.a(gpio_nrfx.c.obj)
 .rodata.gpio_nrfx_p1_cfg
                0x0000000000006de0       0x10 zephyr/drivers/gpio/libdrivers__gpio.a(gpio_nrfx.c.obj)
 .rodata.gpio_nrfx_p0_cfg
                0x0000000000006df0       0x10 zephyr/drivers/gpio/libdrivers__gpio.a(gpio_nrfx.c.obj)
 .rodata.gpio_nrfx_drv_api_funcs
                0x0000000000006e00       0x24 zephyr/drivers/gpio/libdrivers__gpio.a(gpio_nrfx.c.obj)
 .rodata.str1.4
                0x0000000000006e24       0x1c zephyr/drivers/serial/libdrivers__serial.a(uart_nrfx_uarte.c.obj)
 .rodata.uarte_0z_config
                0x0000000000006e40       0x10 zephyr/drivers/serial/libdrivers__serial.a(uart_nrfx_uarte.c.obj)
 .rodata.__pinctrl_dev_config__device_dts_ord_117
                0x0000000000006e50        0xc zephyr/drivers/serial/libdrivers__serial.a(uart_nrfx_uarte.c.obj)
 .rodata.__pinctrl_states__device_dts_ord_117
                0x0000000000006e5c        0x8 zephyr/drivers/serial/libdrivers__serial.a(uart_nrfx_uarte.c.obj)
 .rodata.__pinctrl_state_pins_0__device_dts_ord_117
                0x0000000000006e64       0x10 zephyr/drivers/serial/libdrivers__serial.a(uart_nrfx_uarte.c.obj)
 .rodata.uart_nrfx_uarte_driver_api
                0x0000000000006e74       0x14 zephyr/drivers/serial/libdrivers__serial.a(uart_nrfx_uarte.c.obj)
 .rodata.str1.4
                0x0000000000006e88        0xc modules/nrf/lib/fatal_error/lib..__nrf__lib__fatal_error.a(fatal_error.c.obj)
 .rodata.str1.4
                0x0000000000006e94        0xb modules/hal_nordic/nrfx/libmodules__hal_nordic__nrfx.a(nrfx_clock.c.obj)
 *fill*         0x0000000000006e9f        0x1 
 .rodata.str1.4
                0x0000000000006ea0        0xa modules/hal_nordic/nrfx/libmodules__hal_nordic__nrfx.a(nrfx_dppi.c.obj)
 *fill*         0x0000000000006eaa        0x2 
 .rodata.str1.4
                0x0000000000006eac        0xc modules/hal_nordic/nrfx/libmodules__hal_nordic__nrfx.a(nrfx_gpiote.c.obj)
 .rodata._k_neg_eagain
                0x0000000000006eb8        0x4 zephyr/kernel/libkernel.a(errno.c.obj)
                0x0000000000006eb8                _k_neg_eagain
 .rodata.init_idle_thread.str1.4
                0x0000000000006ebc        0x5 zephyr/kernel/libkernel.a(init.c.obj)
 *fill*         0x0000000000006ec1        0x3 
 .rodata.prepare_multithreading.str1.4
                0x0000000000006ec4        0x5 zephyr/kernel/libkernel.a(init.c.obj)
 *fill*         0x0000000000006ec9        0x3 
 .rodata.levels.0
                0x0000000000006ecc       0x18 zephyr/kernel/libkernel.a(init.c.obj)
 .rodata.str1.4
                0x0000000000006ee4        0x3 zephyr/kernel/libkernel.a(init.c.obj)
 *fill*         0x0000000000006ee7        0x1 
 .rodata.boot_banner.str1.4
                0x0000000000006ee8       0x2e zephyr/kernel/libkernel.a(banner.c.obj)
 *fill*         0x0000000000006f16        0x2 
 .rodata.CSWTCH.10
                0x0000000000006f18       0x20 D:/Software/ncs/v2.3.0/nrfxlib/crypto/nrf_cc312_platform/lib/cortex-m33/soft-float/no-interrupts/libnrf_cc312_platform_0.9.16.a(nrf_cc3xx_platform.c.obj)
 .rodata.mutex_free.str1.4
                0x0000000000006f38       0x26 D:/Software/ncs/v2.3.0/nrfxlib/crypto/nrf_cc312_platform/lib/cortex-m33/soft-float/no-interrupts/libnrf_cc312_platform_0.9.16.a(nrf_cc3xx_platform_mutex.c.obj)
 *fill*         0x0000000000006f5e        0x2 
 .rodata.mutex_init.str1.4
                0x0000000000006f60       0x23 D:/Software/ncs/v2.3.0/nrfxlib/crypto/nrf_cc312_platform/lib/cortex-m33/soft-float/no-interrupts/libnrf_cc312_platform_0.9.16.a(nrf_cc3xx_platform_mutex.c.obj)
 *fill*         0x0000000000006f83        0x1 
 .rodata.CC_PalPowerSaveModeInit.str1.4
                0x0000000000006f84       0x20 D:/Software/ncs/v2.3.0/nrfxlib/crypto/nrf_cc312_platform/lib/cortex-m33/soft-float/no-interrupts/libnrf_cc312_platform_0.9.16.a(cc_pal_pm.c.obj)
 *(SORT_BY_ALIGNMENT(.gnu.linkonce.r.*))
                0x0000000000006fa4                . = ALIGN (0x4)
                0x0000000000006fa4                __rodata_region_end = .
                0x0000000000006fc0                . = ALIGN (_region_min_align)
                0x0000000000006fc0                __rom_region_end = ((__rom_region_start + .) - ADDR (rom_start))

/DISCARD/
 *(SORT_BY_ALIGNMENT(.got.plt))
 *(SORT_BY_ALIGNMENT(.igot.plt))
 *(SORT_BY_ALIGNMENT(.got))
 *(SORT_BY_ALIGNMENT(.igot))
                0x0000000020000000                . = 0x20000000
                0x0000000020000000                . = ALIGN (_region_min_align)
                0x0000000020000000                _image_ram_start = .

.ramfunc        0x0000000020000000        0x0 load address 0x0000000000006fa4
                0x0000000020000000                . = ALIGN (_region_min_align)
                0x0000000020000000                __ramfunc_start = .
 *(SORT_BY_ALIGNMENT(.ramfunc))
 *(SORT_BY_ALIGNMENT(.ramfunc.*))
                0x0000000020000000                . = ALIGN (_region_min_align)
                0x0000000020000000                __ramfunc_end = .
                0x0000000000000000                __ramfunc_size = (__ramfunc_end - __ramfunc_start)
                0x0000000000006fa4                __ramfunc_load_start = LOADADDR (.ramfunc)
